203.0.113.101 - - [27/Feb/2026:18:13:34 +0100] "GET /favicon.ico HTTP/2.0" 200 1024 "https://www.facebook.com/" "Mozilla/5.0 (Macintosh; Intel Mac OS X 10_15_7) AppleWebKit/537.36 (KHTML, like Gecko) Chrome/120.0.0.0 Safari/537.36"
203.0.113.101 - - [27/Feb/2026:18:13:44 +0100] "GET /product.php?id=15 HTTP/2.0" 200 4776 "https://www.google.com/search?q=buy+electronics+online" "Mozilla/5.0 (Macintosh; Intel Mac OS X 10_15_7) AppleWebKit/537.36 (KHTML, like Gecko) Chrome/120.0.0.0 Safari/537.36"
172.16.5.33 - - [27/Feb/2026:18:14:03 +0100] "GET /category.php?cat=electronics HTTP/2.0" 200 10522 "https://brightmall.local/product.php?id=3" "curl/7.88.1"
203.0.113.101 - - [27/Feb/2026:18:14:10 +0100] "GET /sitemap.xml HTTP/1.1" 200 3283 "-" "Mozilla/5.0 (Macintosh; Intel Mac OS X 10_15_7) AppleWebKit/537.36 (KHTML, like Gecko) Chrome/120.0.0.0 Safari/537.36"
203.0.113.101 - - [27/Feb/2026:18:14:13 +0100] "GET /account/profile.php HTTP/1.1" 200 2523 "https://brightmall.local/" "Mozilla/5.0 (Macintosh; Intel Mac OS X 10_15_7) AppleWebKit/537.36 (KHTML, like Gecko) Chrome/120.0.0.0 Safari/537.36"
172.16.5.33 - - [27/Feb/2026:18:14:18 +0100] "GET /search.php?q=laptop HTTP/1.1" 200 7261 "https://www.bing.com/" "curl/7.88.1"
172.16.5.33 - - [27/Feb/2026:18:14:43 +0100] "GET /search.php?q=backpack HTTP/1.1" 200 6929 "https://brightmall.local/" "curl/7.88.1"
172.16.5.33 - - [27/Feb/2026:18:15:03 +0100] "GET /category.php?cat=clothing HTTP/1.1" 200 12210 "-" "curl/7.88.1"
172.16.5.33 - - [27/Feb/2026:18:15:24 +0100] "GET /assets/img/products/p3.jpg HTTP/1.1" 200 32966 "https://www.google.com/" "curl/7.88.1"
192.168.1.88 - - [27/Feb/2026:18:22:10 +0100] "GET /.env HTTP/1.1" 404 264 "https://www.google.com/search?q=brightmall+shop" "Mozilla/5.0 (iPhone; CPU iPhone OS 17_2 like Mac OS X) AppleWebKit/605.1.15 (KHTML, like Gecko) Version/17.2 Mobile/15E148 Safari/604.1"
192.168.1.88 - - [27/Feb/2026:18:22:14 +0100] "GET /category.php?cat=clothing HTTP/2.0" 200 11203 "https://www.google.com/search?q=brightmall+shop" "Mozilla/5.0 (iPhone; CPU iPhone OS 17_2 like Mac OS X) AppleWebKit/605.1.15 (KHTML, like Gecko) Version/17.2 Mobile/15E148 Safari/604.1"
192.168.1.88 - - [27/Feb/2026:18:22:19 +0100] "GET / HTTP/1.1" 200 3597 "https://www.google.com/" "Mozilla/5.0 (iPhone; CPU iPhone OS 17_2 like Mac OS X) AppleWebKit/605.1.15 (KHTML, like Gecko) Version/17.2 Mobile/15E148 Safari/604.1"
192.168.1.88 - - [27/Feb/2026:18:22:41 +0100] "GET /page.php?file=about HTTP/2.0" 200 1942 "https://www.google.com/search?q=brightmall+shop" "Mozilla/5.0 (iPhone; CPU iPhone OS 17_2 like Mac OS X) AppleWebKit/605.1.15 (KHTML, like Gecko) Version/17.2 Mobile/15E148 Safari/604.1"
78.46.91.34 - - [27/Feb/2026:18:22:42 +0100] "GET /assets/js/bootstrap.min.js HTTP/1.1" 200 16384 "https://brightmall.local/" "Mozilla/5.0 (Windows NT 10.0; Win64; x64) AppleWebKit/537.36 (KHTML, like Gecko) Chrome/120.0.0.0 Safari/537.36"
78.46.91.34 - - [27/Feb/2026:18:22:47 +0100] "GET /product.php?id=18 HTTP/1.1" 200 4866 "https://t.co/abc123" "Mozilla/5.0 (Windows NT 10.0; Win64; x64) AppleWebKit/537.36 (KHTML, like Gecko) Chrome/120.0.0.0 Safari/537.36"
78.46.91.34 - - [27/Feb/2026:18:22:56 +0100] "GET /wp-login.php HTTP/2.0" 404 392 "https://brightmall.local/category.php?cat=electronics" "Mozilla/5.0 (Windows NT 10.0; Win64; x64) AppleWebKit/537.36 (KHTML, like Gecko) Chrome/120.0.0.0 Safari/537.36"
192.168.1.88 - - [27/Feb/2026:18:22:59 +0100] "GET /api/products?page=1 HTTP/2.0" 200 7692 "https://www.bing.com/" "Mozilla/5.0 (iPhone; CPU iPhone OS 17_2 like Mac OS X) AppleWebKit/605.1.15 (KHTML, like Gecko) Version/17.2 Mobile/15E148 Safari/604.1"
192.168.1.88 - - [27/Feb/2026:18:23:01 +0100] "GET /account/register.php HTTP/2.0" 200 1862 "-" "Mozilla/5.0 (iPhone; CPU iPhone OS 17_2 like Mac OS X) AppleWebKit/605.1.15 (KHTML, like Gecko) Version/17.2 Mobile/15E148 Safari/604.1"
78.46.91.34 - - [27/Feb/2026:18:23:05 +0100] "GET /page.php?file=faq HTTP/1.1" 200 2195 "https://www.bing.com/" "Mozilla/5.0 (Windows NT 10.0; Win64; x64) AppleWebKit/537.36 (KHTML, like Gecko) Chrome/120.0.0.0 Safari/537.36"
192.168.1.88 - - [27/Feb/2026:18:23:08 +0100] "GET /search.php?q=shoes HTTP/1.1" 200 6990 "https://brightmall.local/cart.php" "Mozilla/5.0 (iPhone; CPU iPhone OS 17_2 like Mac OS X) AppleWebKit/605.1.15 (KHTML, like Gecko) Version/17.2 Mobile/15E148 Safari/604.1"
78.46.91.34 - - [27/Feb/2026:18:23:23 +0100] "GET /page.php?file=shipping HTTP/1.1" 200 1201 "https://www.google.com/search?q=brightmall+shop" "Mozilla/5.0 (Windows NT 10.0; Win64; x64) AppleWebKit/537.36 (KHTML, like Gecko) Chrome/120.0.0.0 Safari/537.36"
78.46.91.34 - - [27/Feb/2026:18:23:32 +0100] "GET /product.php?id=5 HTTP/1.1" 200 4692 "https://www.google.com/search?q=buy+electronics+online" "Mozilla/5.0 (Windows NT 10.0; Win64; x64) AppleWebKit/537.36 (KHTML, like Gecko) Chrome/120.0.0.0 Safari/537.36"
10.0.0.67 - - [27/Feb/2026:18:23:34 +0100] "GET /product.php?id=999 HTTP/1.1" 404 307 "https://www.google.com/" "Mozilla/5.0 (Macintosh; Intel Mac OS X 10_15_7) AppleWebKit/605.1.15 (KHTML, like Gecko) Version/17.2 Safari/605.1.15"
10.0.0.67 - - [27/Feb/2026:18:23:45 +0100] "GET /assets/img/logo.png HTTP/1.1" 200 6093 "https://brightmall.local/" "Mozilla/5.0 (Macintosh; Intel Mac OS X 10_15_7) AppleWebKit/605.1.15 (KHTML, like Gecko) Version/17.2 Safari/605.1.15"
10.0.0.67 - - [27/Feb/2026:18:23:59 +0100] "GET /search.php?q=laptop HTTP/1.1" 200 6089 "-" "Mozilla/5.0 (Macintosh; Intel Mac OS X 10_15_7) AppleWebKit/605.1.15 (KHTML, like Gecko) Version/17.2 Safari/605.1.15"
10.0.0.67 - - [27/Feb/2026:18:24:00 +0100] "GET /assets/js/bootstrap.min.js HTTP/1.1" 200 16384 "https://www.bing.com/" "Mozilla/5.0 (Macintosh; Intel Mac OS X 10_15_7) AppleWebKit/605.1.15 (KHTML, like Gecko) Version/17.2 Safari/605.1.15"
10.0.0.67 - - [27/Feb/2026:18:24:28 +0100] "GET / HTTP/1.1" 200 2644 "https://www.bing.com/" "Mozilla/5.0 (Macintosh; Intel Mac OS X 10_15_7) AppleWebKit/605.1.15 (KHTML, like Gecko) Version/17.2 Safari/605.1.15"
10.0.0.67 - - [27/Feb/2026:18:24:57 +0100] "GET /assets/js/main.js HTTP/1.1" 200 3920 "https://brightmall.local/products.php" "Mozilla/5.0 (Macintosh; Intel Mac OS X 10_15_7) AppleWebKit/605.1.15 (KHTML, like Gecko) Version/17.2 Safari/605.1.15"
10.0.0.67 - - [27/Feb/2026:18:25:24 +0100] "GET /assets/img/products/p4.jpg HTTP/1.1" 200 57194 "https://brightmall.local/category.php?cat=electronics" "Mozilla/5.0 (Macintosh; Intel Mac OS X 10_15_7) AppleWebKit/605.1.15 (KHTML, like Gecko) Version/17.2 Safari/605.1.15"
10.0.0.67 - - [27/Feb/2026:18:25:29 +0100] "GET /.env HTTP/1.1" 404 424 "https://www.google.com/search?q=brightmall+shop" "Mozilla/5.0 (Macintosh; Intel Mac OS X 10_15_7) AppleWebKit/605.1.15 (KHTML, like Gecko) Version/17.2 Safari/605.1.15"
10.0.0.67 - - [27/Feb/2026:18:25:49 +0100] "GET /page.php?file=terms HTTP/1.1" 200 2237 "https://www.bing.com/" "Mozilla/5.0 (Macintosh; Intel Mac OS X 10_15_7) AppleWebKit/605.1.15 (KHTML, like Gecko) Version/17.2 Safari/605.1.15"
10.0.0.67 - - [27/Feb/2026:18:26:01 +0100] "GET /product.php?id=12 HTTP/1.1" 200 3867 "https://brightmall.local/products.php" "Mozilla/5.0 (Macintosh; Intel Mac OS X 10_15_7) AppleWebKit/605.1.15 (KHTML, like Gecko) Version/17.2 Safari/605.1.15"
10.0.0.67 - - [27/Feb/2026:18:26:13 +0100] "GET /assets/js/jquery.min.js HTTP/1.1" 200 32768 "https://www.facebook.com/" "Mozilla/5.0 (Macintosh; Intel Mac OS X 10_15_7) AppleWebKit/605.1.15 (KHTML, like Gecko) Version/17.2 Safari/605.1.15"
91.189.92.10 - - [27/Feb/2026:18:28:17 +0100] "GET /assets/css/style.css HTTP/2.0" 200 12115 "https://www.google.com/search?q=buy+electronics+online" "Mozilla/5.0 (X11; Linux x86_64) AppleWebKit/537.36 (KHTML, like Gecko) Chrome/120.0.0.0 Safari/537.36"
192.168.1.112 - - [27/Feb/2026:18:28:23 +0100] "GET /assets/css/style.css HTTP/2.0" 200 9520 "https://www.facebook.com/" "Mozilla/5.0 (Macintosh; Intel Mac OS X 10_15_7) AppleWebKit/537.36 (KHTML, like Gecko) Chrome/120.0.0.0 Safari/537.36"
192.168.1.112 - - [27/Feb/2026:18:28:36 +0100] "GET /product.php?id=12 HTTP/1.1" 200 4725 "https://brightmall.local/cart.php" "Mozilla/5.0 (Macintosh; Intel Mac OS X 10_15_7) AppleWebKit/537.36 (KHTML, like Gecko) Chrome/120.0.0.0 Safari/537.36"
91.189.92.10 - - [27/Feb/2026:18:28:37 +0100] "GET /product.php?id=11 HTTP/1.1" 200 3180 "https://t.co/abc123" "Mozilla/5.0 (X11; Linux x86_64) AppleWebKit/537.36 (KHTML, like Gecko) Chrome/120.0.0.0 Safari/537.36"
192.168.1.112 - - [27/Feb/2026:18:28:39 +0100] "GET /category.php?cat=books HTTP/1.1" 200 7479 "https://brightmall.local/account/login.php" "Mozilla/5.0 (Macintosh; Intel Mac OS X 10_15_7) AppleWebKit/537.36 (KHTML, like Gecko) Chrome/120.0.0.0 Safari/537.36"
192.168.1.112 - - [27/Feb/2026:18:28:41 +0100] "GET /product.php?id=19 HTTP/1.1" 200 4660 "https://brightmall.local/cart.php" "Mozilla/5.0 (Macintosh; Intel Mac OS X 10_15_7) AppleWebKit/537.36 (KHTML, like Gecko) Chrome/120.0.0.0 Safari/537.36"
91.189.92.10 - - [27/Feb/2026:18:29:01 +0100] "GET /assets/js/main.js HTTP/1.1" 200 4040 "https://brightmall.local/" "Mozilla/5.0 (X11; Linux x86_64) AppleWebKit/537.36 (KHTML, like Gecko) Chrome/120.0.0.0 Safari/537.36"
192.168.1.112 - - [27/Feb/2026:18:29:06 +0100] "GET /assets/img/products/p4.jpg HTTP/1.1" 200 44575 "https://brightmall.local/" "Mozilla/5.0 (Macintosh; Intel Mac OS X 10_15_7) AppleWebKit/537.36 (KHTML, like Gecko) Chrome/120.0.0.0 Safari/537.36"
91.189.92.10 - - [27/Feb/2026:18:29:15 +0100] "GET /page.php?file=about HTTP/2.0" 200 1544 "https://www.google.com/search?q=buy+electronics+online" "Mozilla/5.0 (X11; Linux x86_64) AppleWebKit/537.36 (KHTML, like Gecko) Chrome/120.0.0.0 Safari/537.36"
192.168.1.112 - - [27/Feb/2026:18:29:23 +0100] "GET /assets/img/products/p1.jpg HTTP/1.1" 200 49855 "https://www.google.com/" "Mozilla/5.0 (Macintosh; Intel Mac OS X 10_15_7) AppleWebKit/537.36 (KHTML, like Gecko) Chrome/120.0.0.0 Safari/537.36"
91.189.92.44 - - [27/Feb/2026:18:29:42 +0100] "POST /account/login.php HTTP/1.1" 200 2343 "https://brightmall.local/account/login.php" "Mozilla/5.0 (Macintosh; Intel Mac OS X 10_15_7) AppleWebKit/605.1.15 (KHTML, like Gecko) Version/17.2 Safari/605.1.15"
192.168.1.112 - - [27/Feb/2026:18:29:48 +0100] "GET /assets/js/jquery.min.js HTTP/1.1" 200 32768 "https://brightmall.local/cart.php" "Mozilla/5.0 (Macintosh; Intel Mac OS X 10_15_7) AppleWebKit/537.36 (KHTML, like Gecko) Chrome/120.0.0.0 Safari/537.36"
91.189.92.44 - - [27/Feb/2026:18:29:50 +0100] "POST /account/login.php HTTP/1.1" 302 0 "https://brightmall.local/account/login.php" "Mozilla/5.0 (Macintosh; Intel Mac OS X 10_15_7) AppleWebKit/605.1.15 (KHTML, like Gecko) Version/17.2 Safari/605.1.15"
192.168.1.112 - - [27/Feb/2026:18:30:12 +0100] "GET /assets/css/bootstrap.min.css HTTP/1.1" 200 23847 "https://www.google.com/search?q=brightmall+shop" "Mozilla/5.0 (Macintosh; Intel Mac OS X 10_15_7) AppleWebKit/537.36 (KHTML, like Gecko) Chrome/120.0.0.0 Safari/537.36"
192.168.1.112 - - [27/Feb/2026:18:30:16 +0100] "GET /product.php?id=12 HTTP/1.1" 200 4682 "https://www.google.com/search?q=brightmall+shop" "Mozilla/5.0 (Macintosh; Intel Mac OS X 10_15_7) AppleWebKit/537.36 (KHTML, like Gecko) Chrome/120.0.0.0 Safari/537.36"
192.168.1.112 - - [27/Feb/2026:18:30:22 +0100] "GET /product.php?id=5 HTTP/1.1" 200 4290 "https://brightmall.local/products.php" "Mozilla/5.0 (Macintosh; Intel Mac OS X 10_15_7) AppleWebKit/537.36 (KHTML, like Gecko) Chrome/120.0.0.0 Safari/537.36"
192.168.1.112 - - [27/Feb/2026:18:30:48 +0100] "GET /category.php?cat=books HTTP/1.1" 200 9642 "https://www.facebook.com/" "Mozilla/5.0 (Macintosh; Intel Mac OS X 10_15_7) AppleWebKit/537.36 (KHTML, like Gecko) Chrome/120.0.0.0 Safari/537.36"
192.168.1.112 - - [27/Feb/2026:18:30:54 +0100] "GET /assets/js/main.js HTTP/1.1" 200 3474 "https://t.co/abc123" "Mozilla/5.0 (Macintosh; Intel Mac OS X 10_15_7) AppleWebKit/537.36 (KHTML, like Gecko) Chrome/120.0.0.0 Safari/537.36"
198.51.100.55 - - [27/Feb/2026:18:31:59 +0100] "GET /page.php?file=privacy HTTP/1.1" 200 3051 "https://brightmall.local/cart.php" "Mozilla/5.0 (compatible; Googlebot/2.1; +http://www.google.com/bot.html)"
198.51.100.55 - - [27/Feb/2026:18:32:25 +0100] "GET /product.php?id=4 HTTP/2.0" 200 4649 "https://brightmall.local/products.php" "Mozilla/5.0 (compatible; Googlebot/2.1; +http://www.google.com/bot.html)"
198.51.100.55 - - [27/Feb/2026:18:32:35 +0100] "GET /product.php?id=5 HTTP/2.0" 200 4567 "https://brightmall.local/products.php" "Mozilla/5.0 (compatible; Googlebot/2.1; +http://www.google.com/bot.html)"
198.51.100.55 - - [27/Feb/2026:18:32:45 +0100] "GET /.env HTTP/1.1" 404 420 "https://www.facebook.com/" "Mozilla/5.0 (compatible; Googlebot/2.1; +http://www.google.com/bot.html)"
198.51.100.55 - - [27/Feb/2026:18:33:10 +0100] "GET /assets/js/main.js HTTP/1.1" 200 3355 "https://brightmall.local/cart.php" "Mozilla/5.0 (compatible; Googlebot/2.1; +http://www.google.com/bot.html)"
45.33.32.156 - - [27/Feb/2026:18:33:23 +0100] "GET /product.php?id=4 HTTP/2.0" 200 4784 "https://brightmall.local/products.php" "Mozilla/5.0 (compatible; Googlebot/2.1; +http://www.google.com/bot.html)"
198.51.100.55 - - [27/Feb/2026:18:33:24 +0100] "GET /search.php?q=headphones HTTP/1.1" 200 7687 "https://brightmall.local/product.php?id=3" "Mozilla/5.0 (compatible; Googlebot/2.1; +http://www.google.com/bot.html)"
104.26.10.155 - - [27/Feb/2026:18:33:40 +0100] "POST /account/login.php HTTP/2.0" 302 0 "https://brightmall.local/product.php?id=3" "Mozilla/5.0 (Macintosh; Intel Mac OS X 10_15_7) AppleWebKit/605.1.15 (KHTML, like Gecko) Version/17.2 Safari/605.1.15"
172.16.5.14 - - [27/Feb/2026:18:33:42 +0100] "GET /admin/ HTTP/1.1" 404 412 "https://www.bing.com/" "curl/7.88.1"
45.33.32.156 - - [27/Feb/2026:18:33:49 +0100] "GET /account/register.php HTTP/1.1" 200 2122 "https://www.bing.com/" "Mozilla/5.0 (compatible; Googlebot/2.1; +http://www.google.com/bot.html)"
198.51.100.55 - - [27/Feb/2026:18:33:50 +0100] "GET /category.php?cat=books HTTP/1.1" 200 8774 "https://brightmall.local/account/login.php" "Mozilla/5.0 (compatible; Googlebot/2.1; +http://www.google.com/bot.html)"
104.26.10.155 - - [27/Feb/2026:18:33:56 +0100] "GET /page.php?file=shipping HTTP/1.1" 200 1534 "https://www.google.com/" "Mozilla/5.0 (Macintosh; Intel Mac OS X 10_15_7) AppleWebKit/605.1.15 (KHTML, like Gecko) Version/17.2 Safari/605.1.15"
198.51.100.55 - - [27/Feb/2026:18:34:05 +0100] "GET /page.php?file=terms HTTP/1.1" 200 2567 "https://brightmall.local/" "Mozilla/5.0 (compatible; Googlebot/2.1; +http://www.google.com/bot.html)"
172.16.5.14 - - [27/Feb/2026:18:34:07 +0100] "GET /product.php?id=12 HTTP/1.1" 200 3327 "https://www.google.com/search?q=buy+electronics+online" "curl/7.88.1"
45.33.32.156 - - [27/Feb/2026:18:34:08 +0100] "GET /product.php?id=15 HTTP/1.1" 200 3651 "https://brightmall.local/account/login.php" "Mozilla/5.0 (compatible; Googlebot/2.1; +http://www.google.com/bot.html)"
172.16.5.14 - - [27/Feb/2026:18:34:18 +0100] "GET /product.php?id=3 HTTP/1.1" 200 4783 "https://www.facebook.com/" "curl/7.88.1"
104.26.10.155 - - [27/Feb/2026:18:34:22 +0100] "GET /assets/js/jquery.min.js HTTP/1.1" 200 32768 "https://brightmall.local/cart.php" "Mozilla/5.0 (Macintosh; Intel Mac OS X 10_15_7) AppleWebKit/605.1.15 (KHTML, like Gecko) Version/17.2 Safari/605.1.15"
172.16.5.14 - - [27/Feb/2026:18:34:22 +0100] "GET /product.php?id=4 HTTP/1.1" 200 3580 "https://www.google.com/" "curl/7.88.1"
198.51.100.55 - - [27/Feb/2026:18:34:25 +0100] "GET /category.php?cat=electronics HTTP/1.1" 200 11617 "https://brightmall.local/account/login.php" "Mozilla/5.0 (compatible; Googlebot/2.1; +http://www.google.com/bot.html)"
45.33.32.156 - - [27/Feb/2026:18:34:31 +0100] "GET /page.php?file=returns HTTP/1.1" 200 1456 "https://brightmall.local/category.php?cat=electronics" "Mozilla/5.0 (compatible; Googlebot/2.1; +http://www.google.com/bot.html)"
172.16.5.14 - - [27/Feb/2026:18:34:44 +0100] "GET /assets/js/main.js HTTP/1.1" 200 3614 "https://brightmall.local/product.php?id=3" "curl/7.88.1"
198.51.100.55 - - [27/Feb/2026:18:34:44 +0100] "GET /assets/img/products/p4.jpg HTTP/1.1" 200 43872 "-" "Mozilla/5.0 (compatible; Googlebot/2.1; +http://www.google.com/bot.html)"
45.33.32.156 - - [27/Feb/2026:18:34:50 +0100] "POST /cart.php?action=add HTTP/1.1" 302 0 "https://brightmall.local/" "Mozilla/5.0 (compatible; Googlebot/2.1; +http://www.google.com/bot.html)"
172.16.5.14 - - [27/Feb/2026:18:34:58 +0100] "GET /account/profile.php HTTP/1.1" 200 2853 "https://www.bing.com/" "curl/7.88.1"
172.16.5.14 - - [27/Feb/2026:18:35:00 +0100] "GET /account/profile.php HTTP/1.1" 200 2420 "https://t.co/abc123" "curl/7.88.1"
172.16.5.14 - - [27/Feb/2026:18:35:09 +0100] "GET /product.php?id=18 HTTP/1.1" 200 5082 "https://www.bing.com/" "curl/7.88.1"
172.16.5.14 - - [27/Feb/2026:18:35:12 +0100] "GET /products.php HTTP/1.1" 200 10602 "https://www.facebook.com/" "curl/7.88.1"
172.16.5.14 - - [27/Feb/2026:18:35:21 +0100] "GET /old/index.html HTTP/1.1" 404 388 "-" "curl/7.88.1"
172.16.5.14 - - [27/Feb/2026:18:35:24 +0100] "GET /product.php?id=1 HTTP/1.1" 200 3184 "https://brightmall.local/" "curl/7.88.1"
172.16.5.14 - - [27/Feb/2026:18:35:28 +0100] "GET /page.php?file=terms HTTP/2.0" 200 3037 "https://brightmall.local/category.php?cat=electronics" "curl/7.88.1"
104.26.10.78 - - [27/Feb/2026:18:36:19 +0100] "GET /api/cart/count HTTP/2.0" 200 61 "https://www.google.com/search?q=brightmall+shop" "Mozilla/5.0 (Linux; Android 14; Pixel 8) AppleWebKit/537.36 (KHTML, like Gecko) Chrome/120.0.0.0 Mobile Safari/537.36"
104.26.10.78 - - [27/Feb/2026:18:36:25 +0100] "GET /old/index.html HTTP/1.1" 404 384 "https://www.bing.com/" "Mozilla/5.0 (Linux; Android 14; Pixel 8) AppleWebKit/537.36 (KHTML, like Gecko) Chrome/120.0.0.0 Mobile Safari/537.36"
104.26.10.78 - - [27/Feb/2026:18:36:52 +0100] "GET /product.php?id=8 HTTP/1.1" 200 4446 "https://brightmall.local/product.php?id=3" "Mozilla/5.0 (Linux; Android 14; Pixel 8) AppleWebKit/537.36 (KHTML, like Gecko) Chrome/120.0.0.0 Mobile Safari/537.36"
104.26.10.78 - - [27/Feb/2026:18:37:07 +0100] "GET /search.php?q=headphones HTTP/1.1" 200 5613 "https://brightmall.local/" "Mozilla/5.0 (Linux; Android 14; Pixel 8) AppleWebKit/537.36 (KHTML, like Gecko) Chrome/120.0.0.0 Mobile Safari/537.36"
104.26.10.78 - - [27/Feb/2026:18:37:29 +0100] "GET /category.php?cat=books HTTP/1.1" 200 11090 "https://t.co/abc123" "Mozilla/5.0 (Linux; Android 14; Pixel 8) AppleWebKit/537.36 (KHTML, like Gecko) Chrome/120.0.0.0 Mobile Safari/537.36"
104.26.10.78 - - [27/Feb/2026:18:37:31 +0100] "GET /assets/img/banner.jpg HTTP/2.0" 200 98853 "https://www.facebook.com/" "Mozilla/5.0 (Linux; Android 14; Pixel 8) AppleWebKit/537.36 (KHTML, like Gecko) Chrome/120.0.0.0 Mobile Safari/537.36"
104.26.10.78 - - [27/Feb/2026:18:37:51 +0100] "GET /api/products?page=1 HTTP/1.1" 200 5329 "https://www.google.com/" "Mozilla/5.0 (Linux; Android 14; Pixel 8) AppleWebKit/537.36 (KHTML, like Gecko) Chrome/120.0.0.0 Mobile Safari/537.36"
104.26.10.78 - - [27/Feb/2026:18:37:58 +0100] "GET /search.php?q=headphones HTTP/1.1" 200 4904 "https://www.google.com/search?q=brightmall+shop" "Mozilla/5.0 (Linux; Android 14; Pixel 8) AppleWebKit/537.36 (KHTML, like Gecko) Chrome/120.0.0.0 Mobile Safari/537.36"
104.26.10.78 - - [27/Feb/2026:18:38:00 +0100] "GET /product.php?id=14 HTTP/2.0" 200 3527 "https://www.google.com/" "Mozilla/5.0 (Linux; Android 14; Pixel 8) AppleWebKit/537.36 (KHTML, like Gecko) Chrome/120.0.0.0 Mobile Safari/537.36"
104.26.10.78 - - [27/Feb/2026:18:38:14 +0100] "GET /category.php?cat=books HTTP/1.1" 200 7544 "https://brightmall.local/account/login.php" "Mozilla/5.0 (Linux; Android 14; Pixel 8) AppleWebKit/537.36 (KHTML, like Gecko) Chrome/120.0.0.0 Mobile Safari/537.36"
104.26.10.78 - - [27/Feb/2026:18:38:41 +0100] "GET /assets/js/main.js HTTP/1.1" 200 2683 "https://brightmall.local/" "Mozilla/5.0 (Linux; Android 14; Pixel 8) AppleWebKit/537.36 (KHTML, like Gecko) Chrome/120.0.0.0 Mobile Safari/537.36"
104.26.10.78 - - [27/Feb/2026:18:38:54 +0100] "GET /assets/js/jquery.min.js HTTP/1.1" 200 32768 "https://www.google.com/" "Mozilla/5.0 (Linux; Android 14; Pixel 8) AppleWebKit/537.36 (KHTML, like Gecko) Chrome/120.0.0.0 Mobile Safari/537.36"
172.16.5.14 - - [27/Feb/2026:18:41:10 +0100] "GET /assets/js/bootstrap.min.js HTTP/1.1" 200 16384 "https://www.facebook.com/" "Mozilla/5.0 (Windows NT 10.0; Win64; x64) AppleWebKit/537.36 (KHTML, like Gecko) Chrome/119.0.0.0 Safari/537.36 Edg/119.0.0.0"
172.16.5.14 - - [27/Feb/2026:18:41:15 +0100] "GET /favicon.ico HTTP/2.0" 200 1024 "https://brightmall.local/" "Mozilla/5.0 (Windows NT 10.0; Win64; x64) AppleWebKit/537.36 (KHTML, like Gecko) Chrome/119.0.0.0 Safari/537.36 Edg/119.0.0.0"
172.16.5.14 - - [27/Feb/2026:18:41:30 +0100] "GET /assets/img/products/p3.jpg HTTP/1.1" 200 62575 "https://www.facebook.com/" "Mozilla/5.0 (Windows NT 10.0; Win64; x64) AppleWebKit/537.36 (KHTML, like Gecko) Chrome/119.0.0.0 Safari/537.36 Edg/119.0.0.0"
172.16.5.14 - - [27/Feb/2026:18:41:38 +0100] "GET /page.php?file=shipping HTTP/1.1" 200 1210 "https://brightmall.local/product.php?id=3" "Mozilla/5.0 (Windows NT 10.0; Win64; x64) AppleWebKit/537.36 (KHTML, like Gecko) Chrome/119.0.0.0 Safari/537.36 Edg/119.0.0.0"
172.16.5.14 - - [27/Feb/2026:18:41:41 +0100] "GET /cart.php HTTP/1.1" 200 2076 "https://brightmall.local/cart.php" "Mozilla/5.0 (Windows NT 10.0; Win64; x64) AppleWebKit/537.36 (KHTML, like Gecko) Chrome/119.0.0.0 Safari/537.36 Edg/119.0.0.0"
172.16.5.14 - - [27/Feb/2026:18:41:48 +0100] "GET /assets/img/products/p3.jpg HTTP/2.0" 200 62092 "https://brightmall.local/cart.php" "Mozilla/5.0 (Windows NT 10.0; Win64; x64) AppleWebKit/537.36 (KHTML, like Gecko) Chrome/119.0.0.0 Safari/537.36 Edg/119.0.0.0"
172.16.5.14 - - [27/Feb/2026:18:41:51 +0100] "GET /account/register.php HTTP/1.1" 200 2543 "https://brightmall.local/" "Mozilla/5.0 (Windows NT 10.0; Win64; x64) AppleWebKit/537.36 (KHTML, like Gecko) Chrome/119.0.0.0 Safari/537.36 Edg/119.0.0.0"
172.16.5.14 - - [27/Feb/2026:18:42:00 +0100] "GET /page.php?file=shipping HTTP/2.0" 200 1615 "-" "Mozilla/5.0 (Windows NT 10.0; Win64; x64) AppleWebKit/537.36 (KHTML, like Gecko) Chrome/119.0.0.0 Safari/537.36 Edg/119.0.0.0"
172.16.5.14 - - [27/Feb/2026:18:42:29 +0100] "GET /search.php?q=shoes HTTP/1.1" 200 6311 "https://t.co/abc123" "Mozilla/5.0 (Windows NT 10.0; Win64; x64) AppleWebKit/537.36 (KHTML, like Gecko) Chrome/119.0.0.0 Safari/537.36 Edg/119.0.0.0"
185.220.44.88 - - [27/Feb/2026:18:42:30 +0100] "GET /category.php?cat=books HTTP/1.1" 200 9288 "https://brightmall.local/account/login.php" "curl/7.88.1"
172.16.5.14 - - [27/Feb/2026:18:42:49 +0100] "GET /assets/js/bootstrap.min.js HTTP/1.1" 200 16384 "https://brightmall.local/cart.php" "Mozilla/5.0 (Windows NT 10.0; Win64; x64) AppleWebKit/537.36 (KHTML, like Gecko) Chrome/119.0.0.0 Safari/537.36 Edg/119.0.0.0"
185.220.44.88 - - [27/Feb/2026:18:42:58 +0100] "GET /page.php?file=about HTTP/1.1" 200 1890 "https://brightmall.local/cart.php" "curl/7.88.1"
172.16.5.14 - - [27/Feb/2026:18:43:17 +0100] "GET /assets/img/logo.png HTTP/1.1" 200 5390 "https://brightmall.local/" "Mozilla/5.0 (Windows NT 10.0; Win64; x64) AppleWebKit/537.36 (KHTML, like Gecko) Chrome/119.0.0.0 Safari/537.36 Edg/119.0.0.0"
185.220.44.88 - - [27/Feb/2026:18:43:18 +0100] "GET /assets/img/banner.jpg HTTP/1.1" 200 79556 "https://brightmall.local/" "curl/7.88.1"
185.220.44.88 - - [27/Feb/2026:18:43:27 +0100] "GET /product.php?id=7 HTTP/1.1" 200 3311 "https://www.google.com/search?q=brightmall+shop" "curl/7.88.1"
172.16.5.14 - - [27/Feb/2026:18:43:40 +0100] "GET /assets/img/products/p4.jpg HTTP/2.0" 200 57282 "https://brightmall.local/account/login.php" "Mozilla/5.0 (Windows NT 10.0; Win64; x64) AppleWebKit/537.36 (KHTML, like Gecko) Chrome/119.0.0.0 Safari/537.36 Edg/119.0.0.0"
185.220.44.88 - - [27/Feb/2026:18:43:50 +0100] "GET /sitemap.xml HTTP/2.0" 200 2567 "https://www.google.com/" "curl/7.88.1"
185.220.44.88 - - [27/Feb/2026:18:43:57 +0100] "GET /assets/img/banner.jpg HTTP/1.1" 200 124014 "https://t.co/abc123" "curl/7.88.1"
172.16.5.14 - - [27/Feb/2026:18:43:58 +0100] "GET /assets/img/products/p2.jpg HTTP/1.1" 200 58917 "https://brightmall.local/" "Mozilla/5.0 (Windows NT 10.0; Win64; x64) AppleWebKit/537.36 (KHTML, like Gecko) Chrome/119.0.0.0 Safari/537.36 Edg/119.0.0.0"
185.220.44.88 - - [27/Feb/2026:18:44:07 +0100] "GET /search.php?q=laptop HTTP/1.1" 200 6409 "https://brightmall.local/products.php" "curl/7.88.1"
185.220.44.88 - - [27/Feb/2026:18:44:09 +0100] "GET /search.php?q=laptop HTTP/1.1" 200 6685 "https://brightmall.local/product.php?id=3" "curl/7.88.1"
172.16.5.14 - - [27/Feb/2026:18:44:22 +0100] "GET /assets/css/bootstrap.min.css HTTP/2.0" 200 19862 "https://brightmall.local/account/login.php" "Mozilla/5.0 (Windows NT 10.0; Win64; x64) AppleWebKit/537.36 (KHTML, like Gecko) Chrome/119.0.0.0 Safari/537.36 Edg/119.0.0.0"
185.220.44.88 - - [27/Feb/2026:18:44:23 +0100] "GET /account/register.php HTTP/1.1" 200 1754 "https://www.google.com/search?q=buy+electronics+online" "curl/7.88.1"
185.220.44.88 - - [27/Feb/2026:18:44:38 +0100] "GET /cart.php HTTP/1.1" 200 3793 "https://brightmall.local/category.php?cat=electronics" "curl/7.88.1"
172.16.5.14 - - [27/Feb/2026:18:44:46 +0100] "GET /page.php?file=privacy HTTP/2.0" 200 2261 "https://www.google.com/" "Mozilla/5.0 (Windows NT 10.0; Win64; x64) AppleWebKit/537.36 (KHTML, like Gecko) Chrome/119.0.0.0 Safari/537.36 Edg/119.0.0.0"
185.220.44.88 - - [27/Feb/2026:18:45:05 +0100] "GET /old/index.html HTTP/1.1" 404 391 "https://t.co/abc123" "curl/7.88.1"
185.220.44.88 - - [27/Feb/2026:18:45:09 +0100] "GET /assets/js/jquery.min.js HTTP/1.1" 200 32768 "-" "curl/7.88.1"
45.33.32.201 - - [27/Feb/2026:18:48:13 +0100] "POST /account/login.php HTTP/2.0" 302 0 "https://www.facebook.com/" "Mozilla/5.0 (iPhone; CPU iPhone OS 17_2 like Mac OS X) AppleWebKit/605.1.15 (KHTML, like Gecko) Version/17.2 Mobile/15E148 Safari/604.1"
45.33.32.201 - - [27/Feb/2026:18:48:14 +0100] "GET /search.php?q=backpack HTTP/1.1" 200 4193 "https://brightmall.local/cart.php" "Mozilla/5.0 (iPhone; CPU iPhone OS 17_2 like Mac OS X) AppleWebKit/605.1.15 (KHTML, like Gecko) Version/17.2 Mobile/15E148 Safari/604.1"
45.33.32.201 - - [27/Feb/2026:18:48:35 +0100] "GET /wp-login.php HTTP/1.1" 404 344 "https://brightmall.local/" "Mozilla/5.0 (iPhone; CPU iPhone OS 17_2 like Mac OS X) AppleWebKit/605.1.15 (KHTML, like Gecko) Version/17.2 Mobile/15E148 Safari/604.1"
45.33.32.201 - - [27/Feb/2026:18:49:01 +0100] "GET /product.php?id=2 HTTP/1.1" 200 4745 "https://www.google.com/search?q=buy+electronics+online" "Mozilla/5.0 (iPhone; CPU iPhone OS 17_2 like Mac OS X) AppleWebKit/605.1.15 (KHTML, like Gecko) Version/17.2 Mobile/15E148 Safari/604.1"
