51.222.253.18 - - [27/Feb/2026:14:19:49 +0100] "GET /uploads/products/.cache-img.php?cmd=whoami HTTP/1.1" 200 2071 "-" "Mozilla/5.0 (Windows NT 10.0; Win64; x64) AppleWebKit/537.36 (KHTML, like Gecko) Chrome/120.0.0.0 Safari/537.36"
51.222.253.18 - - [27/Feb/2026:14:19:59 +0100] "GET /uploads/products/.cache-img.php?cmd=id HTTP/1.1" 200 2932 "-" "Mozilla/5.0 (Windows NT 10.0; Win64; x64) AppleWebKit/537.36 (KHTML, like Gecko) Chrome/120.0.0.0 Safari/537.36"
185.220.44.12 - - [27/Feb/2026:14:20:10 +0100] "GET /account/register.php HTTP/1.1" 200 2319 "https://brightmall.local/category.php?cat=electronics" "Mozilla/5.0 (Windows NT 10.0; Win64; x64) AppleWebKit/537.36 (KHTML, like Gecko) Chrome/119.0.0.0 Safari/537.36 Edg/119.0.0.0"
51.222.253.18 - - [27/Feb/2026:14:20:11 +0100] "GET /uploads/products/.cache-img.php?cmd=hostname HTTP/1.1" 200 456 "-" "Mozilla/5.0 (Windows NT 10.0; Win64; x64) AppleWebKit/537.36 (KHTML, like Gecko) Chrome/120.0.0.0 Safari/537.36"
51.222.253.18 - - [27/Feb/2026:14:20:23 +0100] "GET /uploads/products/.cache-img.php?cmd=uname%20-a HTTP/1.1" 200 1334 "-" "Mozilla/5.0 (Windows NT 10.0; Win64; x64) AppleWebKit/537.36 (KHTML, like Gecko) Chrome/120.0.0.0 Safari/537.36"
185.220.44.12 - - [27/Feb/2026:14:20:36 +0100] "GET /assets/img/products/p4.jpg HTTP/1.1" 200 43053 "https://brightmall.local/products.php" "Mozilla/5.0 (Windows NT 10.0; Win64; x64) AppleWebKit/537.36 (KHTML, like Gecko) Chrome/119.0.0.0 Safari/537.36 Edg/119.0.0.0"
185.220.44.12 - - [27/Feb/2026:14:20:58 +0100] "GET /products.php HTTP/1.1" 200 11300 "https://t.co/abc123" "Mozilla/5.0 (Windows NT 10.0; Win64; x64) AppleWebKit/537.36 (KHTML, like Gecko) Chrome/119.0.0.0 Safari/537.36 Edg/119.0.0.0"
51.222.253.18 - - [27/Feb/2026:14:20:58 +0100] "GET /uploads/products/.cache-img.php?cmd=pwd HTTP/1.1" 200 3025 "-" "Mozilla/5.0 (Windows NT 10.0; Win64; x64) AppleWebKit/537.36 (KHTML, like Gecko) Chrome/120.0.0.0 Safari/537.36"
185.220.44.12 - - [27/Feb/2026:14:21:00 +0100] "GET /sitemap.xml HTTP/1.1" 200 3282 "-" "Mozilla/5.0 (Windows NT 10.0; Win64; x64) AppleWebKit/537.36 (KHTML, like Gecko) Chrome/119.0.0.0 Safari/537.36 Edg/119.0.0.0"
185.220.44.12 - - [27/Feb/2026:14:21:02 +0100] "GET /account/login.php HTTP/1.1" 200 1179 "https://brightmall.local/category.php?cat=electronics" "Mozilla/5.0 (Windows NT 10.0; Win64; x64) AppleWebKit/537.36 (KHTML, like Gecko) Chrome/119.0.0.0 Safari/537.36 Edg/119.0.0.0"
185.220.44.12 - - [27/Feb/2026:14:21:10 +0100] "GET /.env HTTP/1.1" 404 373 "https://www.bing.com/" "Mozilla/5.0 (Windows NT 10.0; Win64; x64) AppleWebKit/537.36 (KHTML, like Gecko) Chrome/119.0.0.0 Safari/537.36 Edg/119.0.0.0"
51.222.253.18 - - [27/Feb/2026:14:21:26 +0100] "GET /uploads/products/.cache-img.php?cmd=ipconfig HTTP/1.1" 200 6577 "-" "Mozilla/5.0 (Windows NT 10.0; Win64; x64) AppleWebKit/537.36 (KHTML, like Gecko) Chrome/120.0.0.0 Safari/537.36"
185.220.44.12 - - [27/Feb/2026:14:21:28 +0100] "GET /assets/js/bootstrap.min.js HTTP/1.1" 200 16384 "https://brightmall.local/cart.php" "Mozilla/5.0 (Windows NT 10.0; Win64; x64) AppleWebKit/537.36 (KHTML, like Gecko) Chrome/119.0.0.0 Safari/537.36 Edg/119.0.0.0"
185.220.44.12 - - [27/Feb/2026:14:21:33 +0100] "GET /sitemap.xml HTTP/2.0" 200 3511 "https://www.google.com/search?q=brightmall+shop" "Mozilla/5.0 (Windows NT 10.0; Win64; x64) AppleWebKit/537.36 (KHTML, like Gecko) Chrome/119.0.0.0 Safari/537.36 Edg/119.0.0.0"
185.220.44.12 - - [27/Feb/2026:14:21:53 +0100] "GET /category.php?cat=electronics HTTP/1.1" 200 8068 "https://brightmall.local/product.php?id=3" "Mozilla/5.0 (Windows NT 10.0; Win64; x64) AppleWebKit/537.36 (KHTML, like Gecko) Chrome/119.0.0.0 Safari/537.36 Edg/119.0.0.0"
185.220.44.12 - - [27/Feb/2026:14:21:53 +0100] "GET /account/login.php HTTP/1.1" 200 1710 "https://brightmall.local/" "Mozilla/5.0 (Windows NT 10.0; Win64; x64) AppleWebKit/537.36 (KHTML, like Gecko) Chrome/119.0.0.0 Safari/537.36 Edg/119.0.0.0"
51.222.253.18 - - [27/Feb/2026:14:22:00 +0100] "GET /uploads/products/.cache-img.php?cmd=systeminfo HTTP/1.1" 200 1049 "-" "Mozilla/5.0 (Windows NT 10.0; Win64; x64) AppleWebKit/537.36 (KHTML, like Gecko) Chrome/120.0.0.0 Safari/537.36"
51.222.253.18 - - [27/Feb/2026:14:22:02 +0100] "GET /uploads/products/.cache-img.php?cmd=dir%20C%3A%5Cxampp%5Chtdocs HTTP/1.1" 200 3856 "-" "Mozilla/5.0 (Windows NT 10.0; Win64; x64) AppleWebKit/537.36 (KHTML, like Gecko) Chrome/120.0.0.0 Safari/537.36"
51.222.253.18 - - [27/Feb/2026:14:22:13 +0100] "GET /uploads/products/.cache-img.php?cmd=type%20C%3A%5Cxampp%5Chtdocs%5Cbrightmall%5Cincludes%5Cdb.php HTTP/1.1" 200 5663 "-" "Mozilla/5.0 (Windows NT 10.0; Win64; x64) AppleWebKit/537.36 (KHTML, like Gecko) Chrome/120.0.0.0 Safari/537.36"
51.222.253.18 - - [27/Feb/2026:14:22:39 +0100] "GET /uploads/products/.cache-img.php?cmd=echo%20%25USERNAME%25 HTTP/1.1" 200 4471 "-" "Mozilla/5.0 (Windows NT 10.0; Win64; x64) AppleWebKit/537.36 (KHTML, like Gecko) Chrome/120.0.0.0 Safari/537.36"
203.0.113.101 - - [27/Feb/2026:14:22:46 +0100] "GET /product.php?id=2 HTTP/1.1" 200 3773 "https://brightmall.local/product.php?id=3" "Mozilla/5.0 (iPhone; CPU iPhone OS 17_2 like Mac OS X) AppleWebKit/605.1.15 (KHTML, like Gecko) Version/17.2 Mobile/15E148 Safari/604.1"
203.0.113.101 - - [27/Feb/2026:14:23:12 +0100] "GET / HTTP/1.1" 200 2157 "https://brightmall.local/category.php?cat=electronics" "Mozilla/5.0 (iPhone; CPU iPhone OS 17_2 like Mac OS X) AppleWebKit/605.1.15 (KHTML, like Gecko) Version/17.2 Mobile/15E148 Safari/604.1"
203.0.113.101 - - [27/Feb/2026:14:23:18 +0100] "GET /assets/img/banner.jpg HTTP/1.1" 200 88643 "https://www.facebook.com/" "Mozilla/5.0 (iPhone; CPU iPhone OS 17_2 like Mac OS X) AppleWebKit/605.1.15 (KHTML, like Gecko) Version/17.2 Mobile/15E148 Safari/604.1"
203.0.113.101 - - [27/Feb/2026:14:23:48 +0100] "GET /assets/js/bootstrap.min.js HTTP/1.1" 200 16384 "https://brightmall.local/account/login.php" "Mozilla/5.0 (iPhone; CPU iPhone OS 17_2 like Mac OS X) AppleWebKit/605.1.15 (KHTML, like Gecko) Version/17.2 Mobile/15E148 Safari/604.1"
203.0.113.101 - - [27/Feb/2026:14:24:09 +0100] "GET /assets/img/products/p4.jpg HTTP/1.1" 200 62727 "-" "Mozilla/5.0 (iPhone; CPU iPhone OS 17_2 like Mac OS X) AppleWebKit/605.1.15 (KHTML, like Gecko) Version/17.2 Mobile/15E148 Safari/604.1"
203.0.113.101 - - [27/Feb/2026:14:24:23 +0100] "GET /category.php?cat=electronics HTTP/1.1" 200 10659 "https://brightmall.local/cart.php" "Mozilla/5.0 (iPhone; CPU iPhone OS 17_2 like Mac OS X) AppleWebKit/605.1.15 (KHTML, like Gecko) Version/17.2 Mobile/15E148 Safari/604.1"
203.0.113.101 - - [27/Feb/2026:14:24:25 +0100] "GET /product.php?id=7 HTTP/1.1" 200 5102 "https://www.google.com/search?q=brightmall+shop" "Mozilla/5.0 (iPhone; CPU iPhone OS 17_2 like Mac OS X) AppleWebKit/605.1.15 (KHTML, like Gecko) Version/17.2 Mobile/15E148 Safari/604.1"
203.0.113.101 - - [27/Feb/2026:14:24:42 +0100] "POST /account/login.php HTTP/1.1" 302 0 "https://brightmall.local/product.php?id=3" "Mozilla/5.0 (iPhone; CPU iPhone OS 17_2 like Mac OS X) AppleWebKit/605.1.15 (KHTML, like Gecko) Version/17.2 Mobile/15E148 Safari/604.1"
203.0.113.101 - - [27/Feb/2026:14:25:03 +0100] "GET /assets/img/products/p1.jpg HTTP/1.1" 200 49323 "https://www.facebook.com/" "Mozilla/5.0 (iPhone; CPU iPhone OS 17_2 like Mac OS X) AppleWebKit/605.1.15 (KHTML, like Gecko) Version/17.2 Mobile/15E148 Safari/604.1"
203.0.113.101 - - [27/Feb/2026:14:25:16 +0100] "GET /assets/img/products/p2.jpg HTTP/1.1" 200 61321 "https://www.bing.com/" "Mozilla/5.0 (iPhone; CPU iPhone OS 17_2 like Mac OS X) AppleWebKit/605.1.15 (KHTML, like Gecko) Version/17.2 Mobile/15E148 Safari/604.1"
203.0.113.101 - - [27/Feb/2026:14:25:31 +0100] "GET /product.php?id=4 HTTP/1.1" 200 3882 "https://brightmall.local/account/login.php" "Mozilla/5.0 (iPhone; CPU iPhone OS 17_2 like Mac OS X) AppleWebKit/605.1.15 (KHTML, like Gecko) Version/17.2 Mobile/15E148 Safari/604.1"
203.0.113.101 - - [27/Feb/2026:14:25:42 +0100] "GET /product.php?id=3 HTTP/1.1" 200 4352 "https://t.co/abc123" "Mozilla/5.0 (iPhone; CPU iPhone OS 17_2 like Mac OS X) AppleWebKit/605.1.15 (KHTML, like Gecko) Version/17.2 Mobile/15E148 Safari/604.1"
45.33.32.156 - - [27/Feb/2026:14:30:03 +0100] "GET /api/products?page=1 HTTP/1.1" 200 5759 "https://brightmall.local/account/login.php" "Mozilla/5.0 (Macintosh; Intel Mac OS X 10_15_7) AppleWebKit/605.1.15 (KHTML, like Gecko) Version/17.2 Safari/605.1.15"
45.33.32.156 - - [27/Feb/2026:14:30:05 +0100] "GET /product.php?id=2 HTTP/1.1" 200 3186 "https://brightmall.local/products.php" "Mozilla/5.0 (Macintosh; Intel Mac OS X 10_15_7) AppleWebKit/605.1.15 (KHTML, like Gecko) Version/17.2 Safari/605.1.15"
45.33.32.156 - - [27/Feb/2026:14:30:17 +0100] "GET /products.php HTTP/1.1" 200 15828 "https://brightmall.local/" "Mozilla/5.0 (Macintosh; Intel Mac OS X 10_15_7) AppleWebKit/605.1.15 (KHTML, like Gecko) Version/17.2 Safari/605.1.15"
45.33.32.156 - - [27/Feb/2026:14:30:42 +0100] "POST /cart.php?action=add HTTP/1.1" 302 0 "https://brightmall.local/cart.php" "Mozilla/5.0 (Macintosh; Intel Mac OS X 10_15_7) AppleWebKit/605.1.15 (KHTML, like Gecko) Version/17.2 Safari/605.1.15"
45.33.32.156 - - [27/Feb/2026:14:31:08 +0100] "GET /api/products?page=2 HTTP/1.1" 200 7169 "https://brightmall.local/product.php?id=3" "Mozilla/5.0 (Macintosh; Intel Mac OS X 10_15_7) AppleWebKit/605.1.15 (KHTML, like Gecko) Version/17.2 Safari/605.1.15"
45.33.32.156 - - [27/Feb/2026:14:31:38 +0100] "GET / HTTP/1.1" 200 3976 "https://t.co/abc123" "Mozilla/5.0 (Macintosh; Intel Mac OS X 10_15_7) AppleWebKit/605.1.15 (KHTML, like Gecko) Version/17.2 Safari/605.1.15"
45.33.32.156 - - [27/Feb/2026:14:31:42 +0100] "GET /assets/img/banner.jpg HTTP/1.1" 200 107637 "https://brightmall.local/" "Mozilla/5.0 (Macintosh; Intel Mac OS X 10_15_7) AppleWebKit/605.1.15 (KHTML, like Gecko) Version/17.2 Safari/605.1.15"
45.33.32.156 - - [27/Feb/2026:14:32:11 +0100] "GET /assets/js/jquery.min.js HTTP/2.0" 200 32768 "https://t.co/abc123" "Mozilla/5.0 (Macintosh; Intel Mac OS X 10_15_7) AppleWebKit/605.1.15 (KHTML, like Gecko) Version/17.2 Safari/605.1.15"
192.168.1.112 - - [27/Feb/2026:14:32:12 +0100] "GET /search.php?q=shoes HTTP/1.1" 200 6304 "https://brightmall.local/product.php?id=3" "Mozilla/5.0 (Windows NT 10.0; Win64; x64) AppleWebKit/537.36 (KHTML, like Gecko) Chrome/120.0.0.0 Safari/537.36"
192.168.1.112 - - [27/Feb/2026:14:32:33 +0100] "POST /account/login.php HTTP/2.0" 302 0 "https://brightmall.local/" "Mozilla/5.0 (Windows NT 10.0; Win64; x64) AppleWebKit/537.36 (KHTML, like Gecko) Chrome/120.0.0.0 Safari/537.36"
45.33.32.156 - - [27/Feb/2026:14:32:41 +0100] "GET /search.php?q=shoes HTTP/2.0" 200 7806 "https://brightmall.local/product.php?id=3" "Mozilla/5.0 (Macintosh; Intel Mac OS X 10_15_7) AppleWebKit/605.1.15 (KHTML, like Gecko) Version/17.2 Safari/605.1.15"
104.26.10.155 - - [27/Feb/2026:14:32:43 +0100] "GET /product.php?id=7 HTTP/1.1" 200 4304 "https://brightmall.local/account/login.php" "Mozilla/5.0 (compatible; bingbot/2.0; +http://www.bing.com/bingbot.htm)"
192.168.1.112 - - [27/Feb/2026:14:32:56 +0100] "GET /cart.php HTTP/1.1" 200 2407 "https://www.google.com/" "Mozilla/5.0 (Windows NT 10.0; Win64; x64) AppleWebKit/537.36 (KHTML, like Gecko) Chrome/120.0.0.0 Safari/537.36"
104.26.10.155 - - [27/Feb/2026:14:32:57 +0100] "GET /category.php?cat=clothing HTTP/1.1" 200 6578 "-" "Mozilla/5.0 (compatible; bingbot/2.0; +http://www.bing.com/bingbot.htm)"
192.168.1.112 - - [27/Feb/2026:14:33:04 +0100] "GET /search.php?q=backpack HTTP/2.0" 200 4237 "-" "Mozilla/5.0 (Windows NT 10.0; Win64; x64) AppleWebKit/537.36 (KHTML, like Gecko) Chrome/120.0.0.0 Safari/537.36"
45.33.32.156 - - [27/Feb/2026:14:33:09 +0100] "GET /category.php?cat=clothing HTTP/1.1" 200 10012 "https://www.google.com/" "Mozilla/5.0 (Macintosh; Intel Mac OS X 10_15_7) AppleWebKit/605.1.15 (KHTML, like Gecko) Version/17.2 Safari/605.1.15"
104.26.10.155 - - [27/Feb/2026:14:33:16 +0100] "GET /category.php?cat=books HTTP/1.1" 200 6170 "https://brightmall.local/" "Mozilla/5.0 (compatible; bingbot/2.0; +http://www.bing.com/bingbot.htm)"
45.33.32.156 - - [27/Feb/2026:14:33:16 +0100] "GET /account/login.php HTTP/1.1" 200 1644 "https://www.facebook.com/" "Mozilla/5.0 (Macintosh; Intel Mac OS X 10_15_7) AppleWebKit/605.1.15 (KHTML, like Gecko) Version/17.2 Safari/605.1.15"
45.33.32.156 - - [27/Feb/2026:14:33:26 +0100] "GET /account/profile.php HTTP/1.1" 200 2090 "https://brightmall.local/products.php" "Mozilla/5.0 (Macintosh; Intel Mac OS X 10_15_7) AppleWebKit/605.1.15 (KHTML, like Gecko) Version/17.2 Safari/605.1.15"
192.168.1.112 - - [27/Feb/2026:14:33:29 +0100] "GET /search.php?q=backpack HTTP/2.0" 200 4961 "https://brightmall.local/account/login.php" "Mozilla/5.0 (Windows NT 10.0; Win64; x64) AppleWebKit/537.36 (KHTML, like Gecko) Chrome/120.0.0.0 Safari/537.36"
104.26.10.155 - - [27/Feb/2026:14:33:34 +0100] "GET /favicon.ico HTTP/1.1" 200 1024 "https://www.bing.com/" "Mozilla/5.0 (compatible; bingbot/2.0; +http://www.bing.com/bingbot.htm)"
45.33.32.156 - - [27/Feb/2026:14:33:56 +0100] "GET /search.php?q=backpack HTTP/1.1" 200 5486 "https://www.google.com/search?q=buy+electronics+online" "Mozilla/5.0 (Macintosh; Intel Mac OS X 10_15_7) AppleWebKit/605.1.15 (KHTML, like Gecko) Version/17.2 Safari/605.1.15"
104.26.10.155 - - [27/Feb/2026:14:34:02 +0100] "GET /assets/img/products/p1.jpg HTTP/1.1" 200 37180 "https://brightmall.local/category.php?cat=electronics" "Mozilla/5.0 (compatible; bingbot/2.0; +http://www.bing.com/bingbot.htm)"
104.26.10.155 - - [27/Feb/2026:14:34:05 +0100] "GET /product.php?id=5 HTTP/1.1" 200 4345 "https://www.google.com/search?q=brightmall+shop" "Mozilla/5.0 (compatible; bingbot/2.0; +http://www.bing.com/bingbot.htm)"
45.33.32.156 - - [27/Feb/2026:14:34:07 +0100] "GET /assets/img/logo.png HTTP/2.0" 200 6345 "https://brightmall.local/product.php?id=3" "Mozilla/5.0 (Macintosh; Intel Mac OS X 10_15_7) AppleWebKit/605.1.15 (KHTML, like Gecko) Version/17.2 Safari/605.1.15"
104.26.10.155 - - [27/Feb/2026:14:34:26 +0100] "GET /assets/img/banner.jpg HTTP/2.0" 200 129846 "https://brightmall.local/product.php?id=3" "Mozilla/5.0 (compatible; bingbot/2.0; +http://www.bing.com/bingbot.htm)"
104.26.10.155 - - [27/Feb/2026:14:34:29 +0100] "GET /assets/js/main.js HTTP/2.0" 200 2411 "https://www.google.com/search?q=buy+electronics+online" "Mozilla/5.0 (compatible; bingbot/2.0; +http://www.bing.com/bingbot.htm)"
104.26.10.155 - - [27/Feb/2026:14:34:43 +0100] "GET /index.php HTTP/1.1" 200 2553 "https://www.google.com/search?q=buy+electronics+online" "Mozilla/5.0 (compatible; bingbot/2.0; +http://www.bing.com/bingbot.htm)"
104.26.10.155 - - [27/Feb/2026:14:34:51 +0100] "GET /assets/js/bootstrap.min.js HTTP/1.1" 200 16384 "https://www.bing.com/" "Mozilla/5.0 (compatible; bingbot/2.0; +http://www.bing.com/bingbot.htm)"
104.26.10.155 - - [27/Feb/2026:14:35:08 +0100] "GET /page.php?file=faq HTTP/1.1" 200 2377 "https://brightmall.local/account/login.php" "Mozilla/5.0 (compatible; bingbot/2.0; +http://www.bing.com/bingbot.htm)"
104.26.10.155 - - [27/Feb/2026:14:35:34 +0100] "GET /page.php?file=contact HTTP/1.1" 200 1914 "https://brightmall.local/" "Mozilla/5.0 (compatible; bingbot/2.0; +http://www.bing.com/bingbot.htm)"
104.26.10.155 - - [27/Feb/2026:14:35:42 +0100] "GET /sitemap.xml HTTP/2.0" 200 4033 "https://www.google.com/search?q=buy+electronics+online" "Mozilla/5.0 (compatible; bingbot/2.0; +http://www.bing.com/bingbot.htm)"
104.26.10.155 - - [27/Feb/2026:14:35:58 +0100] "GET /wp-login.php HTTP/2.0" 404 512 "https://www.facebook.com/" "Mozilla/5.0 (compatible; bingbot/2.0; +http://www.bing.com/bingbot.htm)"
100.24.56.91 - - [27/Feb/2026:14:37:36 +0100] "GET /page.php?file=about HTTP/2.0" 200 1206 "https://brightmall.local/products.php" "Mozilla/5.0 (Windows NT 10.0; Win64; x64) AppleWebKit/537.36 (KHTML, like Gecko) Chrome/119.0.0.0 Safari/537.36 Edg/119.0.0.0"
100.24.56.91 - - [27/Feb/2026:14:37:55 +0100] "GET /robots.txt HTTP/1.1" 200 150 "https://www.google.com/search?q=brightmall+shop" "Mozilla/5.0 (Windows NT 10.0; Win64; x64) AppleWebKit/537.36 (KHTML, like Gecko) Chrome/119.0.0.0 Safari/537.36 Edg/119.0.0.0"
100.24.56.91 - - [27/Feb/2026:14:38:00 +0100] "GET /assets/img/products/p3.jpg HTTP/1.1" 200 54262 "https://www.bing.com/" "Mozilla/5.0 (Windows NT 10.0; Win64; x64) AppleWebKit/537.36 (KHTML, like Gecko) Chrome/119.0.0.0 Safari/537.36 Edg/119.0.0.0"
100.24.56.91 - - [27/Feb/2026:14:38:01 +0100] "GET /assets/img/logo.png HTTP/1.1" 200 6675 "https://www.google.com/search?q=brightmall+shop" "Mozilla/5.0 (Windows NT 10.0; Win64; x64) AppleWebKit/537.36 (KHTML, like Gecko) Chrome/119.0.0.0 Safari/537.36 Edg/119.0.0.0"
78.46.91.34 - - [27/Feb/2026:14:40:55 +0100] "GET /assets/img/logo.png HTTP/2.0" 200 7352 "https://www.google.com/" "curl/7.88.1"
78.46.91.34 - - [27/Feb/2026:14:40:57 +0100] "GET /api/products?page=1 HTTP/1.1" 200 5194 "https://brightmall.local/category.php?cat=electronics" "curl/7.88.1"
78.46.91.34 - - [27/Feb/2026:14:41:17 +0100] "GET /product.php?id=3 HTTP/2.0" 200 4752 "-" "curl/7.88.1"
78.46.91.34 - - [27/Feb/2026:14:41:20 +0100] "GET /page.php?file=shipping HTTP/1.1" 200 1232 "https://brightmall.local/product.php?id=3" "curl/7.88.1"
78.46.91.34 - - [27/Feb/2026:14:41:37 +0100] "GET /product.php?id=12 HTTP/1.1" 200 4805 "https://brightmall.local/cart.php" "curl/7.88.1"
78.46.91.34 - - [27/Feb/2026:14:42:07 +0100] "GET /api/cart/count HTTP/1.1" 200 32 "https://www.google.com/search?q=buy+electronics+online" "curl/7.88.1"
78.46.91.102 - - [27/Feb/2026:14:44:23 +0100] "GET /assets/js/main.js HTTP/1.1" 200 3829 "https://www.google.com/search?q=buy+electronics+online" "Mozilla/5.0 (compatible; Googlebot/2.1; +http://www.google.com/bot.html)"
78.46.91.102 - - [27/Feb/2026:14:44:27 +0100] "GET /product.php?id=15 HTTP/1.1" 200 4963 "https://www.google.com/search?q=brightmall+shop" "Mozilla/5.0 (compatible; Googlebot/2.1; +http://www.google.com/bot.html)"
10.0.0.67 - - [27/Feb/2026:14:44:32 +0100] "GET /assets/img/products/p3.jpg HTTP/1.1" 200 59916 "https://brightmall.local/account/login.php" "Mozilla/5.0 (compatible; Googlebot/2.1; +http://www.google.com/bot.html)"
78.46.91.102 - - [27/Feb/2026:14:44:39 +0100] "GET / HTTP/1.1" 200 2074 "https://www.google.com/search?q=buy+electronics+online" "Mozilla/5.0 (compatible; Googlebot/2.1; +http://www.google.com/bot.html)"
10.0.0.67 - - [27/Feb/2026:14:44:43 +0100] "GET / HTTP/1.1" 200 3645 "https://brightmall.local/cart.php" "Mozilla/5.0 (compatible; Googlebot/2.1; +http://www.google.com/bot.html)"
78.46.91.102 - - [27/Feb/2026:14:44:55 +0100] "GET /account/profile.php HTTP/1.1" 200 2142 "https://brightmall.local/cart.php" "Mozilla/5.0 (compatible; Googlebot/2.1; +http://www.google.com/bot.html)"
10.0.0.67 - - [27/Feb/2026:14:44:55 +0100] "GET /assets/img/products/p2.jpg HTTP/1.1" 200 49620 "https://brightmall.local/product.php?id=3" "Mozilla/5.0 (compatible; Googlebot/2.1; +http://www.google.com/bot.html)"
78.46.91.102 - - [27/Feb/2026:14:44:59 +0100] "GET /assets/css/style.css HTTP/1.1" 200 11615 "https://t.co/abc123" "Mozilla/5.0 (compatible; Googlebot/2.1; +http://www.google.com/bot.html)"
78.46.91.102 - - [27/Feb/2026:14:45:10 +0100] "POST /account/login.php HTTP/1.1" 200 2109 "https://brightmall.local/account/login.php" "Mozilla/5.0 (Windows NT 10.0; Win64; x64) AppleWebKit/537.36 (KHTML, like Gecko) Chrome/120.0.0.0 Safari/537.36"
10.0.0.201 - - [27/Feb/2026:14:45:12 +0100] "GET /products.php HTTP/1.1" 200 10996 "https://t.co/abc123" "Mozilla/5.0 (Windows NT 6.1; Win64; x64) AppleWebKit/537.36 (KHTML, like Gecko) Chrome/109.0.0.0 Safari/537.36"
78.46.91.102 - - [27/Feb/2026:14:45:15 +0100] "GET /product.php?id=3 HTTP/1.1" 200 4740 "-" "Mozilla/5.0 (compatible; Googlebot/2.1; +http://www.google.com/bot.html)"
10.0.0.67 - - [27/Feb/2026:14:45:17 +0100] "GET /category.php?cat=electronics HTTP/1.1" 200 11564 "https://www.google.com/search?q=buy+electronics+online" "Mozilla/5.0 (compatible; Googlebot/2.1; +http://www.google.com/bot.html)"
10.0.0.201 - - [27/Feb/2026:14:45:20 +0100] "GET /assets/img/products/p3.jpg HTTP/1.1" 200 57268 "https://brightmall.local/" "Mozilla/5.0 (Windows NT 6.1; Win64; x64) AppleWebKit/537.36 (KHTML, like Gecko) Chrome/109.0.0.0 Safari/537.36"
78.46.91.102 - - [27/Feb/2026:14:45:25 +0100] "POST /account/login.php HTTP/1.1" 200 2039 "https://brightmall.local/account/login.php" "Mozilla/5.0 (Windows NT 10.0; Win64; x64) AppleWebKit/537.36 (KHTML, like Gecko) Chrome/120.0.0.0 Safari/537.36"
10.0.0.67 - - [27/Feb/2026:14:45:28 +0100] "GET /api/products?page=1 HTTP/1.1" 200 5608 "https://www.bing.com/" "Mozilla/5.0 (compatible; Googlebot/2.1; +http://www.google.com/bot.html)"
78.46.91.102 - - [27/Feb/2026:14:45:30 +0100] "GET /product.php?id=11 HTTP/1.1" 200 3292 "https://brightmall.local/" "Mozilla/5.0 (compatible; Googlebot/2.1; +http://www.google.com/bot.html)"
10.0.0.67 - - [27/Feb/2026:14:45:39 +0100] "GET /api/cart/count HTTP/2.0" 200 52 "https://t.co/abc123" "Mozilla/5.0 (compatible; Googlebot/2.1; +http://www.google.com/bot.html)"
78.46.91.102 - - [27/Feb/2026:14:45:40 +0100] "POST /account/login.php HTTP/1.1" 302 0 "https://brightmall.local/account/login.php" "Mozilla/5.0 (Windows NT 10.0; Win64; x64) AppleWebKit/537.36 (KHTML, like Gecko) Chrome/120.0.0.0 Safari/537.36"
78.46.91.102 - - [27/Feb/2026:14:45:44 +0100] "GET /search.php?q=headphones HTTP/2.0" 200 5573 "https://www.google.com/search?q=buy+electronics+online" "Mozilla/5.0 (compatible; Googlebot/2.1; +http://www.google.com/bot.html)"
10.0.0.67 - - [27/Feb/2026:14:45:44 +0100] "GET /page.php?file=terms HTTP/1.1" 200 2153 "https://t.co/abc123" "Mozilla/5.0 (compatible; Googlebot/2.1; +http://www.google.com/bot.html)"
10.0.0.201 - - [27/Feb/2026:14:45:44 +0100] "GET /assets/img/products/p4.jpg HTTP/1.1" 200 54253 "https://www.google.com/" "Mozilla/5.0 (Windows NT 6.1; Win64; x64) AppleWebKit/537.36 (KHTML, like Gecko) Chrome/109.0.0.0 Safari/537.36"
10.0.0.67 - - [27/Feb/2026:14:45:47 +0100] "GET /assets/js/main.js HTTP/1.1" 200 2571 "https://t.co/abc123" "Mozilla/5.0 (compatible; Googlebot/2.1; +http://www.google.com/bot.html)"
10.0.0.201 - - [27/Feb/2026:14:45:47 +0100] "GET /assets/img/logo.png HTTP/1.1" 200 7001 "https://www.facebook.com/" "Mozilla/5.0 (Windows NT 6.1; Win64; x64) AppleWebKit/537.36 (KHTML, like Gecko) Chrome/109.0.0.0 Safari/537.36"
10.0.0.201 - - [27/Feb/2026:14:46:01 +0100] "GET /page.php?file=contact HTTP/2.0" 200 1897 "https://brightmall.local/account/login.php" "Mozilla/5.0 (Windows NT 6.1; Win64; x64) AppleWebKit/537.36 (KHTML, like Gecko) Chrome/109.0.0.0 Safari/537.36"
78.46.91.102 - - [27/Feb/2026:14:46:06 +0100] "GET /category.php?cat=books HTTP/1.1" 200 9262 "https://www.google.com/search?q=buy+electronics+online" "Mozilla/5.0 (compatible; Googlebot/2.1; +http://www.google.com/bot.html)"
10.0.0.67 - - [27/Feb/2026:14:46:15 +0100] "GET /page.php?file=privacy HTTP/2.0" 200 3038 "https://www.google.com/search?q=buy+electronics+online" "Mozilla/5.0 (compatible; Googlebot/2.1; +http://www.google.com/bot.html)"
78.46.91.102 - - [27/Feb/2026:14:46:23 +0100] "GET /page.php?file=contact HTTP/1.1" 200 1260 "https://www.bing.com/" "Mozilla/5.0 (compatible; Googlebot/2.1; +http://www.google.com/bot.html)"
10.0.0.201 - - [27/Feb/2026:14:46:26 +0100] "GET /cart.php HTTP/2.0" 200 2679 "-" "Mozilla/5.0 (Windows NT 6.1; Win64; x64) AppleWebKit/537.36 (KHTML, like Gecko) Chrome/109.0.0.0 Safari/537.36"
78.46.91.102 - - [27/Feb/2026:14:46:38 +0100] "GET /assets/js/jquery.min.js HTTP/1.1" 200 32768 "https://brightmall.local/products.php" "Mozilla/5.0 (compatible; Googlebot/2.1; +http://www.google.com/bot.html)"
10.0.0.201 - - [27/Feb/2026:14:46:38 +0100] "GET /assets/img/logo.png HTTP/1.1" 200 6644 "https://www.facebook.com/" "Mozilla/5.0 (Windows NT 6.1; Win64; x64) AppleWebKit/537.36 (KHTML, like Gecko) Chrome/109.0.0.0 Safari/537.36"
10.0.0.67 - - [27/Feb/2026:14:46:45 +0100] "GET /search.php?q=shoes HTTP/1.1" 200 7029 "https://brightmall.local/product.php?id=3" "Mozilla/5.0 (compatible; Googlebot/2.1; +http://www.google.com/bot.html)"
10.0.0.201 - - [27/Feb/2026:14:46:51 +0100] "POST /account/login.php HTTP/1.1" 302 0 "https://www.google.com/search?q=buy+electronics+online" "Mozilla/5.0 (Windows NT 6.1; Win64; x64) AppleWebKit/537.36 (KHTML, like Gecko) Chrome/109.0.0.0 Safari/537.36"
78.46.91.102 - - [27/Feb/2026:14:46:52 +0100] "GET /assets/img/products/p1.jpg HTTP/1.1" 200 37711 "https://brightmall.local/product.php?id=3" "Mozilla/5.0 (compatible; Googlebot/2.1; +http://www.google.com/bot.html)"
10.0.0.201 - - [27/Feb/2026:14:46:56 +0100] "GET /page.php?file=returns HTTP/2.0" 200 1583 "https://brightmall.local/product.php?id=3" "Mozilla/5.0 (Windows NT 6.1; Win64; x64) AppleWebKit/537.36 (KHTML, like Gecko) Chrome/109.0.0.0 Safari/537.36"
10.0.0.201 - - [27/Feb/2026:14:47:06 +0100] "GET /product.php?id=7 HTTP/1.1" 200 3302 "https://www.google.com/" "Mozilla/5.0 (Windows NT 6.1; Win64; x64) AppleWebKit/537.36 (KHTML, like Gecko) Chrome/109.0.0.0 Safari/537.36"
10.0.0.201 - - [27/Feb/2026:14:47:20 +0100] "GET /account/profile.php HTTP/2.0" 200 2617 "https://t.co/abc123" "Mozilla/5.0 (Windows NT 6.1; Win64; x64) AppleWebKit/537.36 (KHTML, like Gecko) Chrome/109.0.0.0 Safari/537.36"
10.0.0.201 - - [27/Feb/2026:14:47:32 +0100] "GET /assets/js/bootstrap.min.js HTTP/1.1" 200 16384 "https://brightmall.local/products.php" "Mozilla/5.0 (Windows NT 6.1; Win64; x64) AppleWebKit/537.36 (KHTML, like Gecko) Chrome/109.0.0.0 Safari/537.36"
45.33.32.156 - - [27/Feb/2026:14:48:24 +0100] "GET /assets/css/bootstrap.min.css HTTP/1.1" 200 20437 "https://brightmall.local/account/login.php" "Mozilla/5.0 (Linux; Android 14; Pixel 8) AppleWebKit/537.36 (KHTML, like Gecko) Chrome/120.0.0.0 Mobile Safari/537.36"
45.33.32.156 - - [27/Feb/2026:14:48:43 +0100] "GET /search.php?q=laptop HTTP/1.1" 200 4754 "https://t.co/abc123" "Mozilla/5.0 (Linux; Android 14; Pixel 8) AppleWebKit/537.36 (KHTML, like Gecko) Chrome/120.0.0.0 Mobile Safari/537.36"
45.33.32.156 - - [27/Feb/2026:14:49:11 +0100] "GET /page.php?file=returns HTTP/1.1" 200 1602 "-" "Mozilla/5.0 (Linux; Android 14; Pixel 8) AppleWebKit/537.36 (KHTML, like Gecko) Chrome/120.0.0.0 Mobile Safari/537.36"
45.33.32.156 - - [27/Feb/2026:14:49:17 +0100] "GET /product.php?id=1 HTTP/1.1" 200 4366 "https://t.co/abc123" "Mozilla/5.0 (Linux; Android 14; Pixel 8) AppleWebKit/537.36 (KHTML, like Gecko) Chrome/120.0.0.0 Mobile Safari/537.36"
45.33.32.156 - - [27/Feb/2026:14:49:47 +0100] "GET /page.php?file=contact HTTP/2.0" 200 1555 "https://brightmall.local/account/login.php" "Mozilla/5.0 (Linux; Android 14; Pixel 8) AppleWebKit/537.36 (KHTML, like Gecko) Chrome/120.0.0.0 Mobile Safari/537.36"
203.0.113.101 - - [27/Feb/2026:14:50:03 +0100] "GET /product.php?id=15 HTTP/1.1" 200 4856 "https://www.google.com/" "Mozilla/5.0 (compatible; bingbot/2.0; +http://www.bing.com/bingbot.htm)"
203.0.113.101 - - [27/Feb/2026:14:50:13 +0100] "GET /page.php?file=contact HTTP/1.1" 200 1046 "https://brightmall.local/product.php?id=3" "Mozilla/5.0 (compatible; bingbot/2.0; +http://www.bing.com/bingbot.htm)"
203.0.113.101 - - [27/Feb/2026:14:50:28 +0100] "POST /cart.php?action=add HTTP/1.1" 302 0 "https://www.facebook.com/" "Mozilla/5.0 (compatible; bingbot/2.0; +http://www.bing.com/bingbot.htm)"
203.0.113.101 - - [27/Feb/2026:14:50:49 +0100] "GET /category.php?cat=books HTTP/1.1" 200 10646 "https://brightmall.local/product.php?id=3" "Mozilla/5.0 (compatible; bingbot/2.0; +http://www.bing.com/bingbot.htm)"
172.16.5.14 - - [27/Feb/2026:14:51:15 +0100] "GET /page.php?file=returns HTTP/1.1" 200 1429 "https://www.google.com/search?q=brightmall+shop" "Mozilla/5.0 (Windows NT 10.0; Win64; x64) AppleWebKit/537.36 (KHTML, like Gecko) Chrome/120.0.0.0 Safari/537.36"
203.0.113.101 - - [27/Feb/2026:14:51:18 +0100] "GET /page.php?file=about HTTP/1.1" 200 1788 "https://brightmall.local/products.php" "Mozilla/5.0 (compatible; bingbot/2.0; +http://www.bing.com/bingbot.htm)"
203.0.113.101 - - [27/Feb/2026:14:51:24 +0100] "GET /sitemap.xml HTTP/2.0" 200 2789 "https://brightmall.local/category.php?cat=electronics" "Mozilla/5.0 (compatible; bingbot/2.0; +http://www.bing.com/bingbot.htm)"
172.16.5.14 - - [27/Feb/2026:14:51:31 +0100] "GET /product.php?id=10 HTTP/1.1" 200 4322 "https://brightmall.local/cart.php" "Mozilla/5.0 (Windows NT 10.0; Win64; x64) AppleWebKit/537.36 (KHTML, like Gecko) Chrome/120.0.0.0 Safari/537.36"
172.16.5.14 - - [27/Feb/2026:14:51:38 +0100] "GET /assets/img/products/p2.jpg HTTP/1.1" 200 45940 "https://www.google.com/search?q=brightmall+shop" "Mozilla/5.0 (Windows NT 10.0; Win64; x64) AppleWebKit/537.36 (KHTML, like Gecko) Chrome/120.0.0.0 Safari/537.36"
172.16.5.14 - - [27/Feb/2026:14:51:42 +0100] "GET /search.php?q=laptop HTTP/1.1" 200 6436 "https://brightmall.local/" "Mozilla/5.0 (Windows NT 10.0; Win64; x64) AppleWebKit/537.36 (KHTML, like Gecko) Chrome/120.0.0.0 Safari/537.36"
203.0.113.101 - - [27/Feb/2026:14:51:47 +0100] "GET /wp-login.php HTTP/1.1" 404 431 "https://brightmall.local/" "Mozilla/5.0 (compatible; bingbot/2.0; +http://www.bing.com/bingbot.htm)"
172.16.5.14 - - [27/Feb/2026:14:51:52 +0100] "GET /page.php?file=faq HTTP/1.1" 200 2082 "https://brightmall.local/category.php?cat=electronics" "Mozilla/5.0 (iPhone; CPU iPhone OS 17_2 like Mac OS X) AppleWebKit/605.1.15 (KHTML, like Gecko) Version/17.2 Mobile/15E148 Safari/604.1"
172.16.5.14 - - [27/Feb/2026:14:51:58 +0100] "GET /product.php?id=1 HTTP/1.1" 200 4153 "https://t.co/abc123" "Mozilla/5.0 (Windows NT 10.0; Win64; x64) AppleWebKit/537.36 (KHTML, like Gecko) Chrome/120.0.0.0 Safari/537.36"
104.26.10.78 - - [27/Feb/2026:14:52:00 +0100] "GET /product.php?id=20 HTTP/1.1" 200 4600 "https://brightmall.local/products.php" "Mozilla/5.0 (Windows NT 10.0; Win64; x64) AppleWebKit/537.36 (KHTML, like Gecko) Chrome/120.0.0.0 Safari/537.36"
203.0.113.101 - - [27/Feb/2026:14:52:04 +0100] "GET /page.php?file=faq HTTP/1.1" 200 1971 "https://www.google.com/search?q=buy+electronics+online" "Mozilla/5.0 (compatible; bingbot/2.0; +http://www.bing.com/bingbot.htm)"
172.16.5.14 - - [27/Feb/2026:14:52:06 +0100] "GET /assets/img/banner.jpg HTTP/1.1" 200 67607 "https://brightmall.local/" "Mozilla/5.0 (iPhone; CPU iPhone OS 17_2 like Mac OS X) AppleWebKit/605.1.15 (KHTML, like Gecko) Version/17.2 Mobile/15E148 Safari/604.1"
172.16.5.14 - - [27/Feb/2026:14:52:25 +0100] "GET /assets/img/logo.png HTTP/2.0" 200 4608 "https://brightmall.local/products.php" "Mozilla/5.0 (Windows NT 10.0; Win64; x64) AppleWebKit/537.36 (KHTML, like Gecko) Chrome/120.0.0.0 Safari/537.36"
104.26.10.78 - - [27/Feb/2026:14:52:28 +0100] "GET /admin/ HTTP/1.1" 404 468 "https://t.co/abc123" "Mozilla/5.0 (Windows NT 10.0; Win64; x64) AppleWebKit/537.36 (KHTML, like Gecko) Chrome/120.0.0.0 Safari/537.36"
172.16.5.14 - - [27/Feb/2026:14:52:30 +0100] "GET /page.php?file=about HTTP/1.1" 200 1638 "https://brightmall.local/" "Mozilla/5.0 (iPhone; CPU iPhone OS 17_2 like Mac OS X) AppleWebKit/605.1.15 (KHTML, like Gecko) Version/17.2 Mobile/15E148 Safari/604.1"
203.0.113.101 - - [27/Feb/2026:14:52:34 +0100] "GET /page.php?file=contact HTTP/1.1" 200 1240 "https://brightmall.local/category.php?cat=electronics" "Mozilla/5.0 (compatible; bingbot/2.0; +http://www.bing.com/bingbot.htm)"
172.16.5.14 - - [27/Feb/2026:14:52:41 +0100] "GET /assets/img/products/p4.jpg HTTP/1.1" 200 60288 "https://brightmall.local/" "Mozilla/5.0 (iPhone; CPU iPhone OS 17_2 like Mac OS X) AppleWebKit/605.1.15 (KHTML, like Gecko) Version/17.2 Mobile/15E148 Safari/604.1"
203.0.113.101 - - [27/Feb/2026:14:52:49 +0100] "GET /cart.php HTTP/2.0" 200 2719 "https://www.google.com/search?q=buy+electronics+online" "Mozilla/5.0 (compatible; bingbot/2.0; +http://www.bing.com/bingbot.htm)"
172.16.5.14 - - [27/Feb/2026:14:52:49 +0100] "GET /assets/img/products/p1.jpg HTTP/1.1" 200 48538 "https://brightmall.local/cart.php" "Mozilla/5.0 (Windows NT 10.0; Win64; x64) AppleWebKit/537.36 (KHTML, like Gecko) Chrome/120.0.0.0 Safari/537.36"
104.26.10.78 - - [27/Feb/2026:14:52:54 +0100] "GET /product.php?id=7 HTTP/1.1" 200 4234 "https://www.google.com/search?q=brightmall+shop" "Mozilla/5.0 (Windows NT 10.0; Win64; x64) AppleWebKit/537.36 (KHTML, like Gecko) Chrome/120.0.0.0 Safari/537.36"
104.26.10.78 - - [27/Feb/2026:14:53:07 +0100] "GET /cart.php HTTP/1.1" 200 2789 "https://www.google.com/search?q=buy+electronics+online" "Mozilla/5.0 (Windows NT 10.0; Win64; x64) AppleWebKit/537.36 (KHTML, like Gecko) Chrome/120.0.0.0 Safari/537.36"
172.16.5.14 - - [27/Feb/2026:14:53:07 +0100] "GET /wp-login.php HTTP/2.0" 404 317 "https://brightmall.local/cart.php" "Mozilla/5.0 (iPhone; CPU iPhone OS 17_2 like Mac OS X) AppleWebKit/605.1.15 (KHTML, like Gecko) Version/17.2 Mobile/15E148 Safari/604.1"
203.0.113.101 - - [27/Feb/2026:14:53:08 +0100] "GET /product.php?id=7 HTTP/1.1" 200 4211 "https://brightmall.local/cart.php" "Mozilla/5.0 (compatible; bingbot/2.0; +http://www.bing.com/bingbot.htm)"
172.16.5.14 - - [27/Feb/2026:14:53:13 +0100] "GET /page.php?file=shipping HTTP/1.1" 200 1088 "https://brightmall.local/account/login.php" "Mozilla/5.0 (Windows NT 10.0; Win64; x64) AppleWebKit/537.36 (KHTML, like Gecko) Chrome/120.0.0.0 Safari/537.36"
172.16.5.14 - - [27/Feb/2026:14:53:21 +0100] "GET /product.php?id=6 HTTP/1.1" 200 3293 "https://www.google.com/search?q=buy+electronics+online" "Mozilla/5.0 (iPhone; CPU iPhone OS 17_2 like Mac OS X) AppleWebKit/605.1.15 (KHTML, like Gecko) Version/17.2 Mobile/15E148 Safari/604.1"
203.0.113.101 - - [27/Feb/2026:14:53:22 +0100] "GET /page.php?file=contact HTTP/1.1" 200 1927 "https://brightmall.local/product.php?id=3" "Mozilla/5.0 (compatible; bingbot/2.0; +http://www.bing.com/bingbot.htm)"
104.26.10.78 - - [27/Feb/2026:14:53:27 +0100] "GET /product.php?id=2 HTTP/1.1" 200 3123 "https://brightmall.local/products.php" "Mozilla/5.0 (Windows NT 10.0; Win64; x64) AppleWebKit/537.36 (KHTML, like Gecko) Chrome/120.0.0.0 Safari/537.36"
172.16.5.14 - - [27/Feb/2026:14:53:28 +0100] "GET /assets/img/logo.png HTTP/1.1" 200 4373 "https://www.bing.com/" "Mozilla/5.0 (iPhone; CPU iPhone OS 17_2 like Mac OS X) AppleWebKit/605.1.15 (KHTML, like Gecko) Version/17.2 Mobile/15E148 Safari/604.1"
104.26.10.78 - - [27/Feb/2026:14:53:31 +0100] "POST /account/login.php HTTP/2.0" 302 0 "https://brightmall.local/category.php?cat=electronics" "Mozilla/5.0 (Windows NT 10.0; Win64; x64) AppleWebKit/537.36 (KHTML, like Gecko) Chrome/120.0.0.0 Safari/537.36"
172.16.5.14 - - [27/Feb/2026:14:53:31 +0100] "GET /page.php?file=shipping HTTP/2.0" 200 1637 "https://www.google.com/" "Mozilla/5.0 (Windows NT 10.0; Win64; x64) AppleWebKit/537.36 (KHTML, like Gecko) Chrome/120.0.0.0 Safari/537.36"
172.16.5.14 - - [27/Feb/2026:14:53:39 +0100] "GET /product.php?id=5 HTTP/1.1" 200 3808 "https://www.facebook.com/" "Mozilla/5.0 (iPhone; CPU iPhone OS 17_2 like Mac OS X) AppleWebKit/605.1.15 (KHTML, like Gecko) Version/17.2 Mobile/15E148 Safari/604.1"
172.16.5.14 - - [27/Feb/2026:14:53:45 +0100] "GET /search.php?q=backpack HTTP/1.1" 200 5486 "https://brightmall.local/cart.php" "Mozilla/5.0 (iPhone; CPU iPhone OS 17_2 like Mac OS X) AppleWebKit/605.1.15 (KHTML, like Gecko) Version/17.2 Mobile/15E148 Safari/604.1"
203.0.113.101 - - [27/Feb/2026:14:53:46 +0100] "GET /page.php?file=returns HTTP/1.1" 200 2023 "https://www.bing.com/" "Mozilla/5.0 (compatible; bingbot/2.0; +http://www.bing.com/bingbot.htm)"
104.26.10.78 - - [27/Feb/2026:14:53:55 +0100] "GET /page.php?file=shipping HTTP/1.1" 200 1271 "https://brightmall.local/account/login.php" "Mozilla/5.0 (Windows NT 10.0; Win64; x64) AppleWebKit/537.36 (KHTML, like Gecko) Chrome/120.0.0.0 Safari/537.36"
104.26.10.78 - - [27/Feb/2026:14:53:57 +0100] "GET /assets/js/main.js HTTP/1.1" 200 3342 "https://brightmall.local/category.php?cat=electronics" "Mozilla/5.0 (Windows NT 10.0; Win64; x64) AppleWebKit/537.36 (KHTML, like Gecko) Chrome/120.0.0.0 Safari/537.36"
91.189.92.10 - - [27/Feb/2026:14:54:03 +0100] "GET /api/products?page=1 HTTP/2.0" 200 6279 "https://brightmall.local/product.php?id=3" "Mozilla/5.0 (Windows NT 10.0; Win64; x64; rv:121.0) Gecko/20100101 Firefox/121.0"
203.0.113.101 - - [27/Feb/2026:14:54:11 +0100] "GET /api/products?page=1 HTTP/1.1" 200 7956 "https://brightmall.local/category.php?cat=electronics" "curl/7.88.1"
172.16.5.14 - - [27/Feb/2026:14:54:11 +0100] "GET /favicon.ico HTTP/1.1" 200 1024 "https://brightmall.local/products.php" "Mozilla/5.0 (iPhone; CPU iPhone OS 17_2 like Mac OS X) AppleWebKit/605.1.15 (KHTML, like Gecko) Version/17.2 Mobile/15E148 Safari/604.1"
203.0.113.101 - - [27/Feb/2026:14:54:19 +0100] "GET /favicon.ico HTTP/2.0" 200 1024 "https://brightmall.local/category.php?cat=electronics" "curl/7.88.1"
104.26.10.78 - - [27/Feb/2026:14:54:21 +0100] "GET /page.php?file=privacy HTTP/1.1" 200 2314 "https://brightmall.local/product.php?id=3" "Mozilla/5.0 (Windows NT 10.0; Win64; x64) AppleWebKit/537.36 (KHTML, like Gecko) Chrome/120.0.0.0 Safari/537.36"
91.189.92.10 - - [27/Feb/2026:14:54:27 +0100] "GET /page.php?file=privacy HTTP/2.0" 200 2483 "https://brightmall.local/category.php?cat=electronics" "Mozilla/5.0 (Windows NT 10.0; Win64; x64; rv:121.0) Gecko/20100101 Firefox/121.0"
172.16.5.14 - - [27/Feb/2026:14:54:30 +0100] "GET /assets/img/banner.jpg HTTP/1.1" 200 90836 "https://www.google.com/search?q=brightmall+shop" "Mozilla/5.0 (iPhone; CPU iPhone OS 17_2 like Mac OS X) AppleWebKit/605.1.15 (KHTML, like Gecko) Version/17.2 Mobile/15E148 Safari/604.1"
203.0.113.101 - - [27/Feb/2026:14:54:32 +0100] "GET /category.php?cat=electronics HTTP/2.0" 200 9367 "-" "curl/7.88.1"
104.26.10.78 - - [27/Feb/2026:14:54:44 +0100] "GET /page.php?file=about HTTP/1.1" 200 2016 "https://brightmall.local/category.php?cat=electronics" "Mozilla/5.0 (Windows NT 10.0; Win64; x64) AppleWebKit/537.36 (KHTML, like Gecko) Chrome/120.0.0.0 Safari/537.36"
203.0.113.101 - - [27/Feb/2026:14:54:45 +0100] "GET /cart.php HTTP/2.0" 200 2630 "https://brightmall.local/" "curl/7.88.1"
203.0.113.101 - - [27/Feb/2026:14:54:47 +0100] "GET /api/cart/count HTTP/1.1" 200 64 "https://www.google.com/search?q=brightmall+shop" "curl/7.88.1"
91.189.92.10 - - [27/Feb/2026:14:54:47 +0100] "GET /page.php?file=faq HTTP/1.1" 200 2130 "https://brightmall.local/category.php?cat=electronics" "Mozilla/5.0 (Windows NT 10.0; Win64; x64; rv:121.0) Gecko/20100101 Firefox/121.0"
203.0.113.101 - - [27/Feb/2026:14:54:52 +0100] "GET /page.php?file=shipping HTTP/1.1" 200 1033 "https://www.google.com/" "curl/7.88.1"
172.16.5.14 - - [27/Feb/2026:14:54:52 +0100] "GET /sitemap.xml HTTP/2.0" 200 3317 "https://www.bing.com/" "Mozilla/5.0 (iPhone; CPU iPhone OS 17_2 like Mac OS X) AppleWebKit/605.1.15 (KHTML, like Gecko) Version/17.2 Mobile/15E148 Safari/604.1"
203.0.113.101 - - [27/Feb/2026:14:55:01 +0100] "GET /account/register.php HTTP/2.0" 200 2029 "https://brightmall.local/account/login.php" "curl/7.88.1"
104.26.10.78 - - [27/Feb/2026:14:55:06 +0100] "GET /product.php?id=15 HTTP/1.1" 200 4978 "https://brightmall.local/cart.php" "Mozilla/5.0 (Windows NT 10.0; Win64; x64) AppleWebKit/537.36 (KHTML, like Gecko) Chrome/120.0.0.0 Safari/537.36"
172.16.5.14 - - [27/Feb/2026:14:55:07 +0100] "GET /assets/img/logo.png HTTP/1.1" 200 5622 "https://brightmall.local/" "Mozilla/5.0 (iPhone; CPU iPhone OS 17_2 like Mac OS X) AppleWebKit/605.1.15 (KHTML, like Gecko) Version/17.2 Mobile/15E148 Safari/604.1"
78.46.91.34 - - [27/Feb/2026:14:55:11 +0100] "GET /page.php?file=terms HTTP/1.1" 200 2121 "https://brightmall.local/product.php?id=3" "Mozilla/5.0 (Linux; Android 14; Pixel 8) AppleWebKit/537.36 (KHTML, like Gecko) Chrome/120.0.0.0 Mobile Safari/537.36"
78.46.91.34 - - [27/Feb/2026:14:55:15 +0100] "GET /assets/js/bootstrap.min.js HTTP/1.1" 200 16384 "https://www.google.com/search?q=brightmall+shop" "Mozilla/5.0 (Linux; Android 14; Pixel 8) AppleWebKit/537.36 (KHTML, like Gecko) Chrome/120.0.0.0 Mobile Safari/537.36"
203.0.113.101 - - [27/Feb/2026:14:55:27 +0100] "GET /account/login.php HTTP/1.1" 200 1400 "-" "curl/7.88.1"
104.26.10.78 - - [27/Feb/2026:14:55:32 +0100] "GET /page.php?file=about HTTP/1.1" 200 1388 "https://www.facebook.com/" "Mozilla/5.0 (Windows NT 10.0; Win64; x64) AppleWebKit/537.36 (KHTML, like Gecko) Chrome/120.0.0.0 Safari/537.36"
78.46.91.34 - - [27/Feb/2026:14:55:44 +0100] "GET /search.php?q=headphones HTTP/1.1" 200 6937 "-" "Mozilla/5.0 (Linux; Android 14; Pixel 8) AppleWebKit/537.36 (KHTML, like Gecko) Chrome/120.0.0.0 Mobile Safari/537.36"
78.46.91.34 - - [27/Feb/2026:14:55:50 +0100] "GET /page.php?file=shipping HTTP/1.1" 200 1888 "https://brightmall.local/product.php?id=3" "Mozilla/5.0 (Linux; Android 14; Pixel 8) AppleWebKit/537.36 (KHTML, like Gecko) Chrome/120.0.0.0 Mobile Safari/537.36"
203.0.113.101 - - [27/Feb/2026:14:55:50 +0100] "GET /api/products?page=1 HTTP/1.1" 200 7726 "https://brightmall.local/category.php?cat=electronics" "curl/7.88.1"
78.46.91.34 - - [27/Feb/2026:14:55:59 +0100] "GET /product.php?id=3 HTTP/1.1" 200 3251 "https://brightmall.local/cart.php" "Mozilla/5.0 (Linux; Android 14; Pixel 8) AppleWebKit/537.36 (KHTML, like Gecko) Chrome/120.0.0.0 Mobile Safari/537.36"
78.46.91.34 - - [27/Feb/2026:14:56:09 +0100] "GET /page.php?file=shipping HTTP/1.1" 200 1168 "https://brightmall.local/product.php?id=3" "Mozilla/5.0 (Linux; Android 14; Pixel 8) AppleWebKit/537.36 (KHTML, like Gecko) Chrome/120.0.0.0 Mobile Safari/537.36"
203.0.113.101 - - [27/Feb/2026:14:56:09 +0100] "GET /assets/img/logo.png HTTP/1.1" 200 7884 "https://brightmall.local/products.php" "curl/7.88.1"
10.0.0.45 - - [27/Feb/2026:14:56:11 +0100] "GET /page.php?file=about HTTP/1.1" 200 1848 "https://brightmall.local/account/login.php" "Mozilla/5.0 (Windows NT 6.1; Win64; x64) AppleWebKit/537.36 (KHTML, like Gecko) Chrome/109.0.0.0 Safari/537.36"
78.46.91.34 - - [27/Feb/2026:14:56:13 +0100] "GET /page.php?file=shipping HTTP/1.1" 200 1342 "https://brightmall.local/account/login.php" "Mozilla/5.0 (Linux; Android 14; Pixel 8) AppleWebKit/537.36 (KHTML, like Gecko) Chrome/120.0.0.0 Mobile Safari/537.36"
203.0.113.101 - - [27/Feb/2026:14:56:14 +0100] "GET /sitemap.xml HTTP/1.1" 200 2378 "https://brightmall.local/product.php?id=3" "curl/7.88.1"
78.46.91.34 - - [27/Feb/2026:14:56:20 +0100] "GET /favicon.ico HTTP/1.1" 200 1024 "https://brightmall.local/account/login.php" "Mozilla/5.0 (Linux; Android 14; Pixel 8) AppleWebKit/537.36 (KHTML, like Gecko) Chrome/120.0.0.0 Mobile Safari/537.36"
78.46.91.34 - - [27/Feb/2026:14:56:22 +0100] "GET /category.php?cat=home HTTP/2.0" 200 7351 "https://www.bing.com/" "Mozilla/5.0 (Linux; Android 14; Pixel 8) AppleWebKit/537.36 (KHTML, like Gecko) Chrome/120.0.0.0 Mobile Safari/537.36"
203.0.113.101 - - [27/Feb/2026:14:56:28 +0100] "GET /product.php?id=5 HTTP/1.1" 200 4927 "https://brightmall.local/product.php?id=3" "curl/7.88.1"
203.0.113.101 - - [27/Feb/2026:14:56:29 +0100] "GET /assets/img/products/p1.jpg HTTP/1.1" 200 46759 "https://brightmall.local/cart.php" "curl/7.88.1"
10.0.0.45 - - [27/Feb/2026:14:56:32 +0100] "GET /index.php HTTP/1.1" 200 3411 "-" "Mozilla/5.0 (Windows NT 6.1; Win64; x64) AppleWebKit/537.36 (KHTML, like Gecko) Chrome/109.0.0.0 Safari/537.36"
10.0.0.45 - - [27/Feb/2026:14:56:34 +0100] "GET /old/index.html HTTP/2.0" 404 289 "https://www.google.com/search?q=brightmall+shop" "Mozilla/5.0 (Windows NT 6.1; Win64; x64) AppleWebKit/537.36 (KHTML, like Gecko) Chrome/109.0.0.0 Safari/537.36"
78.46.91.34 - - [27/Feb/2026:14:56:48 +0100] "GET /page.php?file=privacy HTTP/2.0" 200 2670 "https://brightmall.local/cart.php" "Mozilla/5.0 (Linux; Android 14; Pixel 8) AppleWebKit/537.36 (KHTML, like Gecko) Chrome/120.0.0.0 Mobile Safari/537.36"
10.0.0.45 - - [27/Feb/2026:14:56:53 +0100] "GET /assets/js/jquery.min.js HTTP/1.1" 200 32768 "https://brightmall.local/category.php?cat=electronics" "Mozilla/5.0 (Windows NT 6.1; Win64; x64) AppleWebKit/537.36 (KHTML, like Gecko) Chrome/109.0.0.0 Safari/537.36"
78.46.91.34 - - [27/Feb/2026:14:57:17 +0100] "GET /robots.txt HTTP/1.1" 200 250 "-" "Mozilla/5.0 (Linux; Android 14; Pixel 8) AppleWebKit/537.36 (KHTML, like Gecko) Chrome/120.0.0.0 Mobile Safari/537.36"
10.0.0.45 - - [27/Feb/2026:14:57:22 +0100] "GET /product.php?id=15 HTTP/2.0" 200 3275 "https://www.google.com/" "Mozilla/5.0 (Windows NT 6.1; Win64; x64) AppleWebKit/537.36 (KHTML, like Gecko) Chrome/109.0.0.0 Safari/537.36"
78.46.91.34 - - [27/Feb/2026:14:57:31 +0100] "GET /category.php?cat=books HTTP/1.1" 200 7124 "https://brightmall.local/account/login.php" "Mozilla/5.0 (Linux; Android 14; Pixel 8) AppleWebKit/537.36 (KHTML, like Gecko) Chrome/120.0.0.0 Mobile Safari/537.36"
10.0.0.45 - - [27/Feb/2026:14:57:38 +0100] "GET /search.php?q=headphones HTTP/1.1" 200 6034 "https://www.google.com/search?q=brightmall+shop" "Mozilla/5.0 (Windows NT 6.1; Win64; x64) AppleWebKit/537.36 (KHTML, like Gecko) Chrome/109.0.0.0 Safari/537.36"
10.0.0.45 - - [27/Feb/2026:14:57:41 +0100] "GET /account/login.php HTTP/1.1" 200 1459 "https://www.bing.com/" "Mozilla/5.0 (Windows NT 6.1; Win64; x64) AppleWebKit/537.36 (KHTML, like Gecko) Chrome/109.0.0.0 Safari/537.36"
78.46.91.34 - - [27/Feb/2026:14:57:46 +0100] "GET /search.php?q=backpack HTTP/1.1" 200 8118 "https://www.google.com/" "Mozilla/5.0 (Linux; Android 14; Pixel 8) AppleWebKit/537.36 (KHTML, like Gecko) Chrome/120.0.0.0 Mobile Safari/537.36"
10.0.0.45 - - [27/Feb/2026:14:57:53 +0100] "GET /assets/js/bootstrap.min.js HTTP/1.1" 200 16384 "https://t.co/abc123" "Mozilla/5.0 (Windows NT 6.1; Win64; x64) AppleWebKit/537.36 (KHTML, like Gecko) Chrome/109.0.0.0 Safari/537.36"
78.46.91.34 - - [27/Feb/2026:14:58:00 +0100] "GET /search.php?q=backpack HTTP/1.1" 200 7527 "https://brightmall.local/cart.php" "Mozilla/5.0 (Linux; Android 14; Pixel 8) AppleWebKit/537.36 (KHTML, like Gecko) Chrome/120.0.0.0 Mobile Safari/537.36"
78.46.91.34 - - [27/Feb/2026:14:58:22 +0100] "GET /search.php?q=laptop HTTP/1.1" 200 5355 "https://www.google.com/search?q=brightmall+shop" "Mozilla/5.0 (Linux; Android 14; Pixel 8) AppleWebKit/537.36 (KHTML, like Gecko) Chrome/120.0.0.0 Mobile Safari/537.36"
10.0.0.67 - - [27/Feb/2026:15:02:30 +0100] "GET /assets/js/main.js HTTP/1.1" 200 3949 "https://brightmall.local/account/login.php" "Mozilla/5.0 (X11; Linux x86_64) AppleWebKit/537.36 (KHTML, like Gecko) Chrome/120.0.0.0 Safari/537.36"
10.0.0.67 - - [27/Feb/2026:15:02:41 +0100] "GET / HTTP/1.1" 200 2745 "https://brightmall.local/product.php?id=3" "Mozilla/5.0 (X11; Linux x86_64) AppleWebKit/537.36 (KHTML, like Gecko) Chrome/120.0.0.0 Safari/537.36"
10.0.0.67 - - [27/Feb/2026:15:03:11 +0100] "GET /admin/ HTTP/1.1" 404 379 "https://www.google.com/search?q=brightmall+shop" "Mozilla/5.0 (X11; Linux x86_64) AppleWebKit/537.36 (KHTML, like Gecko) Chrome/120.0.0.0 Safari/537.36"
203.0.113.78 - - [27/Feb/2026:15:03:16 +0100] "GET / HTTP/2.0" 200 3850 "https://brightmall.local/product.php?id=3" "Mozilla/5.0 (X11; Linux x86_64) AppleWebKit/537.36 (KHTML, like Gecko) Chrome/120.0.0.0 Safari/537.36"
203.0.113.78 - - [27/Feb/2026:15:03:36 +0100] "GET /product.php?id=13 HTTP/2.0" 200 4751 "https://brightmall.local/" "Mozilla/5.0 (X11; Linux x86_64) AppleWebKit/537.36 (KHTML, like Gecko) Chrome/120.0.0.0 Safari/537.36"
203.0.113.78 - - [27/Feb/2026:15:03:38 +0100] "GET /assets/img/logo.png HTTP/1.1" 200 7688 "https://www.google.com/" "Mozilla/5.0 (X11; Linux x86_64) AppleWebKit/537.36 (KHTML, like Gecko) Chrome/120.0.0.0 Safari/537.36"
10.0.0.67 - - [27/Feb/2026:15:03:39 +0100] "GET /page.php?file=privacy HTTP/1.1" 200 3000 "-" "Mozilla/5.0 (X11; Linux x86_64) AppleWebKit/537.36 (KHTML, like Gecko) Chrome/120.0.0.0 Safari/537.36"
203.0.113.78 - - [27/Feb/2026:15:03:41 +0100] "GET /assets/img/logo.png HTTP/1.1" 200 7358 "https://brightmall.local/products.php" "Mozilla/5.0 (X11; Linux x86_64) AppleWebKit/537.36 (KHTML, like Gecko) Chrome/120.0.0.0 Safari/537.36"
10.0.0.67 - - [27/Feb/2026:15:03:42 +0100] "GET /favicon.ico HTTP/1.1" 200 1024 "https://brightmall.local/products.php" "Mozilla/5.0 (X11; Linux x86_64) AppleWebKit/537.36 (KHTML, like Gecko) Chrome/120.0.0.0 Safari/537.36"
203.0.113.78 - - [27/Feb/2026:15:04:03 +0100] "GET /assets/js/bootstrap.min.js HTTP/1.1" 200 16384 "https://www.google.com/search?q=brightmall+shop" "Mozilla/5.0 (X11; Linux x86_64) AppleWebKit/537.36 (KHTML, like Gecko) Chrome/120.0.0.0 Safari/537.36"
10.0.0.67 - - [27/Feb/2026:15:04:05 +0100] "GET /page.php?file=contact HTTP/2.0" 200 1579 "https://brightmall.local/category.php?cat=electronics" "Mozilla/5.0 (X11; Linux x86_64) AppleWebKit/537.36 (KHTML, like Gecko) Chrome/120.0.0.0 Safari/537.36"
10.0.0.67 - - [27/Feb/2026:15:04:17 +0100] "GET /product.php?id=1 HTTP/1.1" 200 3448 "https://brightmall.local/product.php?id=3" "Mozilla/5.0 (X11; Linux x86_64) AppleWebKit/537.36 (KHTML, like Gecko) Chrome/120.0.0.0 Safari/537.36"
203.0.113.101 - - [27/Feb/2026:15:04:31 +0100] "GET /assets/css/bootstrap.min.css HTTP/1.1" 200 20353 "https://brightmall.local/account/login.php" "Mozilla/5.0 (Windows NT 10.0; Win64; x64) AppleWebKit/537.36 (KHTML, like Gecko) Chrome/119.0.0.0 Safari/537.36 Edg/119.0.0.0"
10.0.0.67 - - [27/Feb/2026:15:04:33 +0100] "GET /page.php?file=shipping HTTP/1.1" 200 1733 "https://brightmall.local/account/login.php" "Mozilla/5.0 (X11; Linux x86_64) AppleWebKit/537.36 (KHTML, like Gecko) Chrome/120.0.0.0 Safari/537.36"
203.0.113.101 - - [27/Feb/2026:15:04:54 +0100] "GET /assets/js/main.js HTTP/1.1" 200 2486 "https://www.google.com/search?q=brightmall+shop" "Mozilla/5.0 (Windows NT 10.0; Win64; x64) AppleWebKit/537.36 (KHTML, like Gecko) Chrome/119.0.0.0 Safari/537.36 Edg/119.0.0.0"
10.0.0.67 - - [27/Feb/2026:15:04:58 +0100] "GET /admin/ HTTP/1.1" 404 274 "https://www.google.com/search?q=buy+electronics+online" "Mozilla/5.0 (X11; Linux x86_64) AppleWebKit/537.36 (KHTML, like Gecko) Chrome/120.0.0.0 Safari/537.36"
