185.220.44.12 - - [27/Feb/2026:12:59:21 +0100] "GET /assets/img/banner.jpg HTTP/1.1" 200 91975 "https://brightmall.local/product.php?id=3" "Mozilla/5.0 (compatible; bingbot/2.0; +http://www.bing.com/bingbot.htm)"
172.16.5.33 - - [27/Feb/2026:12:59:32 +0100] "GET /page.php?file=shipping HTTP/1.1" 200 1556 "https://www.bing.com/" "Mozilla/5.0 (iPhone; CPU iPhone OS 17_2 like Mac OS X) AppleWebKit/605.1.15 (KHTML, like Gecko) Version/17.2 Mobile/15E148 Safari/604.1"
185.220.44.12 - - [27/Feb/2026:12:59:39 +0100] "GET /assets/js/bootstrap.min.js HTTP/1.1" 200 16384 "https://brightmall.local/" "Mozilla/5.0 (compatible; bingbot/2.0; +http://www.bing.com/bingbot.htm)"
172.16.5.33 - - [27/Feb/2026:12:59:57 +0100] "GET /assets/img/products/p2.jpg HTTP/1.1" 200 37155 "https://brightmall.local/cart.php" "Mozilla/5.0 (iPhone; CPU iPhone OS 17_2 like Mac OS X) AppleWebKit/605.1.15 (KHTML, like Gecko) Version/17.2 Mobile/15E148 Safari/604.1"
185.220.44.12 - - [27/Feb/2026:13:00:00 +0100] "GET /assets/img/products/p3.jpg HTTP/1.1" 200 46605 "https://www.google.com/search?q=buy+electronics+online" "Mozilla/5.0 (compatible; bingbot/2.0; +http://www.bing.com/bingbot.htm)"
172.16.5.33 - - [27/Feb/2026:13:00:22 +0100] "GET /product.php?id=12 HTTP/1.1" 200 4303 "https://t.co/abc123" "Mozilla/5.0 (iPhone; CPU iPhone OS 17_2 like Mac OS X) AppleWebKit/605.1.15 (KHTML, like Gecko) Version/17.2 Mobile/15E148 Safari/604.1"
185.220.44.12 - - [27/Feb/2026:13:00:24 +0100] "GET /products.php HTTP/1.1" 200 10574 "https://brightmall.local/products.php" "Mozilla/5.0 (compatible; bingbot/2.0; +http://www.bing.com/bingbot.htm)"
172.16.5.33 - - [27/Feb/2026:13:00:25 +0100] "GET /product.php?id=16 HTTP/2.0" 200 5054 "https://brightmall.local/cart.php" "Mozilla/5.0 (iPhone; CPU iPhone OS 17_2 like Mac OS X) AppleWebKit/605.1.15 (KHTML, like Gecko) Version/17.2 Mobile/15E148 Safari/604.1"
185.220.44.12 - - [27/Feb/2026:13:00:28 +0100] "GET /page.php?file=about HTTP/1.1" 200 1739 "https://brightmall.local/account/login.php" "Mozilla/5.0 (compatible; bingbot/2.0; +http://www.bing.com/bingbot.htm)"
172.16.5.33 - - [27/Feb/2026:13:00:39 +0100] "GET /page.php?file=returns HTTP/1.1" 200 1949 "https://www.google.com/search?q=buy+electronics+online" "Mozilla/5.0 (iPhone; CPU iPhone OS 17_2 like Mac OS X) AppleWebKit/605.1.15 (KHTML, like Gecko) Version/17.2 Mobile/15E148 Safari/604.1"
172.16.5.33 - - [27/Feb/2026:13:00:45 +0100] "GET /product.php?id=999 HTTP/1.1" 404 283 "https://brightmall.local/account/login.php" "Mozilla/5.0 (iPhone; CPU iPhone OS 17_2 like Mac OS X) AppleWebKit/605.1.15 (KHTML, like Gecko) Version/17.2 Mobile/15E148 Safari/604.1"
185.220.44.12 - - [27/Feb/2026:13:00:51 +0100] "GET /robots.txt HTTP/1.1" 200 134 "https://brightmall.local/cart.php" "Mozilla/5.0 (compatible; bingbot/2.0; +http://www.bing.com/bingbot.htm)"
185.220.44.12 - - [27/Feb/2026:13:00:53 +0100] "GET /page.php?file=privacy HTTP/2.0" 200 2807 "https://www.bing.com/" "Mozilla/5.0 (compatible; bingbot/2.0; +http://www.bing.com/bingbot.htm)"
172.16.5.33 - - [27/Feb/2026:13:01:08 +0100] "GET /product.php?id=3 HTTP/1.1" 200 3416 "https://brightmall.local/products.php" "Mozilla/5.0 (iPhone; CPU iPhone OS 17_2 like Mac OS X) AppleWebKit/605.1.15 (KHTML, like Gecko) Version/17.2 Mobile/15E148 Safari/604.1"
185.220.44.12 - - [27/Feb/2026:13:01:22 +0100] "GET /product.php?id=2 HTTP/1.1" 200 3701 "https://t.co/abc123" "Mozilla/5.0 (compatible; bingbot/2.0; +http://www.bing.com/bingbot.htm)"
185.220.44.12 - - [27/Feb/2026:13:01:28 +0100] "GET /product.php?id=14 HTTP/2.0" 200 3455 "https://brightmall.local/product.php?id=3" "Mozilla/5.0 (compatible; bingbot/2.0; +http://www.bing.com/bingbot.htm)"
172.16.5.33 - - [27/Feb/2026:13:01:31 +0100] "GET /category.php?cat=electronics HTTP/1.1" 200 9899 "https://brightmall.local/account/login.php" "Mozilla/5.0 (iPhone; CPU iPhone OS 17_2 like Mac OS X) AppleWebKit/605.1.15 (KHTML, like Gecko) Version/17.2 Mobile/15E148 Safari/604.1"
185.220.44.12 - - [27/Feb/2026:13:01:36 +0100] "GET /page.php?file=terms HTTP/1.1" 200 2605 "https://www.bing.com/" "Mozilla/5.0 (compatible; bingbot/2.0; +http://www.bing.com/bingbot.htm)"
172.16.5.33 - - [27/Feb/2026:13:01:39 +0100] "GET /robots.txt HTTP/1.1" 200 186 "https://brightmall.local/product.php?id=3" "Mozilla/5.0 (iPhone; CPU iPhone OS 17_2 like Mac OS X) AppleWebKit/605.1.15 (KHTML, like Gecko) Version/17.2 Mobile/15E148 Safari/604.1"
185.220.44.12 - - [27/Feb/2026:13:01:50 +0100] "GET /assets/img/products/p3.jpg HTTP/2.0" 200 49981 "https://www.google.com/search?q=brightmall+shop" "Mozilla/5.0 (compatible; bingbot/2.0; +http://www.bing.com/bingbot.htm)"
185.220.44.12 - - [27/Feb/2026:13:01:52 +0100] "GET /product.php?id=3 HTTP/1.1" 200 4153 "https://brightmall.local/account/login.php" "Mozilla/5.0 (compatible; bingbot/2.0; +http://www.bing.com/bingbot.htm)"
185.220.44.12 - - [27/Feb/2026:13:02:07 +0100] "GET /api/cart/count HTTP/1.1" 200 47 "https://www.bing.com/" "Mozilla/5.0 (compatible; bingbot/2.0; +http://www.bing.com/bingbot.htm)"
172.16.5.33 - - [27/Feb/2026:13:02:09 +0100] "GET /product.php?id=10 HTTP/2.0" 200 4452 "https://www.facebook.com/" "Mozilla/5.0 (iPhone; CPU iPhone OS 17_2 like Mac OS X) AppleWebKit/605.1.15 (KHTML, like Gecko) Version/17.2 Mobile/15E148 Safari/604.1"
185.220.44.12 - - [27/Feb/2026:13:02:19 +0100] "GET /account/register.php HTTP/1.1" 200 2426 "https://www.facebook.com/" "Mozilla/5.0 (compatible; bingbot/2.0; +http://www.bing.com/bingbot.htm)"
172.16.5.33 - - [27/Feb/2026:13:02:29 +0100] "GET /assets/js/main.js HTTP/1.1" 200 3734 "https://www.bing.com/" "Mozilla/5.0 (iPhone; CPU iPhone OS 17_2 like Mac OS X) AppleWebKit/605.1.15 (KHTML, like Gecko) Version/17.2 Mobile/15E148 Safari/604.1"
172.16.5.33 - - [27/Feb/2026:13:02:33 +0100] "GET /product.php?id=12 HTTP/2.0" 200 4707 "https://brightmall.local/products.php" "Mozilla/5.0 (iPhone; CPU iPhone OS 17_2 like Mac OS X) AppleWebKit/605.1.15 (KHTML, like Gecko) Version/17.2 Mobile/15E148 Safari/604.1"
172.16.5.33 - - [27/Feb/2026:13:02:39 +0100] "GET /api/cart/count HTTP/1.1" 200 42 "https://brightmall.local/" "Mozilla/5.0 (iPhone; CPU iPhone OS 17_2 like Mac OS X) AppleWebKit/605.1.15 (KHTML, like Gecko) Version/17.2 Mobile/15E148 Safari/604.1"
185.220.44.12 - - [27/Feb/2026:13:02:40 +0100] "GET /assets/img/products/p3.jpg HTTP/1.1" 200 40479 "https://www.google.com/search?q=brightmall+shop" "Mozilla/5.0 (compatible; bingbot/2.0; +http://www.bing.com/bingbot.htm)"
172.16.5.33 - - [27/Feb/2026:13:02:48 +0100] "GET /api/products?page=2 HTTP/2.0" 200 7938 "https://www.google.com/" "Mozilla/5.0 (iPhone; CPU iPhone OS 17_2 like Mac OS X) AppleWebKit/605.1.15 (KHTML, like Gecko) Version/17.2 Mobile/15E148 Safari/604.1"
203.0.113.78 - - [27/Feb/2026:13:11:15 +0100] "GET /account/profile.php HTTP/1.1" 200 3012 "https://www.bing.com/" "Mozilla/5.0 (Windows NT 10.0; Win64; x64; rv:121.0) Gecko/20100101 Firefox/121.0"
203.0.113.78 - - [27/Feb/2026:13:11:26 +0100] "GET /search.php?q=headphones HTTP/2.0" 200 6497 "https://www.google.com/search?q=buy+electronics+online" "Mozilla/5.0 (Windows NT 10.0; Win64; x64; rv:121.0) Gecko/20100101 Firefox/121.0"
192.168.1.88 - - [27/Feb/2026:13:11:41 +0100] "GET /account/login.php HTTP/1.1" 200 1873 "https://www.google.com/search?q=brightmall+shop" "Mozilla/5.0 (compatible; bingbot/2.0; +http://www.bing.com/bingbot.htm)"
192.168.1.88 - - [27/Feb/2026:13:11:43 +0100] "GET /product.php?id=18 HTTP/1.1" 200 3247 "-" "Mozilla/5.0 (compatible; bingbot/2.0; +http://www.bing.com/bingbot.htm)"
203.0.113.78 - - [27/Feb/2026:13:11:43 +0100] "GET /assets/img/products/p3.jpg HTTP/1.1" 200 38952 "https://brightmall.local/account/login.php" "Mozilla/5.0 (Windows NT 10.0; Win64; x64; rv:121.0) Gecko/20100101 Firefox/121.0"
192.168.1.88 - - [27/Feb/2026:13:11:50 +0100] "GET /search.php?q=laptop HTTP/2.0" 200 5116 "https://www.google.com/search?q=buy+electronics+online" "Mozilla/5.0 (compatible; bingbot/2.0; +http://www.bing.com/bingbot.htm)"
203.0.113.78 - - [27/Feb/2026:13:11:50 +0100] "GET /page.php?file=returns HTTP/1.1" 200 1687 "https://www.bing.com/" "Mozilla/5.0 (Windows NT 10.0; Win64; x64; rv:121.0) Gecko/20100101 Firefox/121.0"
192.168.1.88 - - [27/Feb/2026:13:12:05 +0100] "GET /search.php?q=laptop HTTP/1.1" 200 7563 "https://www.google.com/search?q=buy+electronics+online" "Mozilla/5.0 (compatible; bingbot/2.0; +http://www.bing.com/bingbot.htm)"
192.168.1.88 - - [27/Feb/2026:13:12:10 +0100] "POST /account/login.php HTTP/1.1" 302 0 "https://brightmall.local/cart.php" "Mozilla/5.0 (compatible; bingbot/2.0; +http://www.bing.com/bingbot.htm)"
203.0.113.78 - - [27/Feb/2026:13:12:14 +0100] "GET /cart.php HTTP/2.0" 200 2491 "https://brightmall.local/product.php?id=3" "Mozilla/5.0 (Windows NT 10.0; Win64; x64; rv:121.0) Gecko/20100101 Firefox/121.0"
203.0.113.78 - - [27/Feb/2026:13:12:15 +0100] "GET /account/profile.php HTTP/1.1" 200 2867 "https://brightmall.local/" "Mozilla/5.0 (Windows NT 10.0; Win64; x64; rv:121.0) Gecko/20100101 Firefox/121.0"
192.168.1.88 - - [27/Feb/2026:13:12:17 +0100] "GET /api/cart/count HTTP/1.1" 200 57 "-" "Mozilla/5.0 (compatible; bingbot/2.0; +http://www.bing.com/bingbot.htm)"
172.16.5.33 - - [27/Feb/2026:13:13:16 +0100] "GET /product.php?id=15 HTTP/1.1" 200 5019 "https://brightmall.local/product.php?id=3" "Mozilla/5.0 (Macintosh; Intel Mac OS X 10_15_7) AppleWebKit/605.1.15 (KHTML, like Gecko) Version/17.2 Safari/605.1.15"
172.16.5.33 - - [27/Feb/2026:13:13:18 +0100] "GET /product.php?id=1 HTTP/1.1" 200 3353 "-" "Mozilla/5.0 (Macintosh; Intel Mac OS X 10_15_7) AppleWebKit/605.1.15 (KHTML, like Gecko) Version/17.2 Safari/605.1.15"
172.16.5.33 - - [27/Feb/2026:13:13:19 +0100] "GET /cart.php HTTP/2.0" 200 3945 "https://brightmall.local/product.php?id=3" "Mozilla/5.0 (Macintosh; Intel Mac OS X 10_15_7) AppleWebKit/605.1.15 (KHTML, like Gecko) Version/17.2 Safari/605.1.15"
203.0.113.42 - - [27/Feb/2026:13:15:29 +0100] "GET /account/profile.php HTTP/1.1" 200 2565 "https://brightmall.local/product.php?id=3" "Mozilla/5.0 (iPhone; CPU iPhone OS 17_2 like Mac OS X) AppleWebKit/605.1.15 (KHTML, like Gecko) Version/17.2 Mobile/15E148 Safari/604.1"
203.0.113.42 - - [27/Feb/2026:13:15:43 +0100] "GET /account/register.php HTTP/2.0" 200 2437 "https://www.google.com/search?q=brightmall+shop" "Mozilla/5.0 (iPhone; CPU iPhone OS 17_2 like Mac OS X) AppleWebKit/605.1.15 (KHTML, like Gecko) Version/17.2 Mobile/15E148 Safari/604.1"
203.0.113.42 - - [27/Feb/2026:13:16:10 +0100] "GET /account/register.php HTTP/2.0" 200 1762 "https://brightmall.local/cart.php" "Mozilla/5.0 (iPhone; CPU iPhone OS 17_2 like Mac OS X) AppleWebKit/605.1.15 (KHTML, like Gecko) Version/17.2 Mobile/15E148 Safari/604.1"
100.24.56.147 - - [27/Feb/2026:13:16:19 +0100] "GET /assets/img/products/p2.jpg HTTP/2.0" 200 36719 "https://brightmall.local/category.php?cat=electronics" "Mozilla/5.0 (compatible; Googlebot/2.1; +http://www.google.com/bot.html)"
100.24.56.147 - - [27/Feb/2026:13:16:24 +0100] "GET /assets/js/bootstrap.min.js HTTP/2.0" 200 16384 "https://brightmall.local/product.php?id=3" "Mozilla/5.0 (compatible; Googlebot/2.1; +http://www.google.com/bot.html)"
203.0.113.42 - - [27/Feb/2026:13:16:28 +0100] "GET /category.php?cat=electronics HTTP/1.1" 200 9149 "https://www.google.com/" "Mozilla/5.0 (iPhone; CPU iPhone OS 17_2 like Mac OS X) AppleWebKit/605.1.15 (KHTML, like Gecko) Version/17.2 Mobile/15E148 Safari/604.1"
100.24.56.147 - - [27/Feb/2026:13:16:39 +0100] "GET /product.php?id=5 HTTP/1.1" 200 4059 "https://brightmall.local/" "Mozilla/5.0 (compatible; Googlebot/2.1; +http://www.google.com/bot.html)"
100.24.56.147 - - [27/Feb/2026:13:16:58 +0100] "GET /assets/img/products/p1.jpg HTTP/1.1" 200 34736 "https://www.bing.com/" "Mozilla/5.0 (compatible; Googlebot/2.1; +http://www.google.com/bot.html)"
100.24.56.147 - - [27/Feb/2026:13:17:12 +0100] "GET /page.php?file=shipping HTTP/1.1" 200 1321 "https://brightmall.local/" "Mozilla/5.0 (compatible; Googlebot/2.1; +http://www.google.com/bot.html)"
100.24.56.147 - - [27/Feb/2026:13:17:24 +0100] "GET /page.php?file=about HTTP/1.1" 200 1454 "https://brightmall.local/category.php?cat=electronics" "Mozilla/5.0 (compatible; Googlebot/2.1; +http://www.google.com/bot.html)"
100.24.56.147 - - [27/Feb/2026:13:17:26 +0100] "GET /category.php?cat=clothing HTTP/1.1" 200 10329 "https://www.bing.com/" "Mozilla/5.0 (compatible; Googlebot/2.1; +http://www.google.com/bot.html)"
100.24.56.147 - - [27/Feb/2026:13:17:29 +0100] "GET /assets/img/banner.jpg HTTP/1.1" 200 90778 "https://www.facebook.com/" "Mozilla/5.0 (compatible; Googlebot/2.1; +http://www.google.com/bot.html)"
198.51.100.22 - - [27/Feb/2026:13:22:18 +0100] "GET /page.php?file=contact HTTP/2.0" 200 1201 "https://t.co/abc123" "Mozilla/5.0 (Windows NT 10.0; Win64; x64) AppleWebKit/537.36 (KHTML, like Gecko) Chrome/119.0.0.0 Safari/537.36 Edg/119.0.0.0"
198.51.100.22 - - [27/Feb/2026:13:22:38 +0100] "GET /favicon.ico HTTP/1.1" 200 1024 "https://brightmall.local/" "Mozilla/5.0 (Windows NT 10.0; Win64; x64) AppleWebKit/537.36 (KHTML, like Gecko) Chrome/119.0.0.0 Safari/537.36 Edg/119.0.0.0"
198.51.100.22 - - [27/Feb/2026:13:23:04 +0100] "GET /product.php?id=13 HTTP/2.0" 200 4992 "https://www.google.com/search?q=brightmall+shop" "Mozilla/5.0 (Windows NT 10.0; Win64; x64) AppleWebKit/537.36 (KHTML, like Gecko) Chrome/119.0.0.0 Safari/537.36 Edg/119.0.0.0"
198.51.100.22 - - [27/Feb/2026:13:23:24 +0100] "GET /favicon.ico HTTP/1.1" 200 1024 "https://brightmall.local/account/login.php" "Mozilla/5.0 (Windows NT 10.0; Win64; x64) AppleWebKit/537.36 (KHTML, like Gecko) Chrome/119.0.0.0 Safari/537.36 Edg/119.0.0.0"
198.51.100.22 - - [27/Feb/2026:13:23:30 +0100] "GET / HTTP/2.0" 200 2492 "https://brightmall.local/category.php?cat=electronics" "Mozilla/5.0 (Windows NT 10.0; Win64; x64) AppleWebKit/537.36 (KHTML, like Gecko) Chrome/119.0.0.0 Safari/537.36 Edg/119.0.0.0"
198.51.100.22 - - [27/Feb/2026:13:23:38 +0100] "GET /page.php?file=terms HTTP/1.1" 200 2186 "https://www.google.com/search?q=buy+electronics+online" "Mozilla/5.0 (Windows NT 10.0; Win64; x64) AppleWebKit/537.36 (KHTML, like Gecko) Chrome/119.0.0.0 Safari/537.36 Edg/119.0.0.0"
198.51.100.22 - - [27/Feb/2026:13:23:45 +0100] "GET /search.php?q=laptop HTTP/1.1" 200 6661 "https://brightmall.local/product.php?id=3" "Mozilla/5.0 (Windows NT 10.0; Win64; x64) AppleWebKit/537.36 (KHTML, like Gecko) Chrome/119.0.0.0 Safari/537.36 Edg/119.0.0.0"
198.51.100.22 - - [27/Feb/2026:13:24:09 +0100] "GET /favicon.ico HTTP/1.1" 200 1024 "https://www.google.com/search?q=brightmall+shop" "Mozilla/5.0 (Windows NT 10.0; Win64; x64) AppleWebKit/537.36 (KHTML, like Gecko) Chrome/119.0.0.0 Safari/537.36 Edg/119.0.0.0"
198.51.100.22 - - [27/Feb/2026:13:24:27 +0100] "GET /assets/img/logo.png HTTP/1.1" 200 7530 "https://brightmall.local/account/login.php" "Mozilla/5.0 (Windows NT 10.0; Win64; x64) AppleWebKit/537.36 (KHTML, like Gecko) Chrome/119.0.0.0 Safari/537.36 Edg/119.0.0.0"
198.51.100.22 - - [27/Feb/2026:13:24:38 +0100] "GET /page.php?file=terms HTTP/1.1" 200 2904 "-" "Mozilla/5.0 (Windows NT 10.0; Win64; x64) AppleWebKit/537.36 (KHTML, like Gecko) Chrome/119.0.0.0 Safari/537.36 Edg/119.0.0.0"
198.51.100.22 - - [27/Feb/2026:13:24:52 +0100] "GET / HTTP/1.1" 200 3806 "-" "Mozilla/5.0 (Windows NT 10.0; Win64; x64) AppleWebKit/537.36 (KHTML, like Gecko) Chrome/119.0.0.0 Safari/537.36 Edg/119.0.0.0"
198.51.100.22 - - [27/Feb/2026:13:25:18 +0100] "GET /category.php?cat=home HTTP/1.1" 200 6911 "https://brightmall.local/account/login.php" "Mozilla/5.0 (Windows NT 10.0; Win64; x64) AppleWebKit/537.36 (KHTML, like Gecko) Chrome/119.0.0.0 Safari/537.36 Edg/119.0.0.0"
192.168.1.105 - - [27/Feb/2026:13:27:53 +0100] "GET /favicon.ico HTTP/1.1" 200 1024 "https://brightmall.local/" "Mozilla/5.0 (Windows NT 6.1; Win64; x64) AppleWebKit/537.36 (KHTML, like Gecko) Chrome/109.0.0.0 Safari/537.36"
192.168.1.105 - - [27/Feb/2026:13:28:10 +0100] "GET /search.php?q=laptop HTTP/2.0" 200 7088 "https://www.google.com/" "Mozilla/5.0 (Windows NT 6.1; Win64; x64) AppleWebKit/537.36 (KHTML, like Gecko) Chrome/109.0.0.0 Safari/537.36"
192.168.1.105 - - [27/Feb/2026:13:28:17 +0100] "GET /product.php?id=12 HTTP/2.0" 200 4076 "https://www.google.com/" "Mozilla/5.0 (Windows NT 6.1; Win64; x64) AppleWebKit/537.36 (KHTML, like Gecko) Chrome/109.0.0.0 Safari/537.36"
192.168.1.105 - - [27/Feb/2026:13:28:20 +0100] "GET /search.php?q=backpack HTTP/1.1" 200 8148 "https://brightmall.local/category.php?cat=electronics" "Mozilla/5.0 (Windows NT 6.1; Win64; x64) AppleWebKit/537.36 (KHTML, like Gecko) Chrome/109.0.0.0 Safari/537.36"
192.168.1.88 - - [27/Feb/2026:13:28:27 +0100] "GET /api/products?page=1 HTTP/2.0" 200 6563 "https://brightmall.local/cart.php" "Mozilla/5.0 (Linux; Android 14; Pixel 8) AppleWebKit/537.36 (KHTML, like Gecko) Chrome/120.0.0.0 Mobile Safari/537.36"
192.168.1.105 - - [27/Feb/2026:13:28:45 +0100] "GET /assets/css/style.css HTTP/1.1" 200 10209 "https://brightmall.local/account/login.php" "Mozilla/5.0 (Windows NT 6.1; Win64; x64) AppleWebKit/537.36 (KHTML, like Gecko) Chrome/109.0.0.0 Safari/537.36"
192.168.1.88 - - [27/Feb/2026:13:28:48 +0100] "GET /old/index.html HTTP/1.1" 404 420 "https://brightmall.local/cart.php" "Mozilla/5.0 (Linux; Android 14; Pixel 8) AppleWebKit/537.36 (KHTML, like Gecko) Chrome/120.0.0.0 Mobile Safari/537.36"
192.168.1.105 - - [27/Feb/2026:13:28:50 +0100] "GET /page.php?file=terms HTTP/1.1" 200 2630 "https://brightmall.local/" "Mozilla/5.0 (Windows NT 6.1; Win64; x64) AppleWebKit/537.36 (KHTML, like Gecko) Chrome/109.0.0.0 Safari/537.36"
192.168.1.88 - - [27/Feb/2026:13:28:55 +0100] "GET /page.php?file=shipping HTTP/1.1" 200 1389 "https://brightmall.local/" "Mozilla/5.0 (Linux; Android 14; Pixel 8) AppleWebKit/537.36 (KHTML, like Gecko) Chrome/120.0.0.0 Mobile Safari/537.36"
192.168.1.88 - - [27/Feb/2026:13:29:02 +0100] "GET /search.php?q=backpack HTTP/1.1" 200 6791 "https://t.co/abc123" "Mozilla/5.0 (Linux; Android 14; Pixel 8) AppleWebKit/537.36 (KHTML, like Gecko) Chrome/120.0.0.0 Mobile Safari/537.36"
192.168.1.105 - - [27/Feb/2026:13:29:09 +0100] "GET /product.php?id=2 HTTP/1.1" 200 4179 "https://brightmall.local/category.php?cat=electronics" "Mozilla/5.0 (Windows NT 6.1; Win64; x64) AppleWebKit/537.36 (KHTML, like Gecko) Chrome/109.0.0.0 Safari/537.36"
192.168.1.105 - - [27/Feb/2026:13:29:19 +0100] "POST /cart.php?action=add HTTP/1.1" 302 0 "https://t.co/abc123" "Mozilla/5.0 (Windows NT 6.1; Win64; x64) AppleWebKit/537.36 (KHTML, like Gecko) Chrome/109.0.0.0 Safari/537.36"
192.168.1.88 - - [27/Feb/2026:13:29:32 +0100] "GET /account/profile.php HTTP/1.1" 200 2662 "https://www.facebook.com/" "Mozilla/5.0 (Linux; Android 14; Pixel 8) AppleWebKit/537.36 (KHTML, like Gecko) Chrome/120.0.0.0 Mobile Safari/537.36"
192.168.1.88 - - [27/Feb/2026:13:29:32 +0100] "GET /account/register.php HTTP/1.1" 200 2457 "https://www.google.com/" "Mozilla/5.0 (Linux; Android 14; Pixel 8) AppleWebKit/537.36 (KHTML, like Gecko) Chrome/120.0.0.0 Mobile Safari/537.36"
45.33.32.156 - - [27/Feb/2026:13:29:33 +0100] "GET /api/products?page=1 HTTP/1.1" 200 6741 "https://brightmall.local/cart.php" "Mozilla/5.0 (Windows NT 10.0; Win64; x64) AppleWebKit/537.36 (KHTML, like Gecko) Chrome/119.0.0.0 Safari/537.36 Edg/119.0.0.0"
192.168.1.105 - - [27/Feb/2026:13:29:43 +0100] "GET /favicon.ico HTTP/1.1" 200 1024 "https://www.google.com/" "Mozilla/5.0 (Windows NT 6.1; Win64; x64) AppleWebKit/537.36 (KHTML, like Gecko) Chrome/109.0.0.0 Safari/537.36"
192.168.1.88 - - [27/Feb/2026:13:29:47 +0100] "POST /account/login.php HTTP/1.1" 302 0 "-" "Mozilla/5.0 (Linux; Android 14; Pixel 8) AppleWebKit/537.36 (KHTML, like Gecko) Chrome/120.0.0.0 Mobile Safari/537.36"
192.168.1.105 - - [27/Feb/2026:13:29:56 +0100] "GET /assets/js/main.js HTTP/1.1" 200 3533 "https://brightmall.local/account/login.php" "Mozilla/5.0 (Windows NT 6.1; Win64; x64) AppleWebKit/537.36 (KHTML, like Gecko) Chrome/109.0.0.0 Safari/537.36"
45.33.32.156 - - [27/Feb/2026:13:30:01 +0100] "GET /category.php?cat=electronics HTTP/2.0" 200 9244 "https://www.google.com/search?q=buy+electronics+online" "Mozilla/5.0 (Windows NT 10.0; Win64; x64) AppleWebKit/537.36 (KHTML, like Gecko) Chrome/119.0.0.0 Safari/537.36 Edg/119.0.0.0"
192.168.1.88 - - [27/Feb/2026:13:30:03 +0100] "GET /api/products?page=1 HTTP/1.1" 200 8022 "https://brightmall.local/account/login.php" "Mozilla/5.0 (Linux; Android 14; Pixel 8) AppleWebKit/537.36 (KHTML, like Gecko) Chrome/120.0.0.0 Mobile Safari/537.36"
192.168.1.88 - - [27/Feb/2026:13:30:13 +0100] "GET /product.php?id=6 HTTP/1.1" 200 3304 "https://brightmall.local/" "Mozilla/5.0 (Linux; Android 14; Pixel 8) AppleWebKit/537.36 (KHTML, like Gecko) Chrome/120.0.0.0 Mobile Safari/537.36"
10.0.0.45 - - [27/Feb/2026:13:30:20 +0100] "GET /assets/img/products/p1.jpg HTTP/2.0" 200 54185 "https://brightmall.local/account/login.php" "Mozilla/5.0 (compatible; Googlebot/2.1; +http://www.google.com/bot.html)"
192.168.1.105 - - [27/Feb/2026:13:30:25 +0100] "GET /category.php?cat=electronics HTTP/1.1" 200 9969 "https://www.google.com/" "Mozilla/5.0 (Windows NT 6.1; Win64; x64) AppleWebKit/537.36 (KHTML, like Gecko) Chrome/109.0.0.0 Safari/537.36"
10.0.0.45 - - [27/Feb/2026:13:30:26 +0100] "GET /index.php HTTP/1.1" 200 3132 "https://www.bing.com/" "Mozilla/5.0 (compatible; Googlebot/2.1; +http://www.google.com/bot.html)"
45.33.32.156 - - [27/Feb/2026:13:30:30 +0100] "GET /assets/js/main.js HTTP/1.1" 200 3761 "https://www.google.com/" "Mozilla/5.0 (Windows NT 10.0; Win64; x64) AppleWebKit/537.36 (KHTML, like Gecko) Chrome/119.0.0.0 Safari/537.36 Edg/119.0.0.0"
192.168.1.88 - - [27/Feb/2026:13:30:41 +0100] "GET /assets/img/products/p1.jpg HTTP/1.1" 200 60382 "https://t.co/abc123" "Mozilla/5.0 (Linux; Android 14; Pixel 8) AppleWebKit/537.36 (KHTML, like Gecko) Chrome/120.0.0.0 Mobile Safari/537.36"
10.0.0.45 - - [27/Feb/2026:13:30:43 +0100] "GET /page.php?file=shipping HTTP/1.1" 200 1253 "https://www.google.com/search?q=brightmall+shop" "Mozilla/5.0 (compatible; Googlebot/2.1; +http://www.google.com/bot.html)"
192.168.1.105 - - [27/Feb/2026:13:30:45 +0100] "GET /assets/img/products/p3.jpg HTTP/2.0" 200 57687 "https://brightmall.local/" "Mozilla/5.0 (Windows NT 6.1; Win64; x64) AppleWebKit/537.36 (KHTML, like Gecko) Chrome/109.0.0.0 Safari/537.36"
192.168.1.88 - - [27/Feb/2026:13:30:48 +0100] "GET /account/profile.php HTTP/1.1" 200 2098 "https://brightmall.local/" "Mozilla/5.0 (Linux; Android 14; Pixel 8) AppleWebKit/537.36 (KHTML, like Gecko) Chrome/120.0.0.0 Mobile Safari/537.36"
10.0.0.45 - - [27/Feb/2026:13:30:49 +0100] "GET /api/products?page=2 HTTP/2.0" 200 6794 "https://brightmall.local/category.php?cat=electronics" "Mozilla/5.0 (compatible; Googlebot/2.1; +http://www.google.com/bot.html)"
45.33.32.156 - - [27/Feb/2026:13:30:52 +0100] "GET /assets/img/products/p3.jpg HTTP/2.0" 200 54054 "https://www.google.com/search?q=buy+electronics+online" "Mozilla/5.0 (Windows NT 10.0; Win64; x64) AppleWebKit/537.36 (KHTML, like Gecko) Chrome/119.0.0.0 Safari/537.36 Edg/119.0.0.0"
192.168.1.105 - - [27/Feb/2026:13:30:56 +0100] "POST /account/login.php HTTP/1.1" 302 0 "https://brightmall.local/products.php" "Mozilla/5.0 (Windows NT 6.1; Win64; x64) AppleWebKit/537.36 (KHTML, like Gecko) Chrome/109.0.0.0 Safari/537.36"
192.168.1.88 - - [27/Feb/2026:13:31:02 +0100] "GET /favicon.ico HTTP/2.0" 200 1024 "https://brightmall.local/category.php?cat=electronics" "Mozilla/5.0 (Linux; Android 14; Pixel 8) AppleWebKit/537.36 (KHTML, like Gecko) Chrome/120.0.0.0 Mobile Safari/537.36"
45.33.32.156 - - [27/Feb/2026:13:31:14 +0100] "GET /product.php?id=3 HTTP/1.1" 200 4888 "https://brightmall.local/cart.php" "Mozilla/5.0 (Windows NT 10.0; Win64; x64) AppleWebKit/537.36 (KHTML, like Gecko) Chrome/119.0.0.0 Safari/537.36 Edg/119.0.0.0"
10.0.0.45 - - [27/Feb/2026:13:31:15 +0100] "GET /api/products?page=1 HTTP/1.1" 200 5034 "https://www.facebook.com/" "Mozilla/5.0 (compatible; Googlebot/2.1; +http://www.google.com/bot.html)"
192.168.1.88 - - [27/Feb/2026:13:31:15 +0100] "GET /assets/css/bootstrap.min.css HTTP/1.1" 200 23779 "https://www.bing.com/" "Mozilla/5.0 (Linux; Android 14; Pixel 8) AppleWebKit/537.36 (KHTML, like Gecko) Chrome/120.0.0.0 Mobile Safari/537.36"
192.168.1.105 - - [27/Feb/2026:13:31:18 +0100] "GET /products.php HTTP/1.1" 200 9624 "https://t.co/abc123" "Mozilla/5.0 (Windows NT 6.1; Win64; x64) AppleWebKit/537.36 (KHTML, like Gecko) Chrome/109.0.0.0 Safari/537.36"
45.33.32.156 - - [27/Feb/2026:13:31:24 +0100] "GET /page.php?file=faq HTTP/2.0" 200 2144 "https://brightmall.local/" "Mozilla/5.0 (Windows NT 10.0; Win64; x64) AppleWebKit/537.36 (KHTML, like Gecko) Chrome/119.0.0.0 Safari/537.36 Edg/119.0.0.0"
192.168.1.88 - - [27/Feb/2026:13:31:26 +0100] "GET /assets/img/products/p2.jpg HTTP/1.1" 200 37845 "https://brightmall.local/product.php?id=3" "Mozilla/5.0 (Linux; Android 14; Pixel 8) AppleWebKit/537.36 (KHTML, like Gecko) Chrome/120.0.0.0 Mobile Safari/537.36"
10.0.0.45 - - [27/Feb/2026:13:31:30 +0100] "GET /search.php?q=backpack HTTP/2.0" 200 8007 "-" "Mozilla/5.0 (compatible; Googlebot/2.1; +http://www.google.com/bot.html)"
45.33.32.156 - - [27/Feb/2026:13:31:40 +0100] "GET /robots.txt HTTP/2.0" 200 147 "-" "Mozilla/5.0 (Windows NT 10.0; Win64; x64) AppleWebKit/537.36 (KHTML, like Gecko) Chrome/119.0.0.0 Safari/537.36 Edg/119.0.0.0"
10.0.0.45 - - [27/Feb/2026:13:31:53 +0100] "POST /account/login.php HTTP/1.1" 302 0 "https://brightmall.local/products.php" "Mozilla/5.0 (compatible; Googlebot/2.1; +http://www.google.com/bot.html)"
10.0.0.45 - - [27/Feb/2026:13:32:21 +0100] "GET /page.php?file=privacy HTTP/1.1" 200 2857 "https://www.bing.com/" "Mozilla/5.0 (compatible; Googlebot/2.1; +http://www.google.com/bot.html)"
198.51.100.130 - - [27/Feb/2026:13:35:45 +0100] "GET /product.php?id=2 HTTP/2.0" 200 3804 "https://brightmall.local/category.php?cat=electronics" "Mozilla/5.0 (Macintosh; Intel Mac OS X 10_15_7) AppleWebKit/605.1.15 (KHTML, like Gecko) Version/17.2 Safari/605.1.15"
198.51.100.130 - - [27/Feb/2026:13:35:54 +0100] "GET /category.php?cat=books HTTP/1.1" 200 11314 "https://www.google.com/search?q=brightmall+shop" "Mozilla/5.0 (Macintosh; Intel Mac OS X 10_15_7) AppleWebKit/605.1.15 (KHTML, like Gecko) Version/17.2 Safari/605.1.15"
198.51.100.130 - - [27/Feb/2026:13:36:01 +0100] "POST /account/login.php HTTP/1.1" 302 0 "https://www.google.com/" "Mozilla/5.0 (Macintosh; Intel Mac OS X 10_15_7) AppleWebKit/605.1.15 (KHTML, like Gecko) Version/17.2 Safari/605.1.15"
198.51.100.130 - - [27/Feb/2026:13:36:09 +0100] "GET /assets/img/logo.png HTTP/2.0" 200 6055 "https://t.co/abc123" "Mozilla/5.0 (Macintosh; Intel Mac OS X 10_15_7) AppleWebKit/605.1.15 (KHTML, like Gecko) Version/17.2 Safari/605.1.15"
198.51.100.130 - - [27/Feb/2026:13:36:36 +0100] "GET /search.php?q=backpack HTTP/1.1" 200 8043 "https://brightmall.local/" "Mozilla/5.0 (Macintosh; Intel Mac OS X 10_15_7) AppleWebKit/605.1.15 (KHTML, like Gecko) Version/17.2 Safari/605.1.15"
198.51.100.130 - - [27/Feb/2026:13:36:38 +0100] "GET /product.php?id=5 HTTP/1.1" 200 3295 "https://www.facebook.com/" "Mozilla/5.0 (Macintosh; Intel Mac OS X 10_15_7) AppleWebKit/605.1.15 (KHTML, like Gecko) Version/17.2 Safari/605.1.15"
198.51.100.130 - - [27/Feb/2026:13:36:55 +0100] "GET /favicon.ico HTTP/2.0" 200 1024 "https://www.google.com/search?q=brightmall+shop" "Mozilla/5.0 (Macintosh; Intel Mac OS X 10_15_7) AppleWebKit/605.1.15 (KHTML, like Gecko) Version/17.2 Safari/605.1.15"
198.51.100.130 - - [27/Feb/2026:13:36:55 +0100] "GET /page.php?file=terms HTTP/1.1" 200 2442 "https://www.google.com/search?q=brightmall+shop" "Mozilla/5.0 (Macintosh; Intel Mac OS X 10_15_7) AppleWebKit/605.1.15 (KHTML, like Gecko) Version/17.2 Safari/605.1.15"
198.51.100.130 - - [27/Feb/2026:13:37:13 +0100] "GET /assets/img/products/p4.jpg HTTP/1.1" 200 45189 "-" "Mozilla/5.0 (Macintosh; Intel Mac OS X 10_15_7) AppleWebKit/605.1.15 (KHTML, like Gecko) Version/17.2 Safari/605.1.15"
198.51.100.130 - - [27/Feb/2026:13:37:15 +0100] "GET /product.php?id=7 HTTP/2.0" 200 3470 "-" "Mozilla/5.0 (Macintosh; Intel Mac OS X 10_15_7) AppleWebKit/605.1.15 (KHTML, like Gecko) Version/17.2 Safari/605.1.15"
198.51.100.130 - - [27/Feb/2026:13:37:20 +0100] "GET /category.php?cat=books HTTP/1.1" 200 6375 "https://brightmall.local/product.php?id=3" "Mozilla/5.0 (Macintosh; Intel Mac OS X 10_15_7) AppleWebKit/605.1.15 (KHTML, like Gecko) Version/17.2 Safari/605.1.15"
198.51.100.130 - - [27/Feb/2026:13:37:43 +0100] "GET /product.php?id=19 HTTP/2.0" 200 4359 "https://www.google.com/search?q=buy+electronics+online" "Mozilla/5.0 (Macintosh; Intel Mac OS X 10_15_7) AppleWebKit/605.1.15 (KHTML, like Gecko) Version/17.2 Safari/605.1.15"
198.51.100.130 - - [27/Feb/2026:13:37:53 +0100] "GET /api/products?page=2 HTTP/1.1" 200 6144 "https://www.google.com/search?q=brightmall+shop" "Mozilla/5.0 (Macintosh; Intel Mac OS X 10_15_7) AppleWebKit/605.1.15 (KHTML, like Gecko) Version/17.2 Safari/605.1.15"
78.46.91.102 - - [27/Feb/2026:13:39:47 +0100] "GET /page.php?file=terms HTTP/1.1" 200 2328 "https://www.google.com/search?q=buy+electronics+online" "Mozilla/5.0 (compatible; Googlebot/2.1; +http://www.google.com/bot.html)"
203.0.113.15 - - [27/Feb/2026:13:39:48 +0100] "GET /page.php?file=terms HTTP/1.1" 200 2304 "https://t.co/abc123" "Mozilla/5.0 (compatible; Googlebot/2.1; +http://www.google.com/bot.html)"
203.0.113.15 - - [27/Feb/2026:13:40:02 +0100] "GET / HTTP/1.1" 200 2491 "-" "Mozilla/5.0 (compatible; Googlebot/2.1; +http://www.google.com/bot.html)"
78.46.91.102 - - [27/Feb/2026:13:40:12 +0100] "GET /page.php?file=about HTTP/1.1" 200 1951 "https://brightmall.local/products.php" "Mozilla/5.0 (compatible; Googlebot/2.1; +http://www.google.com/bot.html)"
203.0.113.15 - - [27/Feb/2026:13:40:30 +0100] "GET /robots.txt HTTP/2.0" 200 255 "https://brightmall.local/cart.php" "Mozilla/5.0 (compatible; Googlebot/2.1; +http://www.google.com/bot.html)"
78.46.91.102 - - [27/Feb/2026:13:40:38 +0100] "GET /product.php?id=1 HTTP/1.1" 200 3317 "https://brightmall.local/products.php" "Mozilla/5.0 (compatible; Googlebot/2.1; +http://www.google.com/bot.html)"
203.0.113.15 - - [27/Feb/2026:13:40:53 +0100] "GET /account/register.php HTTP/1.1" 200 2275 "https://t.co/abc123" "Mozilla/5.0 (compatible; Googlebot/2.1; +http://www.google.com/bot.html)"
78.46.91.102 - - [27/Feb/2026:13:41:04 +0100] "GET /product.php?id=1 HTTP/2.0" 200 4056 "https://www.google.com/" "Mozilla/5.0 (compatible; Googlebot/2.1; +http://www.google.com/bot.html)"
203.0.113.15 - - [27/Feb/2026:13:41:07 +0100] "GET /account/login.php HTTP/2.0" 200 1554 "https://www.google.com/search?q=brightmall+shop" "Mozilla/5.0 (compatible; Googlebot/2.1; +http://www.google.com/bot.html)"
203.0.113.15 - - [27/Feb/2026:13:41:18 +0100] "GET /assets/js/bootstrap.min.js HTTP/1.1" 200 16384 "-" "Mozilla/5.0 (compatible; Googlebot/2.1; +http://www.google.com/bot.html)"
203.0.113.15 - - [27/Feb/2026:13:41:46 +0100] "GET /index.php HTTP/1.1" 200 4034 "https://brightmall.local/" "Mozilla/5.0 (compatible; Googlebot/2.1; +http://www.google.com/bot.html)"
198.51.100.130 - - [27/Feb/2026:13:41:51 +0100] "GET /search.php?q=headphones HTTP/1.1" 200 5152 "https://www.bing.com/" "Mozilla/5.0 (Windows NT 6.1; Win64; x64) AppleWebKit/537.36 (KHTML, like Gecko) Chrome/109.0.0.0 Safari/537.36"
198.51.100.130 - - [27/Feb/2026:13:41:59 +0100] "GET /.env HTTP/2.0" 404 300 "https://www.google.com/" "Mozilla/5.0 (Windows NT 6.1; Win64; x64) AppleWebKit/537.36 (KHTML, like Gecko) Chrome/109.0.0.0 Safari/537.36"
203.0.113.15 - - [27/Feb/2026:13:42:05 +0100] "GET / HTTP/1.1" 200 3897 "https://www.google.com/search?q=brightmall+shop" "Mozilla/5.0 (compatible; Googlebot/2.1; +http://www.google.com/bot.html)"
198.51.100.130 - - [27/Feb/2026:13:42:24 +0100] "GET /assets/css/style.css HTTP/1.1" 200 10428 "https://www.google.com/search?q=buy+electronics+online" "Mozilla/5.0 (Windows NT 6.1; Win64; x64) AppleWebKit/537.36 (KHTML, like Gecko) Chrome/109.0.0.0 Safari/537.36"
203.0.113.15 - - [27/Feb/2026:13:42:31 +0100] "GET /cart.php HTTP/2.0" 200 3177 "-" "Mozilla/5.0 (compatible; Googlebot/2.1; +http://www.google.com/bot.html)"
198.51.100.130 - - [27/Feb/2026:13:42:33 +0100] "GET /page.php?file=privacy HTTP/1.1" 200 2943 "https://brightmall.local/cart.php" "Mozilla/5.0 (Windows NT 6.1; Win64; x64) AppleWebKit/537.36 (KHTML, like Gecko) Chrome/109.0.0.0 Safari/537.36"
203.0.113.15 - - [27/Feb/2026:13:42:47 +0100] "GET /page.php?file=terms HTTP/1.1" 200 2092 "https://brightmall.local/category.php?cat=electronics" "Mozilla/5.0 (compatible; Googlebot/2.1; +http://www.google.com/bot.html)"
198.51.100.130 - - [27/Feb/2026:13:42:57 +0100] "GET /assets/img/products/p1.jpg HTTP/1.1" 200 51767 "https://t.co/abc123" "Mozilla/5.0 (Windows NT 6.1; Win64; x64) AppleWebKit/537.36 (KHTML, like Gecko) Chrome/109.0.0.0 Safari/537.36"
203.0.113.15 - - [27/Feb/2026:13:42:58 +0100] "GET /search.php?q=headphones HTTP/1.1" 200 7565 "https://brightmall.local/" "Mozilla/5.0 (compatible; Googlebot/2.1; +http://www.google.com/bot.html)"
198.51.100.130 - - [27/Feb/2026:13:43:03 +0100] "GET /api/products?page=2 HTTP/1.1" 200 7490 "https://www.bing.com/" "Mozilla/5.0 (Windows NT 6.1; Win64; x64) AppleWebKit/537.36 (KHTML, like Gecko) Chrome/109.0.0.0 Safari/537.36"
198.51.100.130 - - [27/Feb/2026:13:43:05 +0100] "GET /category.php?cat=clothing HTTP/1.1" 200 12080 "https://brightmall.local/products.php" "Mozilla/5.0 (Windows NT 6.1; Win64; x64) AppleWebKit/537.36 (KHTML, like Gecko) Chrome/109.0.0.0 Safari/537.36"
203.0.113.15 - - [27/Feb/2026:13:43:20 +0100] "GET /assets/js/bootstrap.min.js HTTP/1.1" 200 16384 "https://brightmall.local/account/login.php" "Mozilla/5.0 (compatible; Googlebot/2.1; +http://www.google.com/bot.html)"
203.0.113.15 - - [27/Feb/2026:13:43:22 +0100] "GET /products.php HTTP/1.1" 200 12448 "https://brightmall.local/cart.php" "Mozilla/5.0 (compatible; Googlebot/2.1; +http://www.google.com/bot.html)"
198.51.100.130 - - [27/Feb/2026:13:43:23 +0100] "GET /product.php?id=5 HTTP/2.0" 200 3094 "https://www.google.com/" "Mozilla/5.0 (Windows NT 6.1; Win64; x64) AppleWebKit/537.36 (KHTML, like Gecko) Chrome/109.0.0.0 Safari/537.36"
198.51.100.130 - - [27/Feb/2026:13:43:50 +0100] "GET /search.php?q=laptop HTTP/2.0" 200 4556 "https://www.bing.com/" "Mozilla/5.0 (Windows NT 6.1; Win64; x64) AppleWebKit/537.36 (KHTML, like Gecko) Chrome/109.0.0.0 Safari/537.36"
203.0.113.15 - - [27/Feb/2026:13:43:51 +0100] "GET /page.php?file=shipping HTTP/1.1" 200 1991 "https://brightmall.local/products.php" "Mozilla/5.0 (compatible; Googlebot/2.1; +http://www.google.com/bot.html)"
78.46.91.34 - - [27/Feb/2026:13:44:00 +0100] "GET /assets/js/jquery.min.js HTTP/1.1" 200 32768 "https://brightmall.local/account/login.php" "Mozilla/5.0 (Linux; Android 14; Pixel 8) AppleWebKit/537.36 (KHTML, like Gecko) Chrome/120.0.0.0 Mobile Safari/537.36"
78.46.91.34 - - [27/Feb/2026:13:44:06 +0100] "GET /.env HTTP/1.1" 404 342 "https://brightmall.local/products.php" "Mozilla/5.0 (Linux; Android 14; Pixel 8) AppleWebKit/537.36 (KHTML, like Gecko) Chrome/120.0.0.0 Mobile Safari/537.36"
78.46.91.34 - - [27/Feb/2026:13:44:08 +0100] "GET /product.php?id=7 HTTP/1.1" 200 5055 "https://www.google.com/search?q=buy+electronics+online" "Mozilla/5.0 (Linux; Android 14; Pixel 8) AppleWebKit/537.36 (KHTML, like Gecko) Chrome/120.0.0.0 Mobile Safari/537.36"
198.51.100.130 - - [27/Feb/2026:13:44:10 +0100] "GET /products.php HTTP/1.1" 200 11463 "https://t.co/abc123" "Mozilla/5.0 (Windows NT 6.1; Win64; x64) AppleWebKit/537.36 (KHTML, like Gecko) Chrome/109.0.0.0 Safari/537.36"
78.46.91.34 - - [27/Feb/2026:13:44:18 +0100] "GET /product.php?id=15 HTTP/1.1" 200 5035 "https://brightmall.local/account/login.php" "Mozilla/5.0 (Linux; Android 14; Pixel 8) AppleWebKit/537.36 (KHTML, like Gecko) Chrome/120.0.0.0 Mobile Safari/537.36"
203.0.113.15 - - [27/Feb/2026:13:44:19 +0100] "GET /api/products?page=2 HTTP/2.0" 200 6706 "https://www.bing.com/" "Mozilla/5.0 (compatible; Googlebot/2.1; +http://www.google.com/bot.html)"
198.51.100.130 - - [27/Feb/2026:13:44:23 +0100] "GET /products.php HTTP/2.0" 200 14163 "https://www.google.com/" "Mozilla/5.0 (Windows NT 6.1; Win64; x64) AppleWebKit/537.36 (KHTML, like Gecko) Chrome/109.0.0.0 Safari/537.36"
198.51.100.130 - - [27/Feb/2026:13:44:39 +0100] "GET /page.php?file=terms HTTP/1.1" 200 2948 "https://www.google.com/search?q=brightmall+shop" "Mozilla/5.0 (Windows NT 6.1; Win64; x64) AppleWebKit/537.36 (KHTML, like Gecko) Chrome/109.0.0.0 Safari/537.36"
198.51.100.130 - - [27/Feb/2026:13:44:45 +0100] "GET /product.php?id=15 HTTP/1.1" 200 3967 "https://brightmall.local/" "Mozilla/5.0 (Windows NT 6.1; Win64; x64) AppleWebKit/537.36 (KHTML, like Gecko) Chrome/109.0.0.0 Safari/537.36"
203.0.113.101 - - [27/Feb/2026:13:45:01 +0100] "GET /page.php?file=faq HTTP/1.1" 200 1546 "https://www.google.com/search?q=brightmall+shop" "Mozilla/5.0 (X11; Linux x86_64) AppleWebKit/537.36 (KHTML, like Gecko) Chrome/120.0.0.0 Safari/537.36"
203.0.113.101 - - [27/Feb/2026:13:45:13 +0100] "GET /assets/img/products/p3.jpg HTTP/1.1" 200 45048 "https://brightmall.local/cart.php" "Mozilla/5.0 (X11; Linux x86_64) AppleWebKit/537.36 (KHTML, like Gecko) Chrome/120.0.0.0 Safari/537.36"
203.0.113.101 - - [27/Feb/2026:13:45:23 +0100] "GET /api/products?page=2 HTTP/1.1" 200 4389 "https://www.google.com/search?q=brightmall+shop" "Mozilla/5.0 (X11; Linux x86_64) AppleWebKit/537.36 (KHTML, like Gecko) Chrome/120.0.0.0 Safari/537.36"
203.0.113.101 - - [27/Feb/2026:13:45:30 +0100] "GET /product.php?id=1 HTTP/1.1" 200 3296 "https://www.google.com/search?q=brightmall+shop" "Mozilla/5.0 (X11; Linux x86_64) AppleWebKit/537.36 (KHTML, like Gecko) Chrome/120.0.0.0 Safari/537.36"
203.0.113.101 - - [27/Feb/2026:13:45:38 +0100] "POST /cart.php?action=add HTTP/2.0" 302 0 "https://brightmall.local/cart.php" "Mozilla/5.0 (X11; Linux x86_64) AppleWebKit/537.36 (KHTML, like Gecko) Chrome/120.0.0.0 Safari/537.36"
203.0.113.101 - - [27/Feb/2026:13:45:53 +0100] "GET /favicon.ico HTTP/1.1" 200 1024 "https://www.google.com/" "Mozilla/5.0 (X11; Linux x86_64) AppleWebKit/537.36 (KHTML, like Gecko) Chrome/120.0.0.0 Safari/537.36"
203.0.113.101 - - [27/Feb/2026:13:46:17 +0100] "GET /old/index.html HTTP/1.1" 404 475 "https://brightmall.local/account/login.php" "Mozilla/5.0 (X11; Linux x86_64) AppleWebKit/537.36 (KHTML, like Gecko) Chrome/120.0.0.0 Safari/537.36"
203.0.113.101 - - [27/Feb/2026:13:46:30 +0100] "GET /product.php?id=2 HTTP/1.1" 200 3764 "https://www.google.com/search?q=brightmall+shop" "Mozilla/5.0 (X11; Linux x86_64) AppleWebKit/537.36 (KHTML, like Gecko) Chrome/120.0.0.0 Safari/537.36"
100.24.56.91 - - [27/Feb/2026:13:49:47 +0100] "GET /assets/img/products/p2.jpg HTTP/1.1" 200 57134 "https://www.google.com/search?q=buy+electronics+online" "Mozilla/5.0 (compatible; Googlebot/2.1; +http://www.google.com/bot.html)"
100.24.56.91 - - [27/Feb/2026:13:50:08 +0100] "GET /assets/js/jquery.min.js HTTP/1.1" 200 32768 "https://brightmall.local/cart.php" "Mozilla/5.0 (compatible; Googlebot/2.1; +http://www.google.com/bot.html)"
100.24.56.91 - - [27/Feb/2026:13:50:23 +0100] "GET /api/cart/count HTTP/1.1" 200 44 "https://t.co/abc123" "Mozilla/5.0 (compatible; Googlebot/2.1; +http://www.google.com/bot.html)"
100.24.56.91 - - [27/Feb/2026:13:50:36 +0100] "GET /product.php?id=17 HTTP/1.1" 200 4895 "https://t.co/abc123" "Mozilla/5.0 (compatible; Googlebot/2.1; +http://www.google.com/bot.html)"
100.24.56.91 - - [27/Feb/2026:13:50:59 +0100] "GET /search.php?q=laptop HTTP/1.1" 200 8097 "https://www.google.com/search?q=brightmall+shop" "Mozilla/5.0 (compatible; Googlebot/2.1; +http://www.google.com/bot.html)"
100.24.56.91 - - [27/Feb/2026:13:51:08 +0100] "GET /search.php?q=backpack HTTP/1.1" 200 5019 "https://www.google.com/search?q=buy+electronics+online" "Mozilla/5.0 (compatible; Googlebot/2.1; +http://www.google.com/bot.html)"
100.24.56.91 - - [27/Feb/2026:13:51:28 +0100] "GET /page.php?file=shipping HTTP/1.1" 200 1895 "https://brightmall.local/product.php?id=3" "Mozilla/5.0 (compatible; Googlebot/2.1; +http://www.google.com/bot.html)"
100.24.56.91 - - [27/Feb/2026:13:51:45 +0100] "GET /product.php?id=3 HTTP/1.1" 200 4952 "https://www.google.com/" "Mozilla/5.0 (compatible; Googlebot/2.1; +http://www.google.com/bot.html)"
100.24.56.91 - - [27/Feb/2026:13:52:07 +0100] "GET /account/profile.php HTTP/1.1" 200 2264 "https://www.facebook.com/" "Mozilla/5.0 (compatible; Googlebot/2.1; +http://www.google.com/bot.html)"
100.24.56.91 - - [27/Feb/2026:13:52:24 +0100] "GET /product.php?id=3 HTTP/2.0" 200 4365 "https://brightmall.local/account/login.php" "Mozilla/5.0 (compatible; Googlebot/2.1; +http://www.google.com/bot.html)"
185.220.44.12 - - [27/Feb/2026:13:52:29 +0100] "GET /assets/img/logo.png HTTP/1.1" 200 7535 "https://www.google.com/search?q=buy+electronics+online" "Mozilla/5.0 (Macintosh; Intel Mac OS X 10_15_7) AppleWebKit/537.36 (KHTML, like Gecko) Chrome/120.0.0.0 Safari/537.36"
185.220.44.12 - - [27/Feb/2026:13:52:43 +0100] "GET /api/cart/count HTTP/1.1" 200 55 "https://brightmall.local/category.php?cat=electronics" "Mozilla/5.0 (Macintosh; Intel Mac OS X 10_15_7) AppleWebKit/537.36 (KHTML, like Gecko) Chrome/120.0.0.0 Safari/537.36"
100.24.56.91 - - [27/Feb/2026:13:52:53 +0100] "GET /product.php?id=15 HTTP/1.1" 200 3781 "https://www.google.com/search?q=brightmall+shop" "Mozilla/5.0 (compatible; Googlebot/2.1; +http://www.google.com/bot.html)"
185.220.44.12 - - [27/Feb/2026:13:52:55 +0100] "GET /assets/img/banner.jpg HTTP/2.0" 200 71891 "-" "Mozilla/5.0 (Macintosh; Intel Mac OS X 10_15_7) AppleWebKit/537.36 (KHTML, like Gecko) Chrome/120.0.0.0 Safari/537.36"
100.24.56.91 - - [27/Feb/2026:13:53:14 +0100] "GET /products.php HTTP/1.1" 200 14317 "-" "Mozilla/5.0 (compatible; Googlebot/2.1; +http://www.google.com/bot.html)"
185.220.44.12 - - [27/Feb/2026:13:53:24 +0100] "GET /product.php?id=15 HTTP/1.1" 200 4291 "https://brightmall.local/account/login.php" "Mozilla/5.0 (Macintosh; Intel Mac OS X 10_15_7) AppleWebKit/537.36 (KHTML, like Gecko) Chrome/120.0.0.0 Safari/537.36"
100.24.56.91 - - [27/Feb/2026:13:53:35 +0100] "POST /cart.php?action=add HTTP/1.1" 302 0 "-" "Mozilla/5.0 (compatible; Googlebot/2.1; +http://www.google.com/bot.html)"
185.220.44.12 - - [27/Feb/2026:13:53:36 +0100] "GET / HTTP/1.1" 200 2574 "https://brightmall.local/" "Mozilla/5.0 (Macintosh; Intel Mac OS X 10_15_7) AppleWebKit/537.36 (KHTML, like Gecko) Chrome/120.0.0.0 Safari/537.36"
185.220.44.12 - - [27/Feb/2026:13:53:41 +0100] "GET /page.php?file=contact HTTP/1.1" 200 1541 "https://brightmall.local/cart.php" "Mozilla/5.0 (Macintosh; Intel Mac OS X 10_15_7) AppleWebKit/537.36 (KHTML, like Gecko) Chrome/120.0.0.0 Safari/537.36"
100.24.56.147 - - [27/Feb/2026:13:53:52 +0100] "POST /cart.php?action=add HTTP/1.1" 302 0 "https://t.co/abc123" "Mozilla/5.0 (Linux; Android 14; Pixel 8) AppleWebKit/537.36 (KHTML, like Gecko) Chrome/120.0.0.0 Mobile Safari/537.36"
100.24.56.147 - - [27/Feb/2026:13:54:02 +0100] "GET /product.php?id=11 HTTP/1.1" 200 3584 "https://brightmall.local/" "Mozilla/5.0 (Linux; Android 14; Pixel 8) AppleWebKit/537.36 (KHTML, like Gecko) Chrome/120.0.0.0 Mobile Safari/537.36"
100.24.56.91 - - [27/Feb/2026:13:54:03 +0100] "GET /product.php?id=18 HTTP/1.1" 200 5031 "https://t.co/abc123" "Mozilla/5.0 (compatible; Googlebot/2.1; +http://www.google.com/bot.html)"
185.220.44.12 - - [27/Feb/2026:13:54:09 +0100] "GET /assets/js/main.js HTTP/1.1" 200 2773 "-" "Mozilla/5.0 (Macintosh; Intel Mac OS X 10_15_7) AppleWebKit/537.36 (KHTML, like Gecko) Chrome/120.0.0.0 Safari/537.36"
100.24.56.91 - - [27/Feb/2026:13:54:10 +0100] "GET /wp-login.php HTTP/2.0" 404 455 "https://www.google.com/search?q=brightmall+shop" "Mozilla/5.0 (compatible; Googlebot/2.1; +http://www.google.com/bot.html)"
100.24.56.147 - - [27/Feb/2026:13:54:27 +0100] "GET /category.php?cat=home HTTP/1.1" 200 8153 "https://www.facebook.com/" "Mozilla/5.0 (Linux; Android 14; Pixel 8) AppleWebKit/537.36 (KHTML, like Gecko) Chrome/120.0.0.0 Mobile Safari/537.36"
185.220.44.12 - - [27/Feb/2026:13:54:28 +0100] "GET /product.php?id=4 HTTP/1.1" 200 3373 "https://www.facebook.com/" "Mozilla/5.0 (Macintosh; Intel Mac OS X 10_15_7) AppleWebKit/537.36 (KHTML, like Gecko) Chrome/120.0.0.0 Safari/537.36"
100.24.56.147 - - [27/Feb/2026:13:54:36 +0100] "GET /assets/css/style.css HTTP/1.1" 200 10129 "-" "Mozilla/5.0 (Linux; Android 14; Pixel 8) AppleWebKit/537.36 (KHTML, like Gecko) Chrome/120.0.0.0 Mobile Safari/537.36"
185.220.44.12 - - [27/Feb/2026:13:54:46 +0100] "GET /account/login.php HTTP/1.1" 200 1228 "https://www.facebook.com/" "Mozilla/5.0 (Macintosh; Intel Mac OS X 10_15_7) AppleWebKit/537.36 (KHTML, like Gecko) Chrome/120.0.0.0 Safari/537.36"
104.26.10.155 - - [27/Feb/2026:13:54:54 +0100] "GET /robots.txt HTTP/1.1" 200 204 "https://www.google.com/" "Mozilla/5.0 (Linux; Android 14; Pixel 8) AppleWebKit/537.36 (KHTML, like Gecko) Chrome/120.0.0.0 Mobile Safari/537.36"
185.220.44.12 - - [27/Feb/2026:13:54:55 +0100] "GET /search.php?q=headphones HTTP/1.1" 200 4339 "https://brightmall.local/" "Mozilla/5.0 (Macintosh; Intel Mac OS X 10_15_7) AppleWebKit/537.36 (KHTML, like Gecko) Chrome/120.0.0.0 Safari/537.36"
104.26.10.155 - - [27/Feb/2026:13:55:21 +0100] "GET /page.php?file=shipping HTTP/1.1" 200 1160 "https://t.co/abc123" "Mozilla/5.0 (Linux; Android 14; Pixel 8) AppleWebKit/537.36 (KHTML, like Gecko) Chrome/120.0.0.0 Mobile Safari/537.36"
104.26.10.155 - - [27/Feb/2026:13:55:45 +0100] "GET /products.php HTTP/2.0" 200 10353 "https://www.facebook.com/" "Mozilla/5.0 (Linux; Android 14; Pixel 8) AppleWebKit/537.36 (KHTML, like Gecko) Chrome/120.0.0.0 Mobile Safari/537.36"
185.220.44.88 - - [27/Feb/2026:13:55:49 +0100] "GET /robots.txt HTTP/1.1" 200 163 "https://brightmall.local/category.php?cat=electronics" "Mozilla/5.0 (compatible; Googlebot/2.1; +http://www.google.com/bot.html)"
104.26.10.155 - - [27/Feb/2026:13:55:55 +0100] "GET /index.php HTTP/1.1" 200 2073 "https://www.google.com/search?q=brightmall+shop" "Mozilla/5.0 (Linux; Android 14; Pixel 8) AppleWebKit/537.36 (KHTML, like Gecko) Chrome/120.0.0.0 Mobile Safari/537.36"
185.220.44.88 - - [27/Feb/2026:13:55:57 +0100] "GET /api/cart/count HTTP/1.1" 200 38 "https://brightmall.local/category.php?cat=electronics" "Mozilla/5.0 (compatible; Googlebot/2.1; +http://www.google.com/bot.html)"
104.26.10.155 - - [27/Feb/2026:13:55:59 +0100] "GET /robots.txt HTTP/1.1" 200 225 "-" "Mozilla/5.0 (Linux; Android 14; Pixel 8) AppleWebKit/537.36 (KHTML, like Gecko) Chrome/120.0.0.0 Mobile Safari/537.36"
185.220.44.88 - - [27/Feb/2026:13:56:03 +0100] "GET /assets/img/banner.jpg HTTP/1.1" 200 127162 "https://brightmall.local/product.php?id=3" "Mozilla/5.0 (compatible; Googlebot/2.1; +http://www.google.com/bot.html)"
185.220.44.88 - - [27/Feb/2026:13:56:14 +0100] "GET /account/login.php HTTP/1.1" 200 1251 "https://www.google.com/search?q=brightmall+shop" "Mozilla/5.0 (compatible; Googlebot/2.1; +http://www.google.com/bot.html)"
185.220.44.88 - - [27/Feb/2026:13:56:15 +0100] "GET /assets/img/banner.jpg HTTP/1.1" 200 101810 "-" "Mozilla/5.0 (compatible; Googlebot/2.1; +http://www.google.com/bot.html)"
104.26.10.155 - - [27/Feb/2026:13:56:28 +0100] "GET /category.php?cat=clothing HTTP/1.1" 200 11031 "https://brightmall.local/product.php?id=3" "Mozilla/5.0 (Linux; Android 14; Pixel 8) AppleWebKit/537.36 (KHTML, like Gecko) Chrome/120.0.0.0 Mobile Safari/537.36"
185.220.44.88 - - [27/Feb/2026:13:56:40 +0100] "GET /page.php?file=returns HTTP/2.0" 200 1427 "https://brightmall.local/product.php?id=3" "Mozilla/5.0 (compatible; Googlebot/2.1; +http://www.google.com/bot.html)"
185.220.44.88 - - [27/Feb/2026:13:56:57 +0100] "GET /assets/img/logo.png HTTP/1.1" 200 7646 "https://www.facebook.com/" "Mozilla/5.0 (compatible; Googlebot/2.1; +http://www.google.com/bot.html)"
185.220.44.88 - - [27/Feb/2026:13:57:10 +0100] "GET /assets/css/style.css HTTP/2.0" 200 12096 "https://brightmall.local/" "Mozilla/5.0 (compatible; Googlebot/2.1; +http://www.google.com/bot.html)"
185.220.44.88 - - [27/Feb/2026:13:57:32 +0100] "GET /account/profile.php HTTP/1.1" 200 2744 "https://www.google.com/search?q=brightmall+shop" "Mozilla/5.0 (compatible; Googlebot/2.1; +http://www.google.com/bot.html)"
185.220.44.88 - - [27/Feb/2026:13:57:55 +0100] "GET /product.php?id=1 HTTP/1.1" 200 4069 "https://brightmall.local/products.php" "Mozilla/5.0 (compatible; Googlebot/2.1; +http://www.google.com/bot.html)"
42.145.225.213 - - [27/Feb/2026:13:58:04 +0100] "GET / HTTP/1.1" 200 827 "-" "python-requests/2.31.0"
42.145.225.213 - - [27/Feb/2026:13:58:10 +0100] "GET /products.php HTTP/1.1" 200 3220 "-" "python-requests/2.31.0"
42.145.225.213 - - [27/Feb/2026:13:58:16 +0100] "GET /page.php?file=about HTTP/1.1" 200 3855 "-" "python-requests/2.31.0"
185.220.44.88 - - [27/Feb/2026:13:58:24 +0100] "GET /assets/js/jquery.min.js HTTP/1.1" 200 32768 "https://brightmall.local/cart.php" "Mozilla/5.0 (compatible; Googlebot/2.1; +http://www.google.com/bot.html)"
42.145.225.213 - - [27/Feb/2026:13:58:27 +0100] "GET /page.php?file=contact HTTP/1.1" 200 839 "-" "python-requests/2.31.0"
185.220.44.88 - - [27/Feb/2026:13:58:30 +0100] "GET /robots.txt HTTP/1.1" 200 134 "https://t.co/abc123" "Mozilla/5.0 (compatible; Googlebot/2.1; +http://www.google.com/bot.html)"
185.220.44.88 - - [27/Feb/2026:13:58:32 +0100] "GET /page.php?file=faq HTTP/1.1" 200 1579 "https://www.google.com/search?q=brightmall+shop" "Mozilla/5.0 (compatible; Googlebot/2.1; +http://www.google.com/bot.html)"
42.145.225.213 - - [27/Feb/2026:13:58:32 +0100] "GET /robots.txt HTTP/1.1" 200 1924 "-" "python-requests/2.31.0"
185.220.44.88 - - [27/Feb/2026:13:58:51 +0100] "GET /assets/js/bootstrap.min.js HTTP/2.0" 200 16384 "https://www.google.com/search?q=buy+electronics+online" "Mozilla/5.0 (compatible; Googlebot/2.1; +http://www.google.com/bot.html)"
