192.168.1.112 - - [27/Feb/2026:16:53:32 +0100] "GET /page.php?file=privacy HTTP/1.1" 200 2922 "https://brightmall.local/products.php" "Mozilla/5.0 (iPhone; CPU iPhone OS 17_2 like Mac OS X) AppleWebKit/605.1.15 (KHTML, like Gecko) Version/17.2 Mobile/15E148 Safari/604.1"
10.0.0.45 - - [27/Feb/2026:16:53:51 +0100] "GET /category.php?cat=home HTTP/1.1" 200 9556 "https://brightmall.local/products.php" "Mozilla/5.0 (compatible; bingbot/2.0; +http://www.bing.com/bingbot.htm)"
172.16.5.14 - - [27/Feb/2026:16:54:00 +0100] "GET /product.php?id=17 HTTP/1.1" 200 3283 "https://t.co/abc123" "Mozilla/5.0 (iPhone; CPU iPhone OS 17_2 like Mac OS X) AppleWebKit/605.1.15 (KHTML, like Gecko) Version/17.2 Mobile/15E148 Safari/604.1"
10.0.0.45 - - [27/Feb/2026:16:54:02 +0100] "POST /cart.php?action=add HTTP/1.1" 302 0 "https://brightmall.local/cart.php" "Mozilla/5.0 (compatible; bingbot/2.0; +http://www.bing.com/bingbot.htm)"
192.168.1.112 - - [27/Feb/2026:16:54:02 +0100] "GET /page.php?file=terms HTTP/1.1" 200 2865 "-" "Mozilla/5.0 (iPhone; CPU iPhone OS 17_2 like Mac OS X) AppleWebKit/605.1.15 (KHTML, like Gecko) Version/17.2 Mobile/15E148 Safari/604.1"
172.16.5.14 - - [27/Feb/2026:16:54:04 +0100] "GET /page.php?file=returns HTTP/1.1" 200 1126 "https://www.google.com/search?q=brightmall+shop" "Mozilla/5.0 (iPhone; CPU iPhone OS 17_2 like Mac OS X) AppleWebKit/605.1.15 (KHTML, like Gecko) Version/17.2 Mobile/15E148 Safari/604.1"
192.168.1.112 - - [27/Feb/2026:16:54:24 +0100] "GET /search.php?q=backpack HTTP/2.0" 200 7519 "-" "Mozilla/5.0 (iPhone; CPU iPhone OS 17_2 like Mac OS X) AppleWebKit/605.1.15 (KHTML, like Gecko) Version/17.2 Mobile/15E148 Safari/604.1"
172.16.5.14 - - [27/Feb/2026:16:54:27 +0100] "GET /category.php?cat=home HTTP/1.1" 200 11691 "https://brightmall.local/account/login.php" "Mozilla/5.0 (iPhone; CPU iPhone OS 17_2 like Mac OS X) AppleWebKit/605.1.15 (KHTML, like Gecko) Version/17.2 Mobile/15E148 Safari/604.1"
192.168.1.112 - - [27/Feb/2026:16:54:31 +0100] "GET /category.php?cat=books HTTP/1.1" 200 7539 "https://brightmall.local/account/login.php" "Mozilla/5.0 (iPhone; CPU iPhone OS 17_2 like Mac OS X) AppleWebKit/605.1.15 (KHTML, like Gecko) Version/17.2 Mobile/15E148 Safari/604.1"
192.168.1.112 - - [27/Feb/2026:16:54:38 +0100] "GET /assets/img/products/p4.jpg HTTP/2.0" 200 40102 "https://brightmall.local/" "Mozilla/5.0 (iPhone; CPU iPhone OS 17_2 like Mac OS X) AppleWebKit/605.1.15 (KHTML, like Gecko) Version/17.2 Mobile/15E148 Safari/604.1"
100.24.56.147 - - [27/Feb/2026:16:57:21 +0100] "GET /api/products?page=2 HTTP/2.0" 200 8172 "https://brightmall.local/" "Mozilla/5.0 (Windows NT 6.1; Win64; x64) AppleWebKit/537.36 (KHTML, like Gecko) Chrome/109.0.0.0 Safari/537.36"
100.24.56.147 - - [27/Feb/2026:16:57:41 +0100] "GET /search.php?q=laptop HTTP/1.1" 200 7770 "https://www.google.com/" "Mozilla/5.0 (Windows NT 6.1; Win64; x64) AppleWebKit/537.36 (KHTML, like Gecko) Chrome/109.0.0.0 Safari/537.36"
100.24.56.147 - - [27/Feb/2026:16:57:59 +0100] "GET / HTTP/1.1" 200 3381 "https://brightmall.local/cart.php" "Mozilla/5.0 (Windows NT 6.1; Win64; x64) AppleWebKit/537.36 (KHTML, like Gecko) Chrome/109.0.0.0 Safari/537.36"
100.24.56.147 - - [27/Feb/2026:16:58:07 +0100] "GET / HTTP/2.0" 200 2174 "-" "Mozilla/5.0 (Windows NT 6.1; Win64; x64) AppleWebKit/537.36 (KHTML, like Gecko) Chrome/109.0.0.0 Safari/537.36"
198.51.100.55 - - [27/Feb/2026:16:58:09 +0100] "GET /api/cart/count HTTP/1.1" 200 41 "https://www.facebook.com/" "Mozilla/5.0 (Windows NT 10.0; Win64; x64) AppleWebKit/537.36 (KHTML, like Gecko) Chrome/120.0.0.0 Safari/537.36"
198.51.100.55 - - [27/Feb/2026:16:58:27 +0100] "GET /robots.txt HTTP/2.0" 200 201 "https://brightmall.local/account/login.php" "Mozilla/5.0 (Windows NT 10.0; Win64; x64) AppleWebKit/537.36 (KHTML, like Gecko) Chrome/120.0.0.0 Safari/537.36"
100.24.56.147 - - [27/Feb/2026:16:58:27 +0100] "GET /index.php HTTP/2.0" 200 2670 "https://www.google.com/search?q=brightmall+shop" "Mozilla/5.0 (Windows NT 6.1; Win64; x64) AppleWebKit/537.36 (KHTML, like Gecko) Chrome/109.0.0.0 Safari/537.36"
100.24.56.147 - - [27/Feb/2026:16:58:44 +0100] "GET /product.php?id=5 HTTP/1.1" 200 3429 "https://www.bing.com/" "Mozilla/5.0 (Windows NT 6.1; Win64; x64) AppleWebKit/537.36 (KHTML, like Gecko) Chrome/109.0.0.0 Safari/537.36"
100.24.56.147 - - [27/Feb/2026:16:58:46 +0100] "GET /category.php?cat=home HTTP/1.1" 200 9928 "https://brightmall.local/products.php" "Mozilla/5.0 (Windows NT 6.1; Win64; x64) AppleWebKit/537.36 (KHTML, like Gecko) Chrome/109.0.0.0 Safari/537.36"
198.51.100.55 - - [27/Feb/2026:16:58:56 +0100] "GET /page.php?file=contact HTTP/1.1" 200 1141 "https://t.co/abc123" "Mozilla/5.0 (Windows NT 10.0; Win64; x64) AppleWebKit/537.36 (KHTML, like Gecko) Chrome/120.0.0.0 Safari/537.36"
100.24.56.147 - - [27/Feb/2026:16:59:02 +0100] "GET /old/index.html HTTP/1.1" 404 368 "https://www.facebook.com/" "Mozilla/5.0 (Windows NT 6.1; Win64; x64) AppleWebKit/537.36 (KHTML, like Gecko) Chrome/109.0.0.0 Safari/537.36"
198.51.100.55 - - [27/Feb/2026:16:59:08 +0100] "POST /cart.php?action=add HTTP/1.1" 302 0 "https://t.co/abc123" "Mozilla/5.0 (Windows NT 10.0; Win64; x64) AppleWebKit/537.36 (KHTML, like Gecko) Chrome/120.0.0.0 Safari/537.36"
198.51.100.55 - - [27/Feb/2026:16:59:15 +0100] "GET /assets/img/products/p2.jpg HTTP/1.1" 200 39263 "https://www.bing.com/" "Mozilla/5.0 (Windows NT 10.0; Win64; x64) AppleWebKit/537.36 (KHTML, like Gecko) Chrome/120.0.0.0 Safari/537.36"
100.24.56.147 - - [27/Feb/2026:16:59:31 +0100] "GET /robots.txt HTTP/1.1" 200 243 "-" "Mozilla/5.0 (Windows NT 6.1; Win64; x64) AppleWebKit/537.36 (KHTML, like Gecko) Chrome/109.0.0.0 Safari/537.36"
100.24.56.147 - - [27/Feb/2026:16:59:37 +0100] "GET /assets/js/main.js HTTP/2.0" 200 2906 "https://www.google.com/" "Mozilla/5.0 (Windows NT 6.1; Win64; x64) AppleWebKit/537.36 (KHTML, like Gecko) Chrome/109.0.0.0 Safari/537.36"
198.51.100.55 - - [27/Feb/2026:16:59:43 +0100] "GET /product.php?id=2 HTTP/1.1" 200 3855 "https://brightmall.local/category.php?cat=electronics" "Mozilla/5.0 (Windows NT 10.0; Win64; x64) AppleWebKit/537.36 (KHTML, like Gecko) Chrome/120.0.0.0 Safari/537.36"
100.24.56.147 - - [27/Feb/2026:16:59:51 +0100] "GET /index.php HTTP/2.0" 200 2644 "https://www.google.com/search?q=brightmall+shop" "Mozilla/5.0 (Windows NT 6.1; Win64; x64) AppleWebKit/537.36 (KHTML, like Gecko) Chrome/109.0.0.0 Safari/537.36"
100.24.56.147 - - [27/Feb/2026:17:00:00 +0100] "GET /assets/img/products/p3.jpg HTTP/2.0" 200 46124 "https://brightmall.local/" "Mozilla/5.0 (Windows NT 6.1; Win64; x64) AppleWebKit/537.36 (KHTML, like Gecko) Chrome/109.0.0.0 Safari/537.36"
185.220.44.12 - - [27/Feb/2026:17:01:22 +0100] "GET /page.php?file=privacy HTTP/1.1" 200 2854 "https://brightmall.local/" "Mozilla/5.0 (Windows NT 10.0; Win64; x64) AppleWebKit/537.36 (KHTML, like Gecko) Chrome/120.0.0.0 Safari/537.36"
185.220.44.12 - - [27/Feb/2026:17:01:37 +0100] "GET /assets/js/main.js HTTP/1.1" 200 2765 "https://brightmall.local/" "Mozilla/5.0 (Windows NT 10.0; Win64; x64) AppleWebKit/537.36 (KHTML, like Gecko) Chrome/120.0.0.0 Safari/537.36"
185.220.44.12 - - [27/Feb/2026:17:01:55 +0100] "GET /account/profile.php HTTP/1.1" 200 2653 "https://t.co/abc123" "Mozilla/5.0 (Windows NT 10.0; Win64; x64) AppleWebKit/537.36 (KHTML, like Gecko) Chrome/120.0.0.0 Safari/537.36"
185.220.44.12 - - [27/Feb/2026:17:02:23 +0100] "GET /assets/img/banner.jpg HTTP/1.1" 200 114287 "https://www.google.com/" "Mozilla/5.0 (Windows NT 10.0; Win64; x64) AppleWebKit/537.36 (KHTML, like Gecko) Chrome/120.0.0.0 Safari/537.36"
185.220.44.12 - - [27/Feb/2026:17:02:34 +0100] "GET /sitemap.xml HTTP/1.1" 200 3601 "https://www.google.com/" "Mozilla/5.0 (Windows NT 10.0; Win64; x64) AppleWebKit/537.36 (KHTML, like Gecko) Chrome/120.0.0.0 Safari/537.36"
185.220.44.12 - - [27/Feb/2026:17:02:51 +0100] "GET /assets/img/products/p4.jpg HTTP/2.0" 200 42407 "https://brightmall.local/category.php?cat=electronics" "Mozilla/5.0 (Windows NT 10.0; Win64; x64) AppleWebKit/537.36 (KHTML, like Gecko) Chrome/120.0.0.0 Safari/537.36"
185.220.44.12 - - [27/Feb/2026:17:03:13 +0100] "GET /assets/img/logo.png HTTP/1.1" 200 5525 "https://www.facebook.com/" "Mozilla/5.0 (Windows NT 10.0; Win64; x64) AppleWebKit/537.36 (KHTML, like Gecko) Chrome/120.0.0.0 Safari/537.36"
185.220.44.12 - - [27/Feb/2026:17:03:27 +0100] "POST /cart.php?action=add HTTP/1.1" 302 0 "https://brightmall.local/cart.php" "Mozilla/5.0 (Windows NT 10.0; Win64; x64) AppleWebKit/537.36 (KHTML, like Gecko) Chrome/120.0.0.0 Safari/537.36"
78.46.91.102 - - [27/Feb/2026:17:04:27 +0100] "GET /search.php?q=headphones HTTP/1.1" 200 5011 "https://brightmall.local/product.php?id=3" "Mozilla/5.0 (Windows NT 10.0; Win64; x64) AppleWebKit/537.36 (KHTML, like Gecko) Chrome/119.0.0.0 Safari/537.36 Edg/119.0.0.0"
78.46.91.102 - - [27/Feb/2026:17:04:56 +0100] "GET /assets/css/style.css HTTP/2.0" 200 9832 "https://brightmall.local/cart.php" "Mozilla/5.0 (Windows NT 10.0; Win64; x64) AppleWebKit/537.36 (KHTML, like Gecko) Chrome/119.0.0.0 Safari/537.36 Edg/119.0.0.0"
78.46.91.102 - - [27/Feb/2026:17:04:58 +0100] "GET /assets/img/products/p1.jpg HTTP/1.1" 200 59619 "https://brightmall.local/cart.php" "Mozilla/5.0 (Windows NT 10.0; Win64; x64) AppleWebKit/537.36 (KHTML, like Gecko) Chrome/119.0.0.0 Safari/537.36 Edg/119.0.0.0"
172.16.5.14 - - [27/Feb/2026:17:04:58 +0100] "GET /page.php?file=shipping HTTP/1.1" 200 1841 "https://brightmall.local/account/login.php" "Mozilla/5.0 (iPhone; CPU iPhone OS 17_2 like Mac OS X) AppleWebKit/605.1.15 (KHTML, like Gecko) Version/17.2 Mobile/15E148 Safari/604.1"
172.16.5.14 - - [27/Feb/2026:17:05:02 +0100] "GET / HTTP/1.1" 200 3700 "https://brightmall.local/cart.php" "Mozilla/5.0 (iPhone; CPU iPhone OS 17_2 like Mac OS X) AppleWebKit/605.1.15 (KHTML, like Gecko) Version/17.2 Mobile/15E148 Safari/604.1"
172.16.5.14 - - [27/Feb/2026:17:05:17 +0100] "GET /api/products?page=2 HTTP/2.0" 200 7404 "https://brightmall.local/" "Mozilla/5.0 (iPhone; CPU iPhone OS 17_2 like Mac OS X) AppleWebKit/605.1.15 (KHTML, like Gecko) Version/17.2 Mobile/15E148 Safari/604.1"
172.16.5.14 - - [27/Feb/2026:17:05:19 +0100] "GET /admin/ HTTP/1.1" 404 495 "https://brightmall.local/cart.php" "Mozilla/5.0 (iPhone; CPU iPhone OS 17_2 like Mac OS X) AppleWebKit/605.1.15 (KHTML, like Gecko) Version/17.2 Mobile/15E148 Safari/604.1"
78.46.91.102 - - [27/Feb/2026:17:05:24 +0100] "GET /category.php?cat=home HTTP/2.0" 200 8517 "https://www.facebook.com/" "Mozilla/5.0 (Windows NT 10.0; Win64; x64) AppleWebKit/537.36 (KHTML, like Gecko) Chrome/119.0.0.0 Safari/537.36 Edg/119.0.0.0"
78.46.91.102 - - [27/Feb/2026:17:05:38 +0100] "GET /page.php?file=contact HTTP/1.1" 200 1622 "https://www.google.com/search?q=brightmall+shop" "Mozilla/5.0 (Windows NT 10.0; Win64; x64) AppleWebKit/537.36 (KHTML, like Gecko) Chrome/119.0.0.0 Safari/537.36 Edg/119.0.0.0"
78.46.91.102 - - [27/Feb/2026:17:05:56 +0100] "GET /assets/img/banner.jpg HTTP/1.1" 200 97616 "https://brightmall.local/products.php" "Mozilla/5.0 (Windows NT 10.0; Win64; x64) AppleWebKit/537.36 (KHTML, like Gecko) Chrome/119.0.0.0 Safari/537.36 Edg/119.0.0.0"
78.46.91.102 - - [27/Feb/2026:17:06:03 +0100] "GET /page.php?file=shipping HTTP/1.1" 200 1267 "https://www.google.com/search?q=brightmall+shop" "Mozilla/5.0 (Windows NT 10.0; Win64; x64) AppleWebKit/537.36 (KHTML, like Gecko) Chrome/119.0.0.0 Safari/537.36 Edg/119.0.0.0"
45.33.32.201 - - [27/Feb/2026:17:06:10 +0100] "GET /sitemap.xml HTTP/1.1" 200 3536 "https://brightmall.local/products.php" "Mozilla/5.0 (compatible; bingbot/2.0; +http://www.bing.com/bingbot.htm)"
45.33.32.201 - - [27/Feb/2026:17:06:16 +0100] "GET /wp-login.php HTTP/2.0" 404 284 "https://www.google.com/" "Mozilla/5.0 (compatible; bingbot/2.0; +http://www.bing.com/bingbot.htm)"
45.33.32.201 - - [27/Feb/2026:17:06:18 +0100] "GET /old/index.html HTTP/1.1" 404 366 "https://www.google.com/search?q=buy+electronics+online" "Mozilla/5.0 (compatible; bingbot/2.0; +http://www.bing.com/bingbot.htm)"
45.33.32.201 - - [27/Feb/2026:17:06:27 +0100] "GET /search.php?q=headphones HTTP/2.0" 200 5139 "https://www.google.com/search?q=buy+electronics+online" "Mozilla/5.0 (compatible; bingbot/2.0; +http://www.bing.com/bingbot.htm)"
78.46.91.102 - - [27/Feb/2026:17:06:29 +0100] "GET /assets/img/logo.png HTTP/2.0" 200 6570 "https://t.co/abc123" "Mozilla/5.0 (Windows NT 10.0; Win64; x64) AppleWebKit/537.36 (KHTML, like Gecko) Chrome/119.0.0.0 Safari/537.36 Edg/119.0.0.0"
104.26.10.155 - - [27/Feb/2026:17:06:31 +0100] "GET /search.php?q=shoes HTTP/1.1" 200 7992 "https://www.google.com/" "Mozilla/5.0 (Windows NT 10.0; Win64; x64) AppleWebKit/537.36 (KHTML, like Gecko) Chrome/119.0.0.0 Safari/537.36 Edg/119.0.0.0"
104.26.10.155 - - [27/Feb/2026:17:06:47 +0100] "GET /assets/js/main.js HTTP/1.1" 200 2704 "https://www.google.com/search?q=buy+electronics+online" "Mozilla/5.0 (Windows NT 10.0; Win64; x64) AppleWebKit/537.36 (KHTML, like Gecko) Chrome/119.0.0.0 Safari/537.36 Edg/119.0.0.0"
78.46.91.102 - - [27/Feb/2026:17:06:52 +0100] "GET /assets/css/bootstrap.min.css HTTP/1.1" 200 21693 "https://brightmall.local/" "Mozilla/5.0 (Windows NT 10.0; Win64; x64) AppleWebKit/537.36 (KHTML, like Gecko) Chrome/119.0.0.0 Safari/537.36 Edg/119.0.0.0"
78.46.91.102 - - [27/Feb/2026:17:07:06 +0100] "GET /assets/css/bootstrap.min.css HTTP/1.1" 200 19807 "-" "Mozilla/5.0 (Windows NT 10.0; Win64; x64) AppleWebKit/537.36 (KHTML, like Gecko) Chrome/119.0.0.0 Safari/537.36 Edg/119.0.0.0"
104.26.10.155 - - [27/Feb/2026:17:07:15 +0100] "GET /product.php?id=16 HTTP/1.1" 404 435 "-" "Mozilla/5.0 (Windows NT 10.0; Win64; x64) AppleWebKit/537.36 (KHTML, like Gecko) Chrome/119.0.0.0 Safari/537.36 Edg/119.0.0.0"
78.46.91.102 - - [27/Feb/2026:17:07:30 +0100] "GET /account/register.php HTTP/1.1" 200 2098 "https://brightmall.local/category.php?cat=electronics" "Mozilla/5.0 (Windows NT 10.0; Win64; x64) AppleWebKit/537.36 (KHTML, like Gecko) Chrome/119.0.0.0 Safari/537.36 Edg/119.0.0.0"
104.26.10.155 - - [27/Feb/2026:17:07:32 +0100] "GET /product.php?id=12 HTTP/1.1" 200 4936 "https://brightmall.local/product.php?id=3" "Mozilla/5.0 (Windows NT 10.0; Win64; x64) AppleWebKit/537.36 (KHTML, like Gecko) Chrome/119.0.0.0 Safari/537.36 Edg/119.0.0.0"
10.0.0.67 - - [27/Feb/2026:17:07:43 +0100] "GET /product.php?id=999 HTTP/1.1" 404 323 "https://brightmall.local/products.php" "Mozilla/5.0 (Macintosh; Intel Mac OS X 10_15_7) AppleWebKit/537.36 (KHTML, like Gecko) Chrome/120.0.0.0 Safari/537.36"
78.46.91.102 - - [27/Feb/2026:17:07:48 +0100] "GET / HTTP/1.1" 200 2773 "https://brightmall.local/product.php?id=3" "Mozilla/5.0 (Windows NT 10.0; Win64; x64) AppleWebKit/537.36 (KHTML, like Gecko) Chrome/119.0.0.0 Safari/537.36 Edg/119.0.0.0"
104.26.10.155 - - [27/Feb/2026:17:07:59 +0100] "GET /account/login.php HTTP/1.1" 200 1356 "https://brightmall.local/" "Mozilla/5.0 (Windows NT 10.0; Win64; x64) AppleWebKit/537.36 (KHTML, like Gecko) Chrome/119.0.0.0 Safari/537.36 Edg/119.0.0.0"
10.0.0.67 - - [27/Feb/2026:17:08:10 +0100] "GET /account/profile.php HTTP/1.1" 200 2146 "https://www.google.com/search?q=brightmall+shop" "Mozilla/5.0 (Macintosh; Intel Mac OS X 10_15_7) AppleWebKit/537.36 (KHTML, like Gecko) Chrome/120.0.0.0 Safari/537.36"
78.46.91.102 - - [27/Feb/2026:17:08:14 +0100] "GET /assets/img/products/p3.jpg HTTP/1.1" 200 42667 "-" "Mozilla/5.0 (Windows NT 10.0; Win64; x64) AppleWebKit/537.36 (KHTML, like Gecko) Chrome/119.0.0.0 Safari/537.36 Edg/119.0.0.0"
10.0.0.67 - - [27/Feb/2026:17:08:28 +0100] "GET /category.php?cat=books HTTP/1.1" 200 9898 "https://www.google.com/" "Mozilla/5.0 (Macintosh; Intel Mac OS X 10_15_7) AppleWebKit/537.36 (KHTML, like Gecko) Chrome/120.0.0.0 Safari/537.36"
78.46.91.102 - - [27/Feb/2026:17:08:29 +0100] "GET /category.php?cat=clothing HTTP/2.0" 200 10073 "https://brightmall.local/products.php" "Mozilla/5.0 (Windows NT 10.0; Win64; x64) AppleWebKit/537.36 (KHTML, like Gecko) Chrome/119.0.0.0 Safari/537.36 Edg/119.0.0.0"
78.46.91.102 - - [27/Feb/2026:17:08:40 +0100] "GET /api/products?page=1 HTTP/2.0" 200 5116 "https://www.facebook.com/" "Mozilla/5.0 (Windows NT 10.0; Win64; x64) AppleWebKit/537.36 (KHTML, like Gecko) Chrome/119.0.0.0 Safari/537.36 Edg/119.0.0.0"
10.0.0.67 - - [27/Feb/2026:17:08:45 +0100] "GET /product.php?id=20 HTTP/1.1" 200 3982 "https://www.google.com/search?q=buy+electronics+online" "Mozilla/5.0 (Macintosh; Intel Mac OS X 10_15_7) AppleWebKit/537.36 (KHTML, like Gecko) Chrome/120.0.0.0 Safari/537.36"
45.33.32.156 - - [27/Feb/2026:17:08:47 +0100] "GET /search.php?q=shoes HTTP/2.0" 200 4505 "https://brightmall.local/cart.php" "Mozilla/5.0 (Macintosh; Intel Mac OS X 10_15_7) AppleWebKit/605.1.15 (KHTML, like Gecko) Version/17.2 Safari/605.1.15"
10.0.0.67 - - [27/Feb/2026:17:08:57 +0100] "GET /account/register.php HTTP/2.0" 200 1982 "https://brightmall.local/account/login.php" "Mozilla/5.0 (Macintosh; Intel Mac OS X 10_15_7) AppleWebKit/537.36 (KHTML, like Gecko) Chrome/120.0.0.0 Safari/537.36"
10.0.0.67 - - [27/Feb/2026:17:09:12 +0100] "GET /product.php?id=7 HTTP/1.1" 200 4669 "-" "Mozilla/5.0 (Macintosh; Intel Mac OS X 10_15_7) AppleWebKit/537.36 (KHTML, like Gecko) Chrome/120.0.0.0 Safari/537.36"
45.33.32.156 - - [27/Feb/2026:17:09:14 +0100] "GET /product.php?id=5 HTTP/1.1" 200 4912 "https://www.facebook.com/" "Mozilla/5.0 (Macintosh; Intel Mac OS X 10_15_7) AppleWebKit/605.1.15 (KHTML, like Gecko) Version/17.2 Safari/605.1.15"
45.33.32.156 - - [27/Feb/2026:17:09:15 +0100] "GET /page.php?file=privacy HTTP/2.0" 200 2676 "https://brightmall.local/cart.php" "Mozilla/5.0 (Macintosh; Intel Mac OS X 10_15_7) AppleWebKit/605.1.15 (KHTML, like Gecko) Version/17.2 Safari/605.1.15"
45.33.32.156 - - [27/Feb/2026:17:09:39 +0100] "GET /page.php?file=returns HTTP/1.1" 200 1771 "https://brightmall.local/account/login.php" "Mozilla/5.0 (Macintosh; Intel Mac OS X 10_15_7) AppleWebKit/605.1.15 (KHTML, like Gecko) Version/17.2 Safari/605.1.15"
45.33.32.156 - - [27/Feb/2026:17:09:49 +0100] "GET /old/index.html HTTP/1.1" 404 405 "https://www.bing.com/" "Mozilla/5.0 (Macintosh; Intel Mac OS X 10_15_7) AppleWebKit/605.1.15 (KHTML, like Gecko) Version/17.2 Safari/605.1.15"
45.33.32.156 - - [27/Feb/2026:17:10:01 +0100] "GET /search.php?q=headphones HTTP/1.1" 200 4422 "https://brightmall.local/account/login.php" "Mozilla/5.0 (Macintosh; Intel Mac OS X 10_15_7) AppleWebKit/605.1.15 (KHTML, like Gecko) Version/17.2 Safari/605.1.15"
45.33.32.156 - - [27/Feb/2026:17:10:06 +0100] "GET /page.php?file=terms HTTP/1.1" 200 2861 "-" "Mozilla/5.0 (Macintosh; Intel Mac OS X 10_15_7) AppleWebKit/605.1.15 (KHTML, like Gecko) Version/17.2 Safari/605.1.15"
45.33.32.156 - - [27/Feb/2026:17:10:26 +0100] "GET /assets/js/jquery.min.js HTTP/1.1" 200 32768 "https://www.google.com/search?q=brightmall+shop" "Mozilla/5.0 (Macintosh; Intel Mac OS X 10_15_7) AppleWebKit/605.1.15 (KHTML, like Gecko) Version/17.2 Safari/605.1.15"
45.33.32.156 - - [27/Feb/2026:17:10:40 +0100] "GET /search.php?q=laptop HTTP/1.1" 200 5850 "https://www.bing.com/" "Mozilla/5.0 (Macintosh; Intel Mac OS X 10_15_7) AppleWebKit/605.1.15 (KHTML, like Gecko) Version/17.2 Safari/605.1.15"
91.189.92.44 - - [27/Feb/2026:17:11:58 +0100] "POST /cart.php?action=add HTTP/2.0" 302 0 "https://brightmall.local/" "Mozilla/5.0 (compatible; Googlebot/2.1; +http://www.google.com/bot.html)"
91.189.92.44 - - [27/Feb/2026:17:12:08 +0100] "GET /account/login.php HTTP/1.1" 200 1117 "https://brightmall.local/cart.php" "Mozilla/5.0 (compatible; Googlebot/2.1; +http://www.google.com/bot.html)"
91.189.92.44 - - [27/Feb/2026:17:12:27 +0100] "GET /account/profile.php HTTP/2.0" 200 2199 "https://www.bing.com/" "Mozilla/5.0 (compatible; Googlebot/2.1; +http://www.google.com/bot.html)"
91.189.92.44 - - [27/Feb/2026:17:12:49 +0100] "GET /category.php?cat=clothing HTTP/1.1" 200 11671 "https://brightmall.local/" "Mozilla/5.0 (compatible; Googlebot/2.1; +http://www.google.com/bot.html)"
91.189.92.44 - - [27/Feb/2026:17:12:52 +0100] "GET /assets/img/products/p2.jpg HTTP/1.1" 200 49818 "https://www.google.com/" "Mozilla/5.0 (compatible; Googlebot/2.1; +http://www.google.com/bot.html)"
91.189.92.44 - - [27/Feb/2026:17:13:13 +0100] "GET /product.php?id=2 HTTP/1.1" 200 3206 "https://www.google.com/search?q=brightmall+shop" "Mozilla/5.0 (compatible; Googlebot/2.1; +http://www.google.com/bot.html)"
91.189.92.44 - - [27/Feb/2026:17:13:24 +0100] "GET /account/profile.php HTTP/1.1" 200 2220 "https://www.bing.com/" "Mozilla/5.0 (compatible; Googlebot/2.1; +http://www.google.com/bot.html)"
91.189.92.44 - - [27/Feb/2026:17:13:35 +0100] "GET /product.php?id=9 HTTP/1.1" 200 3998 "https://brightmall.local/" "Mozilla/5.0 (compatible; Googlebot/2.1; +http://www.google.com/bot.html)"
91.189.92.44 - - [27/Feb/2026:17:13:58 +0100] "GET /account/login.php HTTP/1.1" 200 1027 "https://www.facebook.com/" "Mozilla/5.0 (compatible; Googlebot/2.1; +http://www.google.com/bot.html)"
91.189.92.44 - - [27/Feb/2026:17:14:00 +0100] "GET /wp-login.php HTTP/2.0" 404 314 "https://brightmall.local/cart.php" "Mozilla/5.0 (compatible; Googlebot/2.1; +http://www.google.com/bot.html)"
91.189.92.44 - - [27/Feb/2026:17:14:20 +0100] "GET /products.php HTTP/1.1" 200 14932 "https://www.google.com/search?q=buy+electronics+online" "Mozilla/5.0 (compatible; Googlebot/2.1; +http://www.google.com/bot.html)"
91.189.92.44 - - [27/Feb/2026:17:14:27 +0100] "GET /search.php?q=backpack HTTP/2.0" 200 4615 "https://www.google.com/search?q=brightmall+shop" "Mozilla/5.0 (compatible; Googlebot/2.1; +http://www.google.com/bot.html)"
91.189.92.44 - - [27/Feb/2026:17:14:35 +0100] "GET /assets/js/main.js HTTP/1.1" 200 3679 "https://www.google.com/" "Mozilla/5.0 (compatible; Googlebot/2.1; +http://www.google.com/bot.html)"
91.189.92.44 - - [27/Feb/2026:17:14:59 +0100] "GET /product.php?id=15 HTTP/1.1" 200 4741 "https://brightmall.local/" "Mozilla/5.0 (compatible; Googlebot/2.1; +http://www.google.com/bot.html)"
10.0.0.67 - - [27/Feb/2026:17:16:46 +0100] "GET /page.php?file=contact HTTP/1.1" 200 1712 "https://www.google.com/search?q=buy+electronics+online" "Mozilla/5.0 (iPhone; CPU iPhone OS 17_2 like Mac OS X) AppleWebKit/605.1.15 (KHTML, like Gecko) Version/17.2 Mobile/15E148 Safari/604.1"
10.0.0.67 - - [27/Feb/2026:17:16:58 +0100] "GET /product.php?id=15 HTTP/1.1" 200 3450 "https://www.google.com/search?q=brightmall+shop" "Mozilla/5.0 (iPhone; CPU iPhone OS 17_2 like Mac OS X) AppleWebKit/605.1.15 (KHTML, like Gecko) Version/17.2 Mobile/15E148 Safari/604.1"
10.0.0.67 - - [27/Feb/2026:17:17:25 +0100] "GET /assets/css/style.css HTTP/1.1" 200 11289 "https://t.co/abc123" "Mozilla/5.0 (iPhone; CPU iPhone OS 17_2 like Mac OS X) AppleWebKit/605.1.15 (KHTML, like Gecko) Version/17.2 Mobile/15E148 Safari/604.1"
10.0.0.67 - - [27/Feb/2026:17:17:44 +0100] "GET /.env HTTP/1.1" 404 367 "https://brightmall.local/products.php" "Mozilla/5.0 (iPhone; CPU iPhone OS 17_2 like Mac OS X) AppleWebKit/605.1.15 (KHTML, like Gecko) Version/17.2 Mobile/15E148 Safari/604.1"
10.0.0.67 - - [27/Feb/2026:17:18:08 +0100] "GET /product.php?id=3 HTTP/1.1" 200 4808 "https://brightmall.local/cart.php" "Mozilla/5.0 (iPhone; CPU iPhone OS 17_2 like Mac OS X) AppleWebKit/605.1.15 (KHTML, like Gecko) Version/17.2 Mobile/15E148 Safari/604.1"
10.0.0.67 - - [27/Feb/2026:17:18:15 +0100] "GET /page.php?file=privacy HTTP/1.1" 200 2346 "https://brightmall.local/category.php?cat=electronics" "Mozilla/5.0 (iPhone; CPU iPhone OS 17_2 like Mac OS X) AppleWebKit/605.1.15 (KHTML, like Gecko) Version/17.2 Mobile/15E148 Safari/604.1"
10.0.0.67 - - [27/Feb/2026:17:18:29 +0100] "GET /product.php?id=7 HTTP/2.0" 200 4432 "https://brightmall.local/product.php?id=3" "Mozilla/5.0 (iPhone; CPU iPhone OS 17_2 like Mac OS X) AppleWebKit/605.1.15 (KHTML, like Gecko) Version/17.2 Mobile/15E148 Safari/604.1"
100.24.56.91 - - [27/Feb/2026:17:18:37 +0100] "GET /page.php?file=privacy HTTP/1.1" 200 2980 "https://www.google.com/" "Mozilla/5.0 (compatible; bingbot/2.0; +http://www.bing.com/bingbot.htm)"
10.0.0.67 - - [27/Feb/2026:17:18:48 +0100] "GET /assets/js/main.js HTTP/1.1" 200 2854 "https://brightmall.local/" "Mozilla/5.0 (iPhone; CPU iPhone OS 17_2 like Mac OS X) AppleWebKit/605.1.15 (KHTML, like Gecko) Version/17.2 Mobile/15E148 Safari/604.1"
100.24.56.91 - - [27/Feb/2026:17:18:52 +0100] "GET /index.php HTTP/2.0" 200 3422 "https://brightmall.local/products.php" "Mozilla/5.0 (compatible; bingbot/2.0; +http://www.bing.com/bingbot.htm)"
10.0.0.67 - - [27/Feb/2026:17:19:10 +0100] "GET /assets/img/products/p4.jpg HTTP/2.0" 200 47798 "https://www.google.com/" "Mozilla/5.0 (iPhone; CPU iPhone OS 17_2 like Mac OS X) AppleWebKit/605.1.15 (KHTML, like Gecko) Version/17.2 Mobile/15E148 Safari/604.1"
100.24.56.91 - - [27/Feb/2026:17:19:16 +0100] "GET /assets/img/products/p3.jpg HTTP/1.1" 200 48932 "https://brightmall.local/cart.php" "Mozilla/5.0 (compatible; bingbot/2.0; +http://www.bing.com/bingbot.htm)"
100.24.56.91 - - [27/Feb/2026:17:19:17 +0100] "GET /api/products?page=1 HTTP/1.1" 200 6538 "https://www.google.com/search?q=brightmall+shop" "Mozilla/5.0 (compatible; bingbot/2.0; +http://www.bing.com/bingbot.htm)"
10.0.0.67 - - [27/Feb/2026:17:19:33 +0100] "GET /assets/css/bootstrap.min.css HTTP/1.1" 200 19070 "https://www.facebook.com/" "Mozilla/5.0 (iPhone; CPU iPhone OS 17_2 like Mac OS X) AppleWebKit/605.1.15 (KHTML, like Gecko) Version/17.2 Mobile/15E148 Safari/604.1"
100.24.56.91 - - [27/Feb/2026:17:19:39 +0100] "GET /search.php?q=backpack HTTP/1.1" 200 8080 "https://brightmall.local/" "Mozilla/5.0 (compatible; bingbot/2.0; +http://www.bing.com/bingbot.htm)"
100.24.56.91 - - [27/Feb/2026:17:20:01 +0100] "GET /product.php?id=2 HTTP/2.0" 200 3221 "https://brightmall.local/" "Mozilla/5.0 (compatible; bingbot/2.0; +http://www.bing.com/bingbot.htm)"
203.0.113.78 - - [27/Feb/2026:17:20:13 +0100] "GET /product.php?id=12 HTTP/1.1" 200 4190 "https://brightmall.local/product.php?id=3" "Mozilla/5.0 (Windows NT 10.0; Win64; x64) AppleWebKit/537.36 (KHTML, like Gecko) Chrome/119.0.0.0 Safari/537.36 Edg/119.0.0.0"
100.24.56.91 - - [27/Feb/2026:17:20:15 +0100] "GET /assets/css/style.css HTTP/1.1" 200 10522 "https://brightmall.local/product.php?id=3" "Mozilla/5.0 (compatible; bingbot/2.0; +http://www.bing.com/bingbot.htm)"
100.24.56.91 - - [27/Feb/2026:17:20:18 +0100] "GET /account/profile.php HTTP/2.0" 200 3019 "https://www.bing.com/" "Mozilla/5.0 (compatible; bingbot/2.0; +http://www.bing.com/bingbot.htm)"
100.24.56.91 - - [27/Feb/2026:17:20:22 +0100] "GET /assets/img/banner.jpg HTTP/2.0" 200 78319 "https://brightmall.local/category.php?cat=electronics" "Mozilla/5.0 (compatible; bingbot/2.0; +http://www.bing.com/bingbot.htm)"
100.24.56.91 - - [27/Feb/2026:17:20:28 +0100] "GET /product.php?id=15 HTTP/1.1" 200 3138 "https://t.co/abc123" "Mozilla/5.0 (compatible; bingbot/2.0; +http://www.bing.com/bingbot.htm)"
203.0.113.78 - - [27/Feb/2026:17:20:34 +0100] "GET /product.php?id=10 HTTP/1.1" 200 4833 "https://www.bing.com/" "Mozilla/5.0 (Windows NT 10.0; Win64; x64) AppleWebKit/537.36 (KHTML, like Gecko) Chrome/119.0.0.0 Safari/537.36 Edg/119.0.0.0"
203.0.113.78 - - [27/Feb/2026:17:20:52 +0100] "GET /account/login.php HTTP/1.1" 200 2029 "https://www.google.com/search?q=buy+electronics+online" "Mozilla/5.0 (Windows NT 10.0; Win64; x64) AppleWebKit/537.36 (KHTML, like Gecko) Chrome/119.0.0.0 Safari/537.36 Edg/119.0.0.0"
100.24.56.91 - - [27/Feb/2026:17:20:57 +0100] "GET /assets/img/products/p4.jpg HTTP/2.0" 200 42249 "https://www.bing.com/" "Mozilla/5.0 (compatible; bingbot/2.0; +http://www.bing.com/bingbot.htm)"
203.0.113.78 - - [27/Feb/2026:17:21:15 +0100] "GET /assets/img/logo.png HTTP/2.0" 200 5158 "-" "Mozilla/5.0 (Windows NT 10.0; Win64; x64) AppleWebKit/537.36 (KHTML, like Gecko) Chrome/119.0.0.0 Safari/537.36 Edg/119.0.0.0"
203.0.113.78 - - [27/Feb/2026:17:21:39 +0100] "GET /assets/css/style.css HTTP/1.1" 200 8683 "https://www.google.com/search?q=brightmall+shop" "Mozilla/5.0 (Windows NT 10.0; Win64; x64) AppleWebKit/537.36 (KHTML, like Gecko) Chrome/119.0.0.0 Safari/537.36 Edg/119.0.0.0"
203.0.113.78 - - [27/Feb/2026:17:21:52 +0100] "GET /page.php?file=returns HTTP/2.0" 200 1833 "https://www.google.com/" "Mozilla/5.0 (Windows NT 10.0; Win64; x64) AppleWebKit/537.36 (KHTML, like Gecko) Chrome/119.0.0.0 Safari/537.36 Edg/119.0.0.0"
78.46.91.102 - - [27/Feb/2026:17:28:04 +0100] "GET /product.php?id=1 HTTP/2.0" 200 4303 "https://brightmall.local/product.php?id=3" "Mozilla/5.0 (X11; Linux x86_64) AppleWebKit/537.36 (KHTML, like Gecko) Chrome/120.0.0.0 Safari/537.36"
78.46.91.102 - - [27/Feb/2026:17:28:10 +0100] "POST /cart.php?action=add HTTP/2.0" 302 0 "https://brightmall.local/account/login.php" "Mozilla/5.0 (X11; Linux x86_64) AppleWebKit/537.36 (KHTML, like Gecko) Chrome/120.0.0.0 Safari/537.36"
172.16.5.33 - - [27/Feb/2026:17:28:11 +0100] "GET /cart.php HTTP/1.1" 200 3648 "https://www.google.com/" "Mozilla/5.0 (Windows NT 6.1; Win64; x64) AppleWebKit/537.36 (KHTML, like Gecko) Chrome/109.0.0.0 Safari/537.36"
78.46.91.102 - - [27/Feb/2026:17:28:34 +0100] "GET /api/cart/count HTTP/1.1" 200 54 "https://www.google.com/" "Mozilla/5.0 (X11; Linux x86_64) AppleWebKit/537.36 (KHTML, like Gecko) Chrome/120.0.0.0 Safari/537.36"
172.16.5.33 - - [27/Feb/2026:17:28:36 +0100] "GET /cart.php HTTP/1.1" 200 1889 "https://www.google.com/search?q=buy+electronics+online" "Mozilla/5.0 (Windows NT 6.1; Win64; x64) AppleWebKit/537.36 (KHTML, like Gecko) Chrome/109.0.0.0 Safari/537.36"
172.16.5.33 - - [27/Feb/2026:17:28:41 +0100] "GET /assets/js/main.js HTTP/1.1" 200 4003 "https://brightmall.local/product.php?id=3" "Mozilla/5.0 (Windows NT 6.1; Win64; x64) AppleWebKit/537.36 (KHTML, like Gecko) Chrome/109.0.0.0 Safari/537.36"
172.16.5.33 - - [27/Feb/2026:17:28:43 +0100] "GET /cart.php HTTP/2.0" 200 1842 "https://brightmall.local/products.php" "Mozilla/5.0 (Windows NT 6.1; Win64; x64) AppleWebKit/537.36 (KHTML, like Gecko) Chrome/109.0.0.0 Safari/537.36"
172.16.5.33 - - [27/Feb/2026:17:28:54 +0100] "GET /page.php?file=faq HTTP/1.1" 200 2003 "https://www.google.com/search?q=brightmall+shop" "Mozilla/5.0 (Windows NT 6.1; Win64; x64) AppleWebKit/537.36 (KHTML, like Gecko) Chrome/109.0.0.0 Safari/537.36"
78.46.91.102 - - [27/Feb/2026:17:28:58 +0100] "GET /page.php?file=contact HTTP/1.1" 200 1500 "https://www.google.com/" "Mozilla/5.0 (X11; Linux x86_64) AppleWebKit/537.36 (KHTML, like Gecko) Chrome/120.0.0.0 Safari/537.36"
172.16.5.33 - - [27/Feb/2026:17:29:20 +0100] "GET /assets/img/products/p3.jpg HTTP/1.1" 200 64444 "https://www.google.com/search?q=brightmall+shop" "Mozilla/5.0 (Windows NT 6.1; Win64; x64) AppleWebKit/537.36 (KHTML, like Gecko) Chrome/109.0.0.0 Safari/537.36"
172.16.5.33 - - [27/Feb/2026:17:29:21 +0100] "GET /page.php?file=faq HTTP/1.1" 200 1774 "https://www.google.com/search?q=brightmall+shop" "Mozilla/5.0 (Windows NT 6.1; Win64; x64) AppleWebKit/537.36 (KHTML, like Gecko) Chrome/109.0.0.0 Safari/537.36"
172.16.5.33 - - [27/Feb/2026:17:29:49 +0100] "GET /assets/img/products/p2.jpg HTTP/2.0" 200 51922 "https://brightmall.local/" "Mozilla/5.0 (Windows NT 6.1; Win64; x64) AppleWebKit/537.36 (KHTML, like Gecko) Chrome/109.0.0.0 Safari/537.36"
172.16.5.33 - - [27/Feb/2026:17:30:08 +0100] "GET /sitemap.xml HTTP/1.1" 200 3017 "https://www.facebook.com/" "Mozilla/5.0 (Windows NT 6.1; Win64; x64) AppleWebKit/537.36 (KHTML, like Gecko) Chrome/109.0.0.0 Safari/537.36"
45.33.32.201 - - [27/Feb/2026:17:32:02 +0100] "GET /assets/css/bootstrap.min.css HTTP/1.1" 200 23389 "https://brightmall.local/category.php?cat=electronics" "Mozilla/5.0 (Windows NT 10.0; Win64; x64) AppleWebKit/537.36 (KHTML, like Gecko) Chrome/119.0.0.0 Safari/537.36 Edg/119.0.0.0"
45.33.32.201 - - [27/Feb/2026:17:32:20 +0100] "GET /page.php?file=shipping HTTP/1.1" 200 1380 "https://www.facebook.com/" "Mozilla/5.0 (Windows NT 10.0; Win64; x64) AppleWebKit/537.36 (KHTML, like Gecko) Chrome/119.0.0.0 Safari/537.36 Edg/119.0.0.0"
45.33.32.201 - - [27/Feb/2026:17:32:42 +0100] "GET /assets/img/banner.jpg HTTP/1.1" 200 84755 "https://brightmall.local/cart.php" "Mozilla/5.0 (Windows NT 10.0; Win64; x64) AppleWebKit/537.36 (KHTML, like Gecko) Chrome/119.0.0.0 Safari/537.36 Edg/119.0.0.0"
10.0.0.67 - - [27/Feb/2026:17:32:51 +0100] "GET /page.php?file=about HTTP/1.1" 200 1335 "https://brightmall.local/cart.php" "Mozilla/5.0 (Macintosh; Intel Mac OS X 10_15_7) AppleWebKit/605.1.15 (KHTML, like Gecko) Version/17.2 Safari/605.1.15"
45.33.32.201 - - [27/Feb/2026:17:32:56 +0100] "GET /account/login.php HTTP/1.1" 200 1974 "https://www.facebook.com/" "Mozilla/5.0 (Windows NT 10.0; Win64; x64) AppleWebKit/537.36 (KHTML, like Gecko) Chrome/119.0.0.0 Safari/537.36 Edg/119.0.0.0"
45.33.32.201 - - [27/Feb/2026:17:33:00 +0100] "GET /account/login.php HTTP/1.1" 200 1134 "https://www.google.com/search?q=brightmall+shop" "Mozilla/5.0 (Windows NT 10.0; Win64; x64) AppleWebKit/537.36 (KHTML, like Gecko) Chrome/119.0.0.0 Safari/537.36 Edg/119.0.0.0"
10.0.0.67 - - [27/Feb/2026:17:33:02 +0100] "GET / HTTP/1.1" 200 3502 "https://t.co/abc123" "Mozilla/5.0 (Macintosh; Intel Mac OS X 10_15_7) AppleWebKit/605.1.15 (KHTML, like Gecko) Version/17.2 Safari/605.1.15"
45.33.32.201 - - [27/Feb/2026:17:33:13 +0100] "GET /product.php?id=1 HTTP/2.0" 200 4427 "https://brightmall.local/category.php?cat=electronics" "Mozilla/5.0 (Windows NT 10.0; Win64; x64) AppleWebKit/537.36 (KHTML, like Gecko) Chrome/119.0.0.0 Safari/537.36 Edg/119.0.0.0"
10.0.0.67 - - [27/Feb/2026:17:33:20 +0100] "GET /assets/js/jquery.min.js HTTP/1.1" 200 32768 "https://brightmall.local/product.php?id=3" "Mozilla/5.0 (Macintosh; Intel Mac OS X 10_15_7) AppleWebKit/605.1.15 (KHTML, like Gecko) Version/17.2 Safari/605.1.15"
10.0.0.67 - - [27/Feb/2026:17:33:21 +0100] "GET /product.php?id=5 HTTP/1.1" 200 5033 "https://www.bing.com/" "Mozilla/5.0 (Macintosh; Intel Mac OS X 10_15_7) AppleWebKit/605.1.15 (KHTML, like Gecko) Version/17.2 Safari/605.1.15"
203.0.113.101 - - [27/Feb/2026:17:33:22 +0100] "GET /assets/img/banner.jpg HTTP/1.1" 200 97539 "https://www.google.com/search?q=buy+electronics+online" "Mozilla/5.0 (Linux; Android 14; Pixel 8) AppleWebKit/537.36 (KHTML, like Gecko) Chrome/120.0.0.0 Mobile Safari/537.36"
45.33.32.201 - - [27/Feb/2026:17:33:36 +0100] "GET /product.php?id=4 HTTP/1.1" 200 4136 "-" "Mozilla/5.0 (Windows NT 10.0; Win64; x64) AppleWebKit/537.36 (KHTML, like Gecko) Chrome/119.0.0.0 Safari/537.36 Edg/119.0.0.0"
104.26.10.78 - - [27/Feb/2026:17:33:42 +0100] "GET /product.php?id=5 HTTP/1.1" 200 3739 "https://www.google.com/" "Mozilla/5.0 (Windows NT 6.1; Win64; x64) AppleWebKit/537.36 (KHTML, like Gecko) Chrome/109.0.0.0 Safari/537.36"
203.0.113.101 - - [27/Feb/2026:17:33:46 +0100] "GET /products.php HTTP/2.0" 200 10691 "https://brightmall.local/cart.php" "Mozilla/5.0 (Linux; Android 14; Pixel 8) AppleWebKit/537.36 (KHTML, like Gecko) Chrome/120.0.0.0 Mobile Safari/537.36"
10.0.0.67 - - [27/Feb/2026:17:33:51 +0100] "GET /assets/js/main.js HTTP/1.1" 200 2210 "https://t.co/abc123" "Mozilla/5.0 (Macintosh; Intel Mac OS X 10_15_7) AppleWebKit/605.1.15 (KHTML, like Gecko) Version/17.2 Safari/605.1.15"
45.33.32.201 - - [27/Feb/2026:17:33:54 +0100] "GET /assets/img/products/p2.jpg HTTP/1.1" 200 36519 "https://www.google.com/" "Mozilla/5.0 (Windows NT 10.0; Win64; x64) AppleWebKit/537.36 (KHTML, like Gecko) Chrome/119.0.0.0 Safari/537.36 Edg/119.0.0.0"
45.33.32.201 - - [27/Feb/2026:17:34:00 +0100] "GET /page.php?file=contact HTTP/2.0" 200 1638 "https://brightmall.local/product.php?id=3" "Mozilla/5.0 (Windows NT 10.0; Win64; x64) AppleWebKit/537.36 (KHTML, like Gecko) Chrome/119.0.0.0 Safari/537.36 Edg/119.0.0.0"
10.0.0.67 - - [27/Feb/2026:17:34:04 +0100] "GET /account/register.php HTTP/1.1" 200 1955 "https://brightmall.local/products.php" "Mozilla/5.0 (Macintosh; Intel Mac OS X 10_15_7) AppleWebKit/605.1.15 (KHTML, like Gecko) Version/17.2 Safari/605.1.15"
203.0.113.101 - - [27/Feb/2026:17:34:06 +0100] "GET /product.php?id=12 HTTP/1.1" 200 4525 "https://www.bing.com/" "Mozilla/5.0 (Linux; Android 14; Pixel 8) AppleWebKit/537.36 (KHTML, like Gecko) Chrome/120.0.0.0 Mobile Safari/537.36"
104.26.10.78 - - [27/Feb/2026:17:34:11 +0100] "GET /old/index.html HTTP/1.1" 404 329 "https://www.bing.com/" "Mozilla/5.0 (Windows NT 6.1; Win64; x64) AppleWebKit/537.36 (KHTML, like Gecko) Chrome/109.0.0.0 Safari/537.36"
10.0.0.67 - - [27/Feb/2026:17:34:11 +0100] "GET /products.php HTTP/1.1" 200 10507 "https://brightmall.local/category.php?cat=electronics" "Mozilla/5.0 (Macintosh; Intel Mac OS X 10_15_7) AppleWebKit/605.1.15 (KHTML, like Gecko) Version/17.2 Safari/605.1.15"
45.33.32.201 - - [27/Feb/2026:17:34:14 +0100] "GET /assets/img/products/p1.jpg HTTP/1.1" 200 57824 "https://www.bing.com/" "Mozilla/5.0 (Windows NT 10.0; Win64; x64) AppleWebKit/537.36 (KHTML, like Gecko) Chrome/119.0.0.0 Safari/537.36 Edg/119.0.0.0"
10.0.0.67 - - [27/Feb/2026:17:34:17 +0100] "GET /page.php?file=faq HTTP/1.1" 200 1832 "https://brightmall.local/" "Mozilla/5.0 (Macintosh; Intel Mac OS X 10_15_7) AppleWebKit/605.1.15 (KHTML, like Gecko) Version/17.2 Safari/605.1.15"
203.0.113.101 - - [27/Feb/2026:17:34:17 +0100] "GET /assets/img/products/p3.jpg HTTP/1.1" 200 34585 "https://www.bing.com/" "Mozilla/5.0 (Linux; Android 14; Pixel 8) AppleWebKit/537.36 (KHTML, like Gecko) Chrome/120.0.0.0 Mobile Safari/537.36"
104.26.10.78 - - [27/Feb/2026:17:34:25 +0100] "GET /search.php?q=headphones HTTP/2.0" 200 7866 "https://www.bing.com/" "Mozilla/5.0 (Windows NT 6.1; Win64; x64) AppleWebKit/537.36 (KHTML, like Gecko) Chrome/109.0.0.0 Safari/537.36"
203.0.113.101 - - [27/Feb/2026:17:34:27 +0100] "GET /search.php?q=laptop HTTP/1.1" 200 8005 "https://brightmall.local/cart.php" "Mozilla/5.0 (Linux; Android 14; Pixel 8) AppleWebKit/537.36 (KHTML, like Gecko) Chrome/120.0.0.0 Mobile Safari/537.36"
10.0.0.67 - - [27/Feb/2026:17:34:30 +0100] "GET /assets/css/bootstrap.min.css HTTP/1.1" 200 22525 "https://www.bing.com/" "Mozilla/5.0 (Macintosh; Intel Mac OS X 10_15_7) AppleWebKit/605.1.15 (KHTML, like Gecko) Version/17.2 Safari/605.1.15"
45.33.32.201 - - [27/Feb/2026:17:34:30 +0100] "GET /page.php?file=about HTTP/1.1" 200 1169 "https://www.facebook.com/" "Mozilla/5.0 (Windows NT 10.0; Win64; x64) AppleWebKit/537.36 (KHTML, like Gecko) Chrome/119.0.0.0 Safari/537.36 Edg/119.0.0.0"
203.0.113.101 - - [27/Feb/2026:17:34:35 +0100] "GET /page.php?file=contact HTTP/2.0" 200 1634 "https://www.google.com/search?q=brightmall+shop" "Mozilla/5.0 (Linux; Android 14; Pixel 8) AppleWebKit/537.36 (KHTML, like Gecko) Chrome/120.0.0.0 Mobile Safari/537.36"
104.26.10.78 - - [27/Feb/2026:17:34:44 +0100] "GET /index.php HTTP/1.1" 200 3926 "https://www.google.com/" "Mozilla/5.0 (Windows NT 6.1; Win64; x64) AppleWebKit/537.36 (KHTML, like Gecko) Chrome/109.0.0.0 Safari/537.36"
104.26.10.78 - - [27/Feb/2026:17:34:46 +0100] "GET /cart.php HTTP/1.1" 200 3659 "https://www.bing.com/" "Mozilla/5.0 (Windows NT 6.1; Win64; x64) AppleWebKit/537.36 (KHTML, like Gecko) Chrome/109.0.0.0 Safari/537.36"
10.0.0.67 - - [27/Feb/2026:17:34:56 +0100] "GET /search.php?q=headphones HTTP/1.1" 200 5619 "https://www.google.com/search?q=buy+electronics+online" "Mozilla/5.0 (Macintosh; Intel Mac OS X 10_15_7) AppleWebKit/605.1.15 (KHTML, like Gecko) Version/17.2 Safari/605.1.15"
203.0.113.101 - - [27/Feb/2026:17:35:03 +0100] "GET /assets/js/main.js HTTP/1.1" 200 2741 "https://brightmall.local/cart.php" "Mozilla/5.0 (Linux; Android 14; Pixel 8) AppleWebKit/537.36 (KHTML, like Gecko) Chrome/120.0.0.0 Mobile Safari/537.36"
10.0.0.67 - - [27/Feb/2026:17:35:07 +0100] "GET /api/cart/count HTTP/1.1" 200 43 "https://www.bing.com/" "Mozilla/5.0 (Macintosh; Intel Mac OS X 10_15_7) AppleWebKit/605.1.15 (KHTML, like Gecko) Version/17.2 Safari/605.1.15"
104.26.10.78 - - [27/Feb/2026:17:35:15 +0100] "GET /page.php?file=privacy HTTP/1.1" 200 2528 "https://brightmall.local/category.php?cat=electronics" "Mozilla/5.0 (Windows NT 6.1; Win64; x64) AppleWebKit/537.36 (KHTML, like Gecko) Chrome/109.0.0.0 Safari/537.36"
203.0.113.101 - - [27/Feb/2026:17:35:20 +0100] "GET /api/cart/count HTTP/2.0" 200 37 "https://brightmall.local/products.php" "Mozilla/5.0 (Linux; Android 14; Pixel 8) AppleWebKit/537.36 (KHTML, like Gecko) Chrome/120.0.0.0 Mobile Safari/537.36"
203.0.113.101 - - [27/Feb/2026:17:35:24 +0100] "GET /assets/img/products/p1.jpg HTTP/1.1" 200 36443 "https://brightmall.local/" "Mozilla/5.0 (Linux; Android 14; Pixel 8) AppleWebKit/537.36 (KHTML, like Gecko) Chrome/120.0.0.0 Mobile Safari/537.36"
203.0.113.101 - - [27/Feb/2026:17:35:25 +0100] "GET /product.php?id=5 HTTP/2.0" 200 3147 "https://brightmall.local/products.php" "Mozilla/5.0 (Linux; Android 14; Pixel 8) AppleWebKit/537.36 (KHTML, like Gecko) Chrome/120.0.0.0 Mobile Safari/537.36"
104.26.10.78 - - [27/Feb/2026:17:35:27 +0100] "GET /assets/img/logo.png HTTP/1.1" 200 5651 "https://www.facebook.com/" "Mozilla/5.0 (Windows NT 6.1; Win64; x64) AppleWebKit/537.36 (KHTML, like Gecko) Chrome/109.0.0.0 Safari/537.36"
10.0.0.67 - - [27/Feb/2026:17:35:31 +0100] "GET /search.php?q=headphones HTTP/1.1" 200 6909 "https://www.bing.com/" "Mozilla/5.0 (Macintosh; Intel Mac OS X 10_15_7) AppleWebKit/605.1.15 (KHTML, like Gecko) Version/17.2 Safari/605.1.15"
104.26.10.78 - - [27/Feb/2026:17:35:35 +0100] "POST /account/login.php HTTP/1.1" 302 0 "https://brightmall.local/account/login.php" "Mozilla/5.0 (Windows NT 6.1; Win64; x64) AppleWebKit/537.36 (KHTML, like Gecko) Chrome/109.0.0.0 Safari/537.36"
10.0.0.67 - - [27/Feb/2026:17:35:36 +0100] "GET / HTTP/1.1" 200 2117 "https://www.facebook.com/" "Mozilla/5.0 (Macintosh; Intel Mac OS X 10_15_7) AppleWebKit/605.1.15 (KHTML, like Gecko) Version/17.2 Safari/605.1.15"
203.0.113.101 - - [27/Feb/2026:17:35:49 +0100] "GET /assets/img/banner.jpg HTTP/1.1" 200 72342 "https://brightmall.local/category.php?cat=electronics" "Mozilla/5.0 (Linux; Android 14; Pixel 8) AppleWebKit/537.36 (KHTML, like Gecko) Chrome/120.0.0.0 Mobile Safari/537.36"
198.51.100.130 - - [27/Feb/2026:17:36:27 +0100] "GET /assets/js/jquery.min.js HTTP/1.1" 200 32768 "https://brightmall.local/" "Mozilla/5.0 (iPhone; CPU iPhone OS 17_2 like Mac OS X) AppleWebKit/605.1.15 (KHTML, like Gecko) Version/17.2 Mobile/15E148 Safari/604.1"
198.51.100.130 - - [27/Feb/2026:17:36:28 +0100] "GET /assets/js/jquery.min.js HTTP/1.1" 200 32768 "https://www.google.com/search?q=buy+electronics+online" "Mozilla/5.0 (iPhone; CPU iPhone OS 17_2 like Mac OS X) AppleWebKit/605.1.15 (KHTML, like Gecko) Version/17.2 Mobile/15E148 Safari/604.1"
192.168.1.105 - - [27/Feb/2026:17:36:34 +0100] "GET /assets/img/products/p2.jpg HTTP/1.1" 200 63389 "https://www.facebook.com/" "Mozilla/5.0 (Windows NT 10.0; Win64; x64) AppleWebKit/537.36 (KHTML, like Gecko) Chrome/119.0.0.0 Safari/537.36 Edg/119.0.0.0"
192.168.1.105 - - [27/Feb/2026:17:36:44 +0100] "GET /assets/img/products/p1.jpg HTTP/2.0" 200 52030 "https://brightmall.local/" "Mozilla/5.0 (Windows NT 10.0; Win64; x64) AppleWebKit/537.36 (KHTML, like Gecko) Chrome/119.0.0.0 Safari/537.36 Edg/119.0.0.0"
198.51.100.130 - - [27/Feb/2026:17:36:55 +0100] "GET /assets/img/logo.png HTTP/1.1" 200 4992 "https://brightmall.local/" "Mozilla/5.0 (iPhone; CPU iPhone OS 17_2 like Mac OS X) AppleWebKit/605.1.15 (KHTML, like Gecko) Version/17.2 Mobile/15E148 Safari/604.1"
198.51.100.130 - - [27/Feb/2026:17:37:04 +0100] "GET /category.php?cat=home HTTP/2.0" 200 9732 "https://brightmall.local/account/login.php" "Mozilla/5.0 (iPhone; CPU iPhone OS 17_2 like Mac OS X) AppleWebKit/605.1.15 (KHTML, like Gecko) Version/17.2 Mobile/15E148 Safari/604.1"
192.168.1.105 - - [27/Feb/2026:17:37:05 +0100] "POST /account/login.php HTTP/1.1" 302 0 "https://brightmall.local/products.php" "Mozilla/5.0 (Windows NT 10.0; Win64; x64) AppleWebKit/537.36 (KHTML, like Gecko) Chrome/119.0.0.0 Safari/537.36 Edg/119.0.0.0"
192.168.1.105 - - [27/Feb/2026:17:37:14 +0100] "GET /products.php HTTP/1.1" 200 10342 "-" "Mozilla/5.0 (Windows NT 10.0; Win64; x64) AppleWebKit/537.36 (KHTML, like Gecko) Chrome/119.0.0.0 Safari/537.36 Edg/119.0.0.0"
198.51.100.130 - - [27/Feb/2026:17:37:16 +0100] "GET /category.php?cat=clothing HTTP/1.1" 200 8755 "https://www.facebook.com/" "Mozilla/5.0 (iPhone; CPU iPhone OS 17_2 like Mac OS X) AppleWebKit/605.1.15 (KHTML, like Gecko) Version/17.2 Mobile/15E148 Safari/604.1"
192.168.1.105 - - [27/Feb/2026:17:37:29 +0100] "GET /category.php?cat=electronics HTTP/2.0" 200 7832 "https://brightmall.local/account/login.php" "Mozilla/5.0 (Windows NT 10.0; Win64; x64) AppleWebKit/537.36 (KHTML, like Gecko) Chrome/119.0.0.0 Safari/537.36 Edg/119.0.0.0"
198.51.100.130 - - [27/Feb/2026:17:37:46 +0100] "GET /category.php?cat=home HTTP/1.1" 200 11638 "https://brightmall.local/products.php" "Mozilla/5.0 (iPhone; CPU iPhone OS 17_2 like Mac OS X) AppleWebKit/605.1.15 (KHTML, like Gecko) Version/17.2 Mobile/15E148 Safari/604.1"
192.168.1.105 - - [27/Feb/2026:17:37:47 +0100] "GET /assets/css/style.css HTTP/2.0" 200 9657 "https://www.facebook.com/" "Mozilla/5.0 (Windows NT 10.0; Win64; x64) AppleWebKit/537.36 (KHTML, like Gecko) Chrome/119.0.0.0 Safari/537.36 Edg/119.0.0.0"
192.168.1.105 - - [27/Feb/2026:17:38:01 +0100] "GET /assets/img/products/p4.jpg HTTP/1.1" 200 63769 "https://www.facebook.com/" "Mozilla/5.0 (Windows NT 10.0; Win64; x64) AppleWebKit/537.36 (KHTML, like Gecko) Chrome/119.0.0.0 Safari/537.36 Edg/119.0.0.0"
198.51.100.130 - - [27/Feb/2026:17:38:13 +0100] "GET /page.php?file=terms HTTP/1.1" 200 2051 "https://brightmall.local/category.php?cat=electronics" "Mozilla/5.0 (iPhone; CPU iPhone OS 17_2 like Mac OS X) AppleWebKit/605.1.15 (KHTML, like Gecko) Version/17.2 Mobile/15E148 Safari/604.1"
192.168.1.105 - - [27/Feb/2026:17:38:14 +0100] "GET /assets/css/bootstrap.min.css HTTP/1.1" 200 16484 "-" "Mozilla/5.0 (Windows NT 10.0; Win64; x64) AppleWebKit/537.36 (KHTML, like Gecko) Chrome/119.0.0.0 Safari/537.36 Edg/119.0.0.0"
198.51.100.130 - - [27/Feb/2026:17:38:16 +0100] "GET /api/cart/count HTTP/1.1" 200 53 "https://t.co/abc123" "Mozilla/5.0 (iPhone; CPU iPhone OS 17_2 like Mac OS X) AppleWebKit/605.1.15 (KHTML, like Gecko) Version/17.2 Mobile/15E148 Safari/604.1"
192.168.1.105 - - [27/Feb/2026:17:38:38 +0100] "GET /search.php?q=laptop HTTP/1.1" 200 5269 "-" "Mozilla/5.0 (Windows NT 10.0; Win64; x64) AppleWebKit/537.36 (KHTML, like Gecko) Chrome/119.0.0.0 Safari/537.36 Edg/119.0.0.0"
192.168.1.105 - - [27/Feb/2026:17:38:39 +0100] "GET /search.php?q=laptop HTTP/1.1" 200 8151 "https://brightmall.local/" "Mozilla/5.0 (Windows NT 10.0; Win64; x64) AppleWebKit/537.36 (KHTML, like Gecko) Chrome/119.0.0.0 Safari/537.36 Edg/119.0.0.0"
198.51.100.130 - - [27/Feb/2026:17:38:43 +0100] "GET /assets/css/bootstrap.min.css HTTP/1.1" 200 23432 "https://brightmall.local/cart.php" "Mozilla/5.0 (iPhone; CPU iPhone OS 17_2 like Mac OS X) AppleWebKit/605.1.15 (KHTML, like Gecko) Version/17.2 Mobile/15E148 Safari/604.1"
192.168.1.105 - - [27/Feb/2026:17:38:46 +0100] "GET /category.php?cat=clothing HTTP/1.1" 200 9170 "https://brightmall.local/account/login.php" "Mozilla/5.0 (Windows NT 10.0; Win64; x64) AppleWebKit/537.36 (KHTML, like Gecko) Chrome/119.0.0.0 Safari/537.36 Edg/119.0.0.0"
192.168.1.105 - - [27/Feb/2026:17:38:57 +0100] "GET /page.php?file=shipping HTTP/1.1" 200 1024 "-" "Mozilla/5.0 (Windows NT 10.0; Win64; x64) AppleWebKit/537.36 (KHTML, like Gecko) Chrome/119.0.0.0 Safari/537.36 Edg/119.0.0.0"
198.51.100.130 - - [27/Feb/2026:17:38:59 +0100] "GET /product.php?id=7 HTTP/2.0" 200 3693 "https://t.co/abc123" "Mozilla/5.0 (iPhone; CPU iPhone OS 17_2 like Mac OS X) AppleWebKit/605.1.15 (KHTML, like Gecko) Version/17.2 Mobile/15E148 Safari/604.1"
192.168.1.105 - - [27/Feb/2026:17:39:02 +0100] "GET /assets/img/products/p4.jpg HTTP/1.1" 200 45751 "https://brightmall.local/account/login.php" "Mozilla/5.0 (Windows NT 10.0; Win64; x64) AppleWebKit/537.36 (KHTML, like Gecko) Chrome/119.0.0.0 Safari/537.36 Edg/119.0.0.0"
192.168.1.105 - - [27/Feb/2026:17:39:06 +0100] "GET /assets/img/products/p2.jpg HTTP/1.1" 200 60849 "https://www.google.com/search?q=buy+electronics+online" "Mozilla/5.0 (Windows NT 10.0; Win64; x64) AppleWebKit/537.36 (KHTML, like Gecko) Chrome/119.0.0.0 Safari/537.36 Edg/119.0.0.0"
104.26.10.155 - - [27/Feb/2026:17:39:10 +0100] "GET /page.php?file=privacy HTTP/1.1" 200 2877 "https://brightmall.local/" "Mozilla/5.0 (Macintosh; Intel Mac OS X 10_15_7) AppleWebKit/605.1.15 (KHTML, like Gecko) Version/17.2 Safari/605.1.15"
192.168.1.105 - - [27/Feb/2026:17:39:17 +0100] "GET /product.php?id=2 HTTP/1.1" 200 3960 "https://www.google.com/" "Mozilla/5.0 (Windows NT 10.0; Win64; x64) AppleWebKit/537.36 (KHTML, like Gecko) Chrome/119.0.0.0 Safari/537.36 Edg/119.0.0.0"
104.26.10.155 - - [27/Feb/2026:17:39:37 +0100] "GET /search.php?q=laptop HTTP/1.1" 200 6899 "https://www.google.com/" "Mozilla/5.0 (Macintosh; Intel Mac OS X 10_15_7) AppleWebKit/605.1.15 (KHTML, like Gecko) Version/17.2 Safari/605.1.15"
104.26.10.155 - - [27/Feb/2026:17:39:48 +0100] "GET /category.php?cat=electronics HTTP/1.1" 200 6988 "https://brightmall.local/cart.php" "Mozilla/5.0 (Macintosh; Intel Mac OS X 10_15_7) AppleWebKit/605.1.15 (KHTML, like Gecko) Version/17.2 Safari/605.1.15"
104.26.10.155 - - [27/Feb/2026:17:40:13 +0100] "GET /category.php?cat=electronics HTTP/1.1" 200 11391 "https://www.google.com/search?q=buy+electronics+online" "Mozilla/5.0 (Macintosh; Intel Mac OS X 10_15_7) AppleWebKit/605.1.15 (KHTML, like Gecko) Version/17.2 Safari/605.1.15"
104.26.10.155 - - [27/Feb/2026:17:40:31 +0100] "GET /category.php?cat=clothing HTTP/1.1" 200 6262 "https://www.google.com/search?q=brightmall+shop" "Mozilla/5.0 (Macintosh; Intel Mac OS X 10_15_7) AppleWebKit/605.1.15 (KHTML, like Gecko) Version/17.2 Safari/605.1.15"
104.26.10.155 - - [27/Feb/2026:17:40:43 +0100] "GET /products.php HTTP/1.1" 200 8803 "https://brightmall.local/account/login.php" "Mozilla/5.0 (Macintosh; Intel Mac OS X 10_15_7) AppleWebKit/605.1.15 (KHTML, like Gecko) Version/17.2 Safari/605.1.15"
